 VCU_CS75_12_27_test_sfun

 Timestamp is 5fec0288 (Wed Dec 30 12:31:04 2020)

 Preferred load address is 0000000180000000

 Start         Length     Name                   Class
 0001:00000000 00058c04H .text                   CODE
 0001:00058c10 00000092H .text$x                 CODE
 0002:00000000 00000488H .idata$5                DATA
 0002:00000488 00000008H .CRT$XCA                DATA
 0002:00000490 00000008H .CRT$XCZ                DATA
 0002:00000498 00000008H .CRT$XIA                DATA
 0002:000004a0 00000008H .CRT$XIAA               DATA
 0002:000004a8 00000008H .CRT$XIZ                DATA
 0002:000004b0 00000904H .rdata                  DATA
 0002:00000db8 00000008H .rtc$IAA                DATA
 0002:00000dc0 00000008H .rtc$IZZ                DATA
 0002:00000dc8 00000008H .rtc$TAA                DATA
 0002:00000dd0 00000008H .rtc$TZZ                DATA
 0002:00000dd8 00001ec0H .xdata                  DATA
 0002:00002c98 0000008cH .idata$2                DATA
 0002:00002d24 00000014H .idata$3                DATA
 0002:00002d38 00000488H .idata$4                DATA
 0002:000031c0 00000cc2H .idata$6                DATA
 0002:00003e90 0000005eH .edata                  DATA
 0003:00000000 0000c478H .data                   DATA
 0003:0000c480 00000768H .bss                    DATA
 0004:00000000 00002b38H .pdata                  DATA

  Address         Publics by Value              Rva+Base               Lib:Object

 0000:00000000       ___safe_se_handler_count   0000000000000000     <absolute>
 0000:00000000       ___safe_se_handler_table   0000000000000000     <absolute>
 0000:00000000       __ImageBase                0000000180000000     <linker-defined>
 0001:00000000       VCU_CS75_12_27_test_initializer 0000000180001000 f   VCU_CS75_12_27_test_sfun.obj
 0001:00000010       VCU_CS75_12_27_test_terminator 0000000180001010 f   VCU_CS75_12_27_test_sfun.obj
 0001:00000020       sf_VCU_CS75_12_27_test_method_dispatcher 0000000180001020 f   VCU_CS75_12_27_test_sfun.obj
 0001:00000380       sf_VCU_CS75_12_27_test_process_check_sum_call 0000000180001380 f   VCU_CS75_12_27_test_sfun.obj
 0001:00000970       sf_VCU_CS75_12_27_test_autoinheritance_info 0000000180001970 f   VCU_CS75_12_27_test_sfun.obj
 0001:00001180       sf_VCU_CS75_12_27_test_get_eml_resolved_functions_info 0000000180002180 f   VCU_CS75_12_27_test_sfun.obj
 0001:00001800       sf_VCU_CS75_12_27_test_third_party_uses_info 0000000180002800 f   VCU_CS75_12_27_test_sfun.obj
 0001:00001d90       sf_VCU_CS75_12_27_test_updateBuildInfo_args_info 0000000180002d90 f   VCU_CS75_12_27_test_sfun.obj
 0001:00002320       VCU_CS75_12_27_test_debug_initialize 0000000180003320 f   VCU_CS75_12_27_test_sfun.obj
 0001:000023a0       VCU_CS75_12_27_test_register_exported_symbols 00000001800033a0 f   VCU_CS75_12_27_test_sfun.obj
 0001:000023b0       load_VCU_CS75_12_27_test_optimization_info 00000001800033b0 f   VCU_CS75_12_27_test_sfun.obj
 0001:00002400       unload_VCU_CS75_12_27_test_optimization_info 0000000180003400 f   VCU_CS75_12_27_test_sfun.obj
 0001:00002430       sf_c1_VCU_CS75_12_27_test_get_eml_resolved_functions_info 0000000180003430 f   c1_VCU_CS75_12_27_test.obj
 0001:000024b0       sf_c1_VCU_CS75_12_27_test_get_check_sum 00000001800034b0 f   c1_VCU_CS75_12_27_test.obj
 0001:00002530       sf_c1_VCU_CS75_12_27_test_get_autoinheritance_info 0000000180003530 f   c1_VCU_CS75_12_27_test.obj
 0001:00002bf0       sf_c1_VCU_CS75_12_27_test_third_party_uses_info 0000000180003bf0 f   c1_VCU_CS75_12_27_test.obj
 0001:00002c20       sf_c1_VCU_CS75_12_27_test_updateBuildInfo_args_info 0000000180003c20 f   c1_VCU_CS75_12_27_test.obj
 0001:00002c50       sf_internal_get_sim_state_c1_VCU_CS75_12_27_test 0000000180003c50 f   c1_VCU_CS75_12_27_test.obj
 0001:00003080       sf_internal_set_sim_state_c1_VCU_CS75_12_27_test 0000000180004080 f   c1_VCU_CS75_12_27_test.obj
 0001:000034b0       c1_VCU_CS75_12_27_test_method_dispatcher 00000001800044b0 f   c1_VCU_CS75_12_27_test.obj
 0001:00005920       sf_c2_VCU_CS75_12_27_test_get_eml_resolved_functions_info 0000000180006920 f   c2_VCU_CS75_12_27_test.obj
 0001:000059a0       sf_c2_VCU_CS75_12_27_test_get_check_sum 00000001800069a0 f   c2_VCU_CS75_12_27_test.obj
 0001:00005a20       sf_c2_VCU_CS75_12_27_test_get_autoinheritance_info 0000000180006a20 f   c2_VCU_CS75_12_27_test.obj
 0001:00006360       sf_c2_VCU_CS75_12_27_test_third_party_uses_info 0000000180007360 f   c2_VCU_CS75_12_27_test.obj
 0001:00006390       sf_c2_VCU_CS75_12_27_test_updateBuildInfo_args_info 0000000180007390 f   c2_VCU_CS75_12_27_test.obj
 0001:000063c0       sf_internal_get_sim_state_c2_VCU_CS75_12_27_test 00000001800073c0 f   c2_VCU_CS75_12_27_test.obj
 0001:000067f0       sf_internal_set_sim_state_c2_VCU_CS75_12_27_test 00000001800077f0 f   c2_VCU_CS75_12_27_test.obj
 0001:00006c20       c2_VCU_CS75_12_27_test_method_dispatcher 0000000180007c20 f   c2_VCU_CS75_12_27_test.obj
 0001:000092e0       sf_c3_VCU_CS75_12_27_test_get_eml_resolved_functions_info 000000018000a2e0 f   c3_VCU_CS75_12_27_test.obj
 0001:00009360       sf_c3_VCU_CS75_12_27_test_get_check_sum 000000018000a360 f   c3_VCU_CS75_12_27_test.obj
 0001:000093e0       sf_c3_VCU_CS75_12_27_test_get_autoinheritance_info 000000018000a3e0 f   c3_VCU_CS75_12_27_test.obj
 0001:00009d20       sf_c3_VCU_CS75_12_27_test_third_party_uses_info 000000018000ad20 f   c3_VCU_CS75_12_27_test.obj
 0001:00009d50       sf_c3_VCU_CS75_12_27_test_updateBuildInfo_args_info 000000018000ad50 f   c3_VCU_CS75_12_27_test.obj
 0001:00009d80       sf_internal_get_sim_state_c3_VCU_CS75_12_27_test 000000018000ad80 f   c3_VCU_CS75_12_27_test.obj
 0001:0000a1b0       sf_internal_set_sim_state_c3_VCU_CS75_12_27_test 000000018000b1b0 f   c3_VCU_CS75_12_27_test.obj
 0001:0000a5e0       c3_VCU_CS75_12_27_test_method_dispatcher 000000018000b5e0 f   c3_VCU_CS75_12_27_test.obj
 0001:0000cca0       sf_c4_VCU_CS75_12_27_test_get_eml_resolved_functions_info 000000018000dca0 f   c4_VCU_CS75_12_27_test.obj
 0001:0000cd20       sf_c4_VCU_CS75_12_27_test_get_check_sum 000000018000dd20 f   c4_VCU_CS75_12_27_test.obj
 0001:0000cda0       sf_c4_VCU_CS75_12_27_test_get_autoinheritance_info 000000018000dda0 f   c4_VCU_CS75_12_27_test.obj
 0001:0000d960       sf_c4_VCU_CS75_12_27_test_third_party_uses_info 000000018000e960 f   c4_VCU_CS75_12_27_test.obj
 0001:0000d990       sf_c4_VCU_CS75_12_27_test_updateBuildInfo_args_info 000000018000e990 f   c4_VCU_CS75_12_27_test.obj
 0001:0000d9c0       sf_internal_get_sim_state_c4_VCU_CS75_12_27_test 000000018000e9c0 f   c4_VCU_CS75_12_27_test.obj
 0001:0000de60       sf_internal_set_sim_state_c4_VCU_CS75_12_27_test 000000018000ee60 f   c4_VCU_CS75_12_27_test.obj
 0001:0000eaf0       c4_VCU_CS75_12_27_test_method_dispatcher 000000018000faf0 f   c4_VCU_CS75_12_27_test.obj
 0001:00016b50       sf_c6_VCU_CS75_12_27_test_get_eml_resolved_functions_info 0000000180017b50 f   c6_VCU_CS75_12_27_test.obj
 0001:00016bd0       sf_c6_VCU_CS75_12_27_test_get_check_sum 0000000180017bd0 f   c6_VCU_CS75_12_27_test.obj
 0001:00016c50       sf_c6_VCU_CS75_12_27_test_get_autoinheritance_info 0000000180017c50 f   c6_VCU_CS75_12_27_test.obj
 0001:00017070       sf_c6_VCU_CS75_12_27_test_third_party_uses_info 0000000180018070 f   c6_VCU_CS75_12_27_test.obj
 0001:000170a0       sf_c6_VCU_CS75_12_27_test_updateBuildInfo_args_info 00000001800180a0 f   c6_VCU_CS75_12_27_test.obj
 0001:000170d0       sf_internal_get_sim_state_c6_VCU_CS75_12_27_test 00000001800180d0 f   c6_VCU_CS75_12_27_test.obj
 0001:00017430       sf_internal_set_sim_state_c6_VCU_CS75_12_27_test 0000000180018430 f   c6_VCU_CS75_12_27_test.obj
 0001:00017820       c6_VCU_CS75_12_27_test_method_dispatcher 0000000180018820 f   c6_VCU_CS75_12_27_test.obj
 0001:00019390       sf_c7_VCU_CS75_12_27_test_get_eml_resolved_functions_info 000000018001a390 f   c7_VCU_CS75_12_27_test.obj
 0001:00019410       sf_c7_VCU_CS75_12_27_test_get_check_sum 000000018001a410 f   c7_VCU_CS75_12_27_test.obj
 0001:00019490       sf_c7_VCU_CS75_12_27_test_get_autoinheritance_info 000000018001a490 f   c7_VCU_CS75_12_27_test.obj
 0001:000198b0       sf_c7_VCU_CS75_12_27_test_third_party_uses_info 000000018001a8b0 f   c7_VCU_CS75_12_27_test.obj
 0001:000198e0       sf_c7_VCU_CS75_12_27_test_updateBuildInfo_args_info 000000018001a8e0 f   c7_VCU_CS75_12_27_test.obj
 0001:00019910       sf_internal_get_sim_state_c7_VCU_CS75_12_27_test 000000018001a910 f   c7_VCU_CS75_12_27_test.obj
 0001:00019c70       sf_internal_set_sim_state_c7_VCU_CS75_12_27_test 000000018001ac70 f   c7_VCU_CS75_12_27_test.obj
 0001:0001a060       c7_VCU_CS75_12_27_test_method_dispatcher 000000018001b060 f   c7_VCU_CS75_12_27_test.obj
 0001:0001bbd0       sf_c8_VCU_CS75_12_27_test_get_eml_resolved_functions_info 000000018001cbd0 f   c8_VCU_CS75_12_27_test.obj
 0001:0001bc50       sf_c8_VCU_CS75_12_27_test_get_check_sum 000000018001cc50 f   c8_VCU_CS75_12_27_test.obj
 0001:0001bcd0       sf_c8_VCU_CS75_12_27_test_get_autoinheritance_info 000000018001ccd0 f   c8_VCU_CS75_12_27_test.obj
 0001:0001c240       sf_c8_VCU_CS75_12_27_test_third_party_uses_info 000000018001d240 f   c8_VCU_CS75_12_27_test.obj
 0001:0001c270       sf_c8_VCU_CS75_12_27_test_updateBuildInfo_args_info 000000018001d270 f   c8_VCU_CS75_12_27_test.obj
 0001:0001c2a0       sf_internal_get_sim_state_c8_VCU_CS75_12_27_test 000000018001d2a0 f   c8_VCU_CS75_12_27_test.obj
 0001:0001c600       sf_internal_set_sim_state_c8_VCU_CS75_12_27_test 000000018001d600 f   c8_VCU_CS75_12_27_test.obj
 0001:0001c9f0       c8_VCU_CS75_12_27_test_method_dispatcher 000000018001d9f0 f   c8_VCU_CS75_12_27_test.obj
 0001:0001ea70       sf_c9_VCU_CS75_12_27_test_get_eml_resolved_functions_info 000000018001fa70 f   c9_VCU_CS75_12_27_test.obj
 0001:0001eaf0       sf_c9_VCU_CS75_12_27_test_get_check_sum 000000018001faf0 f   c9_VCU_CS75_12_27_test.obj
 0001:0001eb70       sf_c9_VCU_CS75_12_27_test_get_autoinheritance_info 000000018001fb70 f   c9_VCU_CS75_12_27_test.obj
 0001:0001f0e0       sf_c9_VCU_CS75_12_27_test_third_party_uses_info 00000001800200e0 f   c9_VCU_CS75_12_27_test.obj
 0001:0001f110       sf_c9_VCU_CS75_12_27_test_updateBuildInfo_args_info 0000000180020110 f   c9_VCU_CS75_12_27_test.obj
 0001:0001f140       sf_internal_get_sim_state_c9_VCU_CS75_12_27_test 0000000180020140 f   c9_VCU_CS75_12_27_test.obj
 0001:0001f4b0       sf_internal_set_sim_state_c9_VCU_CS75_12_27_test 00000001800204b0 f   c9_VCU_CS75_12_27_test.obj
 0001:0001f8a0       c9_VCU_CS75_12_27_test_method_dispatcher 00000001800208a0 f   c9_VCU_CS75_12_27_test.obj
 0001:00021900       sf_c10_VCU_CS75_12_27_test_get_eml_resolved_functions_info 0000000180022900 f   c10_VCU_CS75_12_27_test.obj
 0001:00021980       sf_c10_VCU_CS75_12_27_test_get_check_sum 0000000180022980 f   c10_VCU_CS75_12_27_test.obj
 0001:00021a00       sf_c10_VCU_CS75_12_27_test_get_autoinheritance_info 0000000180022a00 f   c10_VCU_CS75_12_27_test.obj
 0001:00021f70       sf_c10_VCU_CS75_12_27_test_third_party_uses_info 0000000180022f70 f   c10_VCU_CS75_12_27_test.obj
 0001:00021fa0       sf_c10_VCU_CS75_12_27_test_updateBuildInfo_args_info 0000000180022fa0 f   c10_VCU_CS75_12_27_test.obj
 0001:00021fd0       sf_internal_get_sim_state_c10_VCU_CS75_12_27_test 0000000180022fd0 f   c10_VCU_CS75_12_27_test.obj
 0001:00022330       sf_internal_set_sim_state_c10_VCU_CS75_12_27_test 0000000180023330 f   c10_VCU_CS75_12_27_test.obj
 0001:00022720       c10_VCU_CS75_12_27_test_method_dispatcher 0000000180023720 f   c10_VCU_CS75_12_27_test.obj
 0001:00024780       sf_c11_VCU_CS75_12_27_test_get_eml_resolved_functions_info 0000000180025780 f   c11_VCU_CS75_12_27_test.obj
 0001:00024800       sf_c11_VCU_CS75_12_27_test_get_check_sum 0000000180025800 f   c11_VCU_CS75_12_27_test.obj
 0001:00024880       sf_c11_VCU_CS75_12_27_test_get_autoinheritance_info 0000000180025880 f   c11_VCU_CS75_12_27_test.obj
 0001:00024df0       sf_c11_VCU_CS75_12_27_test_third_party_uses_info 0000000180025df0 f   c11_VCU_CS75_12_27_test.obj
 0001:00024e20       sf_c11_VCU_CS75_12_27_test_updateBuildInfo_args_info 0000000180025e20 f   c11_VCU_CS75_12_27_test.obj
 0001:00024e50       sf_internal_get_sim_state_c11_VCU_CS75_12_27_test 0000000180025e50 f   c11_VCU_CS75_12_27_test.obj
 0001:000251c0       sf_internal_set_sim_state_c11_VCU_CS75_12_27_test 00000001800261c0 f   c11_VCU_CS75_12_27_test.obj
 0001:000255b0       c11_VCU_CS75_12_27_test_method_dispatcher 00000001800265b0 f   c11_VCU_CS75_12_27_test.obj
 0001:00027640       sf_c12_VCU_CS75_12_27_test_get_eml_resolved_functions_info 0000000180028640 f   c12_VCU_CS75_12_27_test.obj
 0001:000276c0       sf_c12_VCU_CS75_12_27_test_get_check_sum 00000001800286c0 f   c12_VCU_CS75_12_27_test.obj
 0001:00027740       sf_c12_VCU_CS75_12_27_test_get_autoinheritance_info 0000000180028740 f   c12_VCU_CS75_12_27_test.obj
 0001:00027b60       sf_c12_VCU_CS75_12_27_test_third_party_uses_info 0000000180028b60 f   c12_VCU_CS75_12_27_test.obj
 0001:00027b90       sf_c12_VCU_CS75_12_27_test_updateBuildInfo_args_info 0000000180028b90 f   c12_VCU_CS75_12_27_test.obj
 0001:00027bc0       sf_internal_get_sim_state_c12_VCU_CS75_12_27_test 0000000180028bc0 f   c12_VCU_CS75_12_27_test.obj
 0001:00027f20       sf_internal_set_sim_state_c12_VCU_CS75_12_27_test 0000000180028f20 f   c12_VCU_CS75_12_27_test.obj
 0001:00028310       c12_VCU_CS75_12_27_test_method_dispatcher 0000000180029310 f   c12_VCU_CS75_12_27_test.obj
 0001:00029e80       sf_c13_VCU_CS75_12_27_test_get_eml_resolved_functions_info 000000018002ae80 f   c13_VCU_CS75_12_27_test.obj
 0001:00029f00       sf_c13_VCU_CS75_12_27_test_get_check_sum 000000018002af00 f   c13_VCU_CS75_12_27_test.obj
 0001:00029f80       sf_c13_VCU_CS75_12_27_test_get_autoinheritance_info 000000018002af80 f   c13_VCU_CS75_12_27_test.obj
 0001:0002a4f0       sf_c13_VCU_CS75_12_27_test_third_party_uses_info 000000018002b4f0 f   c13_VCU_CS75_12_27_test.obj
 0001:0002a520       sf_c13_VCU_CS75_12_27_test_updateBuildInfo_args_info 000000018002b520 f   c13_VCU_CS75_12_27_test.obj
 0001:0002a550       sf_internal_get_sim_state_c13_VCU_CS75_12_27_test 000000018002b550 f   c13_VCU_CS75_12_27_test.obj
 0001:0002a980       sf_internal_set_sim_state_c13_VCU_CS75_12_27_test 000000018002b980 f   c13_VCU_CS75_12_27_test.obj
 0001:0002adb0       c13_VCU_CS75_12_27_test_method_dispatcher 000000018002bdb0 f   c13_VCU_CS75_12_27_test.obj
 0001:0002cc20       sf_c14_VCU_CS75_12_27_test_get_eml_resolved_functions_info 000000018002dc20 f   c14_VCU_CS75_12_27_test.obj
 0001:0002d460       sf_c14_VCU_CS75_12_27_test_get_check_sum 000000018002e460 f   c14_VCU_CS75_12_27_test.obj
 0001:0002d4e0       sf_c14_VCU_CS75_12_27_test_get_autoinheritance_info 000000018002e4e0 f   c14_VCU_CS75_12_27_test.obj
 0001:0002da50       sf_c14_VCU_CS75_12_27_test_third_party_uses_info 000000018002ea50 f   c14_VCU_CS75_12_27_test.obj
 0001:0002da80       sf_c14_VCU_CS75_12_27_test_updateBuildInfo_args_info 000000018002ea80 f   c14_VCU_CS75_12_27_test.obj
 0001:0002dab0       sf_internal_get_sim_state_c14_VCU_CS75_12_27_test 000000018002eab0 f   c14_VCU_CS75_12_27_test.obj
 0001:0002de10       sf_internal_set_sim_state_c14_VCU_CS75_12_27_test 000000018002ee10 f   c14_VCU_CS75_12_27_test.obj
 0001:0002e200       c14_VCU_CS75_12_27_test_method_dispatcher 000000018002f200 f   c14_VCU_CS75_12_27_test.obj
 0001:00030000       sf_c16_VCU_CS75_12_27_test_get_eml_resolved_functions_info 0000000180031000 f   c16_VCU_CS75_12_27_test.obj
 0001:00030080       sf_c16_VCU_CS75_12_27_test_get_check_sum 0000000180031080 f   c16_VCU_CS75_12_27_test.obj
 0001:00030100       sf_c16_VCU_CS75_12_27_test_get_autoinheritance_info 0000000180031100 f   c16_VCU_CS75_12_27_test.obj
 0001:000307b0       sf_c16_VCU_CS75_12_27_test_third_party_uses_info 00000001800317b0 f   c16_VCU_CS75_12_27_test.obj
 0001:000307e0       sf_c16_VCU_CS75_12_27_test_updateBuildInfo_args_info 00000001800317e0 f   c16_VCU_CS75_12_27_test.obj
 0001:00030810       sf_internal_get_sim_state_c16_VCU_CS75_12_27_test 0000000180031810 f   c16_VCU_CS75_12_27_test.obj
 0001:00030b80       sf_internal_set_sim_state_c16_VCU_CS75_12_27_test 0000000180031b80 f   c16_VCU_CS75_12_27_test.obj
 0001:00030f70       c16_VCU_CS75_12_27_test_method_dispatcher 0000000180031f70 f   c16_VCU_CS75_12_27_test.obj
 0001:00033190       sf_c17_VCU_CS75_12_27_test_get_eml_resolved_functions_info 0000000180034190 f   c17_VCU_CS75_12_27_test.obj
 0001:00033210       sf_c17_VCU_CS75_12_27_test_get_check_sum 0000000180034210 f   c17_VCU_CS75_12_27_test.obj
 0001:00033290       sf_c17_VCU_CS75_12_27_test_get_autoinheritance_info 0000000180034290 f   c17_VCU_CS75_12_27_test.obj
 0001:000336b0       sf_c17_VCU_CS75_12_27_test_third_party_uses_info 00000001800346b0 f   c17_VCU_CS75_12_27_test.obj
 0001:000336e0       sf_c17_VCU_CS75_12_27_test_updateBuildInfo_args_info 00000001800346e0 f   c17_VCU_CS75_12_27_test.obj
 0001:00033710       sf_internal_get_sim_state_c17_VCU_CS75_12_27_test 0000000180034710 f   c17_VCU_CS75_12_27_test.obj
 0001:00033a70       sf_internal_set_sim_state_c17_VCU_CS75_12_27_test 0000000180034a70 f   c17_VCU_CS75_12_27_test.obj
 0001:00033e60       c17_VCU_CS75_12_27_test_method_dispatcher 0000000180034e60 f   c17_VCU_CS75_12_27_test.obj
 0001:000359e0       sf_c18_VCU_CS75_12_27_test_get_eml_resolved_functions_info 00000001800369e0 f   c18_VCU_CS75_12_27_test.obj
 0001:00035a60       sf_c18_VCU_CS75_12_27_test_get_check_sum 0000000180036a60 f   c18_VCU_CS75_12_27_test.obj
 0001:00035ae0       sf_c18_VCU_CS75_12_27_test_get_autoinheritance_info 0000000180036ae0 f   c18_VCU_CS75_12_27_test.obj
 0001:00035f00       sf_c18_VCU_CS75_12_27_test_third_party_uses_info 0000000180036f00 f   c18_VCU_CS75_12_27_test.obj
 0001:00035f30       sf_c18_VCU_CS75_12_27_test_updateBuildInfo_args_info 0000000180036f30 f   c18_VCU_CS75_12_27_test.obj
 0001:00035f60       sf_internal_get_sim_state_c18_VCU_CS75_12_27_test 0000000180036f60 f   c18_VCU_CS75_12_27_test.obj
 0001:000362c0       sf_internal_set_sim_state_c18_VCU_CS75_12_27_test 00000001800372c0 f   c18_VCU_CS75_12_27_test.obj
 0001:000366b0       c18_VCU_CS75_12_27_test_method_dispatcher 00000001800376b0 f   c18_VCU_CS75_12_27_test.obj
 0001:00038220       sf_c19_VCU_CS75_12_27_test_get_eml_resolved_functions_info 0000000180039220 f   c19_VCU_CS75_12_27_test.obj
 0001:000382a0       sf_c19_VCU_CS75_12_27_test_get_check_sum 00000001800392a0 f   c19_VCU_CS75_12_27_test.obj
 0001:00038320       sf_c19_VCU_CS75_12_27_test_get_autoinheritance_info 0000000180039320 f   c19_VCU_CS75_12_27_test.obj
 0001:00038740       sf_c19_VCU_CS75_12_27_test_third_party_uses_info 0000000180039740 f   c19_VCU_CS75_12_27_test.obj
 0001:00038770       sf_c19_VCU_CS75_12_27_test_updateBuildInfo_args_info 0000000180039770 f   c19_VCU_CS75_12_27_test.obj
 0001:000387a0       sf_internal_get_sim_state_c19_VCU_CS75_12_27_test 00000001800397a0 f   c19_VCU_CS75_12_27_test.obj
 0001:00038b00       sf_internal_set_sim_state_c19_VCU_CS75_12_27_test 0000000180039b00 f   c19_VCU_CS75_12_27_test.obj
 0001:00038ef0       c19_VCU_CS75_12_27_test_method_dispatcher 0000000180039ef0 f   c19_VCU_CS75_12_27_test.obj
 0001:0003aa70       sf_c20_VCU_CS75_12_27_test_get_eml_resolved_functions_info 000000018003ba70 f   c20_VCU_CS75_12_27_test.obj
 0001:0003b2b0       sf_c20_VCU_CS75_12_27_test_get_check_sum 000000018003c2b0 f   c20_VCU_CS75_12_27_test.obj
 0001:0003b330       sf_c20_VCU_CS75_12_27_test_get_autoinheritance_info 000000018003c330 f   c20_VCU_CS75_12_27_test.obj
 0001:0003ce30       sf_c20_VCU_CS75_12_27_test_third_party_uses_info 000000018003de30 f   c20_VCU_CS75_12_27_test.obj
 0001:0003ce60       sf_c20_VCU_CS75_12_27_test_updateBuildInfo_args_info 000000018003de60 f   c20_VCU_CS75_12_27_test.obj
 0001:0003ce90       sf_internal_get_sim_state_c20_VCU_CS75_12_27_test 000000018003de90 f   c20_VCU_CS75_12_27_test.obj
 0001:0003d380       sf_internal_set_sim_state_c20_VCU_CS75_12_27_test 000000018003e380 f   c20_VCU_CS75_12_27_test.obj
 0001:0003d800       c20_VCU_CS75_12_27_test_method_dispatcher 000000018003e800 f   c20_VCU_CS75_12_27_test.obj
 0001:00042d60       sf_c26_VCU_CS75_12_27_test_get_eml_resolved_functions_info 0000000180043d60 f   c26_VCU_CS75_12_27_test.obj
 0001:00042de0       sf_c26_VCU_CS75_12_27_test_get_check_sum 0000000180043de0 f   c26_VCU_CS75_12_27_test.obj
 0001:00042e60       sf_c26_VCU_CS75_12_27_test_get_autoinheritance_info 0000000180043e60 f   c26_VCU_CS75_12_27_test.obj
 0001:000433d0       sf_c26_VCU_CS75_12_27_test_third_party_uses_info 00000001800443d0 f   c26_VCU_CS75_12_27_test.obj
 0001:00043400       sf_c26_VCU_CS75_12_27_test_updateBuildInfo_args_info 0000000180044400 f   c26_VCU_CS75_12_27_test.obj
 0001:00043430       sf_internal_get_sim_state_c26_VCU_CS75_12_27_test 0000000180044430 f   c26_VCU_CS75_12_27_test.obj
 0001:00043790       sf_internal_set_sim_state_c26_VCU_CS75_12_27_test 0000000180044790 f   c26_VCU_CS75_12_27_test.obj
 0001:00043b80       c26_VCU_CS75_12_27_test_method_dispatcher 0000000180044b80 f   c26_VCU_CS75_12_27_test.obj
 0001:00045c10       sf_c27_VCU_CS75_12_27_test_get_eml_resolved_functions_info 0000000180046c10 f   c27_VCU_CS75_12_27_test.obj
 0001:00046e50       sf_c27_VCU_CS75_12_27_test_get_check_sum 0000000180047e50 f   c27_VCU_CS75_12_27_test.obj
 0001:00046ed0       sf_c27_VCU_CS75_12_27_test_get_autoinheritance_info 0000000180047ed0 f   c27_VCU_CS75_12_27_test.obj
 0001:000472f0       sf_c27_VCU_CS75_12_27_test_third_party_uses_info 00000001800482f0 f   c27_VCU_CS75_12_27_test.obj
 0001:00047320       sf_c27_VCU_CS75_12_27_test_updateBuildInfo_args_info 0000000180048320 f   c27_VCU_CS75_12_27_test.obj
 0001:00047350       sf_internal_get_sim_state_c27_VCU_CS75_12_27_test 0000000180048350 f   c27_VCU_CS75_12_27_test.obj
 0001:000476c0       sf_internal_set_sim_state_c27_VCU_CS75_12_27_test 00000001800486c0 f   c27_VCU_CS75_12_27_test.obj
 0001:00047ab0       c27_VCU_CS75_12_27_test_method_dispatcher 0000000180048ab0 f   c27_VCU_CS75_12_27_test.obj
 0001:00049680       sf_c28_VCU_CS75_12_27_test_get_eml_resolved_functions_info 000000018004a680 f   c28_VCU_CS75_12_27_test.obj
 0001:00049700       sf_c28_VCU_CS75_12_27_test_get_check_sum 000000018004a700 f   c28_VCU_CS75_12_27_test.obj
 0001:00049780       sf_c28_VCU_CS75_12_27_test_get_autoinheritance_info 000000018004a780 f   c28_VCU_CS75_12_27_test.obj
 0001:00049cf0       sf_c28_VCU_CS75_12_27_test_third_party_uses_info 000000018004acf0 f   c28_VCU_CS75_12_27_test.obj
 0001:00049d20       sf_c28_VCU_CS75_12_27_test_updateBuildInfo_args_info 000000018004ad20 f   c28_VCU_CS75_12_27_test.obj
 0001:00049d50       sf_internal_get_sim_state_c28_VCU_CS75_12_27_test 000000018004ad50 f   c28_VCU_CS75_12_27_test.obj
 0001:0004a0c0       sf_internal_set_sim_state_c28_VCU_CS75_12_27_test 000000018004b0c0 f   c28_VCU_CS75_12_27_test.obj
 0001:0004a4b0       c28_VCU_CS75_12_27_test_method_dispatcher 000000018004b4b0 f   c28_VCU_CS75_12_27_test.obj
 0001:0004c470       sf_c29_VCU_CS75_12_27_test_get_eml_resolved_functions_info 000000018004d470 f   c29_VCU_CS75_12_27_test.obj
 0001:0004c4f0       sf_c29_VCU_CS75_12_27_test_get_check_sum 000000018004d4f0 f   c29_VCU_CS75_12_27_test.obj
 0001:0004c570       sf_c29_VCU_CS75_12_27_test_get_autoinheritance_info 000000018004d570 f   c29_VCU_CS75_12_27_test.obj
 0001:0004c990       sf_c29_VCU_CS75_12_27_test_third_party_uses_info 000000018004d990 f   c29_VCU_CS75_12_27_test.obj
 0001:0004c9c0       sf_c29_VCU_CS75_12_27_test_updateBuildInfo_args_info 000000018004d9c0 f   c29_VCU_CS75_12_27_test.obj
 0001:0004c9f0       sf_internal_get_sim_state_c29_VCU_CS75_12_27_test 000000018004d9f0 f   c29_VCU_CS75_12_27_test.obj
 0001:0004cd50       sf_internal_set_sim_state_c29_VCU_CS75_12_27_test 000000018004dd50 f   c29_VCU_CS75_12_27_test.obj
 0001:0004d140       c29_VCU_CS75_12_27_test_method_dispatcher 000000018004e140 f   c29_VCU_CS75_12_27_test.obj
 0001:0004ecc0       sf_c30_VCU_CS75_12_27_test_get_eml_resolved_functions_info 000000018004fcc0 f   c30_VCU_CS75_12_27_test.obj
 0001:0004ed40       sf_c30_VCU_CS75_12_27_test_get_check_sum 000000018004fd40 f   c30_VCU_CS75_12_27_test.obj
 0001:0004edc0       sf_c30_VCU_CS75_12_27_test_get_autoinheritance_info 000000018004fdc0 f   c30_VCU_CS75_12_27_test.obj
 0001:0004f330       sf_c30_VCU_CS75_12_27_test_third_party_uses_info 0000000180050330 f   c30_VCU_CS75_12_27_test.obj
 0001:0004f360       sf_c30_VCU_CS75_12_27_test_updateBuildInfo_args_info 0000000180050360 f   c30_VCU_CS75_12_27_test.obj
 0001:0004f390       sf_internal_get_sim_state_c30_VCU_CS75_12_27_test 0000000180050390 f   c30_VCU_CS75_12_27_test.obj
 0001:0004f6f0       sf_internal_set_sim_state_c30_VCU_CS75_12_27_test 00000001800506f0 f   c30_VCU_CS75_12_27_test.obj
 0001:0004fae0       c30_VCU_CS75_12_27_test_method_dispatcher 0000000180050ae0 f   c30_VCU_CS75_12_27_test.obj
 0001:00051ab0       sf_process_check_sum_call  0000000180052ab0 f   VCU_CS75_12_27_test_sfun_registry.obj
 0001:00051b00       sf_process_autoinheritance_call 0000000180052b00 f   VCU_CS75_12_27_test_sfun_registry.obj
 0001:00051ca0       sf_process_get_third_party_uses_info_call 0000000180052ca0 f   VCU_CS75_12_27_test_sfun_registry.obj
 0001:00051e40       sf_process_get_updateBuildInfo_args_info_call 0000000180052e40 f   VCU_CS75_12_27_test_sfun_registry.obj
 0001:00051fe0       sf_process_get_eml_resolved_functions_info_call 0000000180052fe0 f   VCU_CS75_12_27_test_sfun_registry.obj
 0001:00052160       sf_mex_unlock_call         0000000180053160 f   VCU_CS75_12_27_test_sfun_registry.obj
 0001:00052210       sf_machine_global_initializer_called 0000000180053210 f   VCU_CS75_12_27_test_sfun_registry.obj
 0001:00052240       sf_machine_global_method_dispatcher 0000000180053240 f   VCU_CS75_12_27_test_sfun_registry.obj
 0001:000522a0       sf_machine_global_terminator 00000001800532a0 f   VCU_CS75_12_27_test_sfun_registry.obj
 0001:000522f0       sf_register_machine_exported_symbols 00000001800532f0 f   VCU_CS75_12_27_test_sfun_registry.obj
 0001:00052310       callCustomFcn              0000000180053310 f   VCU_CS75_12_27_test_sfun_registry.obj
 0001:00052320       sf_machine_global_initializer 0000000180053320 f   VCU_CS75_12_27_test_sfun_registry.obj
 0001:000523a0       mdlGetSimState             00000001800533a0 f   VCU_CS75_12_27_test_sfun_registry.obj
 0001:00052420       mdlSetSimState             0000000180053420 f   VCU_CS75_12_27_test_sfun_registry.obj
 0001:00052460       _ssSetStateAbsTol          0000000180053460 f   VCU_CS75_12_27_test_sfun_registry.obj
 0001:00052540       _ssGetAbsTol               0000000180053540 f   VCU_CS75_12_27_test_sfun_registry.obj
 0001:000525b0       _ssSetInputPortMatrixDimensions 00000001800535b0 f   VCU_CS75_12_27_test_sfun_registry.obj
 0001:000526c0       _ssSetOutputPortMatrixDimensions 00000001800536c0 f   VCU_CS75_12_27_test_sfun_registry.obj
 0001:000527d0       _ssSetInputPortVectorDimension 00000001800537d0 f   VCU_CS75_12_27_test_sfun_registry.obj
 0001:000528a0       _ssSetOutputPortVectorDimension 00000001800538a0 f   VCU_CS75_12_27_test_sfun_registry.obj
 0001:00052970       ssIsRunTimeParamTunable    0000000180053970 f   VCU_CS75_12_27_test_sfun_registry.obj
 0001:000529e0       ssGetSFuncBlockHandle      00000001800539e0 f   VCU_CS75_12_27_test_sfun_registry.obj
 0001:00052a50       _ssGetCurrentInputPortWidth 0000000180053a50 f   VCU_CS75_12_27_test_sfun_registry.obj
 0001:00052b70       _ssGetCurrentOutputPortWidth 0000000180053b70 f   VCU_CS75_12_27_test_sfun_registry.obj
 0001:00052c90       _ssGetCallSystemNumFcnCallDestinations 0000000180053c90 f   VCU_CS75_12_27_test_sfun_registry.obj
 0001:00052d00       ssWarning                  0000000180053d00 f   VCU_CS75_12_27_test_sfun_registry.obj
 0001:00052e10       ssGetIsZeroCrossControlDisabled 0000000180053e10 f   VCU_CS75_12_27_test_sfun_registry.obj
 0001:00052e80       ssSetIsInputPortUsedForContZcSignal 0000000180053e80 f   VCU_CS75_12_27_test_sfun_registry.obj
 0001:00052ef0       ssSetZcSignalIsZcElementDisc 0000000180053ef0 f   VCU_CS75_12_27_test_sfun_registry.obj
 0001:00052fa0       ssSetZcSignalName          0000000180053fa0 f   VCU_CS75_12_27_test_sfun_registry.obj
 0001:00053010       ssSetZcSignalWidth         0000000180054010 f   VCU_CS75_12_27_test_sfun_registry.obj
 0001:00053080       ssSetZcSignalZcEventType   0000000180054080 f   VCU_CS75_12_27_test_sfun_registry.obj
 0001:000530f0       ssSetZcSignalType          00000001800540f0 f   VCU_CS75_12_27_test_sfun_registry.obj
 0001:00053160       ssSetZcSignalZcTol         0000000180054160 f   VCU_CS75_12_27_test_sfun_registry.obj
 0001:000531d0       ssSetZcSignalNeedsEventNotification 00000001800541d0 f   VCU_CS75_12_27_test_sfun_registry.obj
 0001:00053240       ssCreateAndAddZcSignalInfo 0000000180054240 f   VCU_CS75_12_27_test_sfun_registry.obj
 0001:000532b0       ssCloneAndAddZcSignalInfo  00000001800542b0 f   VCU_CS75_12_27_test_sfun_registry.obj
 0001:00053320       ssGetNumZcSignals          0000000180054320 f   VCU_CS75_12_27_test_sfun_registry.obj
 0001:00053390       ssGetZcSignalVector        0000000180054390 f   VCU_CS75_12_27_test_sfun_registry.obj
 0001:00053400       ssGetZcSignalZcEvents      0000000180054400 f   VCU_CS75_12_27_test_sfun_registry.obj
 0001:00053470       ssGetZcSignalName          0000000180054470 f   VCU_CS75_12_27_test_sfun_registry.obj
 0001:000534e0       ssGetZcSignalWidth         00000001800544e0 f   VCU_CS75_12_27_test_sfun_registry.obj
 0001:00053550       ssGetZcSignalZcEventType   0000000180054550 f   VCU_CS75_12_27_test_sfun_registry.obj
 0001:000535c0       ssGetZcSignalType          00000001800545c0 f   VCU_CS75_12_27_test_sfun_registry.obj
 0001:00053630       ssGetZcSignalZcTol         0000000180054630 f   VCU_CS75_12_27_test_sfun_registry.obj
 0001:000536b0       ssGetZcSignalNeedsEventNotification 00000001800546b0 f   VCU_CS75_12_27_test_sfun_registry.obj
 0001:00053720       ssGetZcSignalIsZcElementDisc 0000000180054720 f   VCU_CS75_12_27_test_sfun_registry.obj
 0001:000537c0       ssGetIsInputPortElementContinuous 00000001800547c0 f   VCU_CS75_12_27_test_sfun_registry.obj
 0001:00053860       _ssGetInputPortSignalPtrsFcn 0000000180054860 f   VCU_CS75_12_27_test_sfun_registry.obj
 0001:00053b20       _ssGetInputPortSignalFcn   0000000180054b20 f   VCU_CS75_12_27_test_sfun_registry.obj
 0001:00053d40       _ssSetInputPortDirectFeedThroughFcn 0000000180054d40 f   VCU_CS75_12_27_test_sfun_registry.obj
 0001:00053ea0       _ssSetInputPortReusableFcn 0000000180054ea0 f   VCU_CS75_12_27_test_sfun_registry.obj
 0001:00053f90       _ssSetOutputPortReusableFcn 0000000180054f90 f   VCU_CS75_12_27_test_sfun_registry.obj
 0001:00054070       ssGetDTypeIdFromMxArray    0000000180055070 f   VCU_CS75_12_27_test_sfun_registry.obj
 0001:00054190       ssWriteRTWStr              0000000180055190 f   VCU_CS75_12_27_test_sfun_registry.obj
 0001:000541f0       ssWriteRTWMxVectParam      00000001800551f0 f   VCU_CS75_12_27_test_sfun_registry.obj
 0001:00054250       ssWriteRTWMx2dMatParam     0000000180055250 f   VCU_CS75_12_27_test_sfun_registry.obj
 0001:000542d0       ssWriteRTWNameValuePair    00000001800552d0 f   VCU_CS75_12_27_test_sfun_registry.obj
 0001:000547c0       ssWriteRTWParameters       00000001800557c0 f   VCU_CS75_12_27_test_sfun_registry.obj
 0001:00054dc0       ssWriteRTWParamSettings    0000000180055dc0 f   VCU_CS75_12_27_test_sfun_registry.obj
 0001:00055490       ssWriteRTWWorkVect         0000000180056490 f   VCU_CS75_12_27_test_sfun_registry.obj
 0001:00055990       mexFunction                0000000180056990 f   VCU_CS75_12_27_test_sfun_registry.obj
 0001:00057e10       ProcessMexSfunctionEveryCall 0000000180058e10 f   VCU_CS75_12_27_test_sfun_registry.obj
 0001:00057f92       sf_debug_set_machine_data_thresholds 0000000180058f92 f   sf_runtime:sf_runtime.dll
 0001:00057f98       sf_debug_set_machine_event_thresholds 0000000180058f98 f   sf_runtime:sf_runtime.dll
 0001:00057f9e       sf_debug_initialize_machine 0000000180058f9e f   sf_runtime:sf_runtime.dll
 0001:00057fa4       sf_load_rtw_optimization_info 0000000180058fa4 f   sf_runtime:sf_runtime.dll
 0001:00057faa       sf_mex_assign              0000000180058faa f   sf_runtime:sf_runtime.dll
 0001:00057fb0       sf_mex_create              0000000180058fb0 f   sf_runtime:sf_runtime.dll
 0001:00057fb6       sf_mex_error_message       0000000180058fb6 f   sf_runtime:sf_runtime.dll
 0001:00057fbc       sf_mex_call_matlab         0000000180058fbc f   sf_runtime:sf_runtime.dll
 0001:00057fc2       sf_mex_setcell             0000000180058fc2 f   sf_runtime:sf_runtime.dll
 0001:00057fc8       sf_mex_createcellmatrix    0000000180058fc8 f   sf_runtime:sf_runtime.dll
 0001:00057fce       sf_mex_decode_encoded_mx_struct_array 0000000180058fce f   sf_runtime:sf_runtime.dll
 0001:00057fd4       sf_mex_destroy             0000000180058fd4 f   sf_runtime:sf_runtime.dll
 0001:00057fda       sf_mex_getcell             0000000180058fda f   sf_runtime:sf_runtime.dll
 0001:00057fe0       sf_mex_dup                 0000000180058fe0 f   sf_runtime:sf_runtime.dll
 0001:00057fe6       sf_mex_import              0000000180058fe6 f   sf_runtime:sf_runtime.dll
 0001:00057fec       sf_set_rtw_dwork_info      0000000180058fec f   sf_runtime:sf_runtime.dll
 0001:00057ff2       sf_mark_chart_reusable_outputs 0000000180058ff2 f   sf_runtime:sf_runtime.dll
 0001:00057ff8       sf_mark_chart_expressionable_inputs 0000000180058ff8 f   sf_runtime:sf_runtime.dll
 0001:00057ffe       sf_update_buildInfo        0000000180058ffe f   sf_runtime:sf_runtime.dll
 0001:00058004       sf_rtw_info_uint_prop      0000000180059004 f   sf_runtime:sf_runtime.dll
 0001:0005800a       sf_is_chart_inlinable      000000018005900a f   sf_runtime:sf_runtime.dll
 0001:00058010       sim_mode_is_external       0000000180059010 f   sf_runtime:sf_runtime.dll
 0001:00058016       sim_mode_is_rtw_gen        0000000180059016 f   sf_runtime:sf_runtime.dll
 0001:0005801c       sf_debug_reset_current_state_configuration 000000018005901c f   sf_runtime:sf_runtime.dll
 0001:00058022       sf_debug_set_instance_data_value_ptr 0000000180059022 f   sf_runtime:sf_runtime.dll
 0001:00058028       sf_debug_set_chart_data_compiled_props 0000000180059028 f   sf_runtime:sf_runtime.dll
 0001:0005802e       cv_eml_init_mcdc           000000018005902e f   sf_runtime:sf_runtime.dll
 0001:00058034       cv_eml_init_if             0000000180059034 f   sf_runtime:sf_runtime.dll
 0001:0005803a       cv_eml_init_fcn            000000018005903a f   sf_runtime:sf_runtime.dll
 0001:00058040       cv_eml_init_script         0000000180059040 f   sf_runtime:sf_runtime.dll
 0001:00058046       sf_debug_cv_init_trans     0000000180059046 f   sf_runtime:sf_runtime.dll
 0001:0005804c       sf_debug_cv_init_state     000000018005904c f   sf_runtime:sf_runtime.dll
 0001:00058052       sf_debug_cv_init_chart     0000000180059052 f   sf_runtime:sf_runtime.dll
 0001:00058058       sf_debug_set_chart_decomposition 0000000180059058 f   sf_runtime:sf_runtime.dll
 0001:0005805e       sf_debug_set_chart_substate_count 000000018005905e f   sf_runtime:sf_runtime.dll
 0001:00058064       sf_debug_set_chart_state_info 0000000180059064 f   sf_runtime:sf_runtime.dll
 0001:0005806a       sf_debug_set_chart_data_props 000000018005906a f   sf_runtime:sf_runtime.dll
 0001:00058070       sf_debug_set_chart_event_thresholds 0000000180059070 f   sf_runtime:sf_runtime.dll
 0001:00058076       sf_debug_set_chart_disable_implicit_casting 0000000180059076 f   sf_runtime:sf_runtime.dll
 0001:0005807c       sf_debug_initialize_chart  000000018005907c f   sf_runtime:sf_runtime.dll
 0001:00058082       sf_get_time                0000000180059082 f   sf_runtime:sf_runtime.dll
 0001:00058088       sf_debug_data_range_wrapper 0000000180059088 f   sf_runtime:sf_runtime.dll
 0001:0005808e       sf_debug_check_for_state_inconsistency 000000018005908e f   sf_runtime:sf_runtime.dll
 0001:00058094       sf_debug_symbol_scope_pop  0000000180059094 f   sf_runtime:sf_runtime.dll
 0001:0005809a       eml_debug_line_call        000000018005909a f   sf_runtime:sf_runtime.dll
 0001:000580a0       cv_eml_eval                00000001800590a0 f   sf_runtime:sf_runtime.dll
 0001:000580a6       sf_debug_symbol_scope_add_eml 00000001800590a6 f   sf_runtime:sf_runtime.dll
 0001:000580ac       sf_debug_symbol_scope_add_eml_importable 00000001800590ac f   sf_runtime:sf_runtime.dll
 0001:000580b2       sf_debug_symbol_scope_push_eml 00000001800590b2 f   sf_runtime:sf_runtime.dll
 0001:000580b8       sf_debug_call              00000001800590b8 f   sf_runtime:sf_runtime.dll
 0001:000580be       sf_debug_symbol_scope_push 00000001800590be f   sf_runtime:sf_runtime.dll
 0001:000580c4       sf_clear_rtw_identifier    00000001800590c4 f   sf_runtime:sf_runtime.dll
 0001:000580ca       sf_debug_animate           00000001800590ca f   sf_runtime:sf_runtime.dll
 0001:000580d0       sf_debug_set_honor_breakpoints 00000001800590d0 f   sf_runtime:sf_runtime.dll
 0001:000580d6       sf_debug_set_animation     00000001800590d6 f   sf_runtime:sf_runtime.dll
 0001:000580dc       sf_debug_get_animation     00000001800590dc f   sf_runtime:sf_runtime.dll
 0001:000580e2       sf_mex_duplicatearraysafe  00000001800590e2 f   sf_runtime:sf_runtime.dll
 0001:000580e8       sf_debug_set_chart_state_substate_index 00000001800590e8 f   sf_runtime:sf_runtime.dll
 0001:000580ee       sf_debug_set_chart_state_substate_count 00000001800590ee f   sf_runtime:sf_runtime.dll
 0001:000580f4       sf_debug_set_chart_substate_index 00000001800590f4 f   sf_runtime:sf_runtime.dll
 0001:000580fa       cv_eval_point              00000001800590fa f   sf_runtime:sf_runtime.dll
 0001:00058100       sf_debug_eml_data_array_bounds_error_check 0000000180059100 f   sf_runtime:sf_runtime.dll
 0001:00058106       sf_mex_emlrtNameCapturePostProcessR2012a 0000000180059106 f   sf_runtime:sf_runtime.dll
 0001:0005810c       sf_mex_createstruct        000000018005910c f   sf_runtime:sf_runtime.dll
 0001:00058112       sf_mex_addfield            0000000180059112 f   sf_runtime:sf_runtime.dll
 0001:00058118       sf_debug_terminate         0000000180059118 f   sf_runtime:sf_runtime.dll
 0001:0005811e       sf_debug_create_debug_instance_struct 000000018005911e f   sf_runtime:sf_runtime.dll
 0001:00058124       sf_debug_api               0000000180059124 f   sf_runtime:sf_runtime.dll
 0001:0005812a       callMdlMethodAndReportError 000000018005912a f   sf_runtime:sf_runtime.dll
 0001:00058130       call_sf_machine_global_method_dispatcher 0000000180059130 f   sf_runtime:sf_runtime.dll
 0001:00058136       sf_clear_error_manager_info 0000000180059136 f   sf_runtime:sf_runtime.dll
 0001:0005813c       sf_mex_error_direct_call   000000018005913c f   sf_runtime:sf_runtime.dll
 0001:00058142       mxGetScalar                0000000180059142 f   libmx:libmx.dll
 0001:00058148       mxGetPr                    0000000180059148 f   libmx:libmx.dll
 0001:0005814e       mxCreateDoubleMatrix_730   000000018005914e f   libmx:libmx.dll
 0001:00058154       mxGetString_730            0000000180059154 f   libmx:libmx.dll
 0001:0005815a       mxIsChar                   000000018005915a f   libmx:libmx.dll
 0001:00058160       mxDestroyArray             0000000180059160 f   libmx:libmx.dll
 0001:00058166       mxDuplicateArray           0000000180059166 f   libmx:libmx.dll
 0001:0005816c       mxCreateDoubleScalar       000000018005916c f   libmx:libmx.dll
 0001:00058172       mxSetField_730             0000000180059172 f   libmx:libmx.dll
 0001:00058178       mxCreateString             0000000180059178 f   libmx:libmx.dll
 0001:0005817e       mxCreateStructMatrix_730   000000018005917e f   libmx:libmx.dll
 0001:00058184       mxCreateCellMatrix_730     0000000180059184 f   libmx:libmx.dll
 0001:0005818a       mxGetClassID               000000018005918a f   libmx:libmx.dll
 0001:00058190       mxIsNumeric                0000000180059190 f   libmx:libmx.dll
 0001:00058196       mxIsComplex                0000000180059196 f   libmx:libmx.dll
 0001:0005819c       mxGetN                     000000018005919c f   libmx:libmx.dll
 0001:000581a2       mxGetM                     00000001800591a2 f   libmx:libmx.dll
 0001:000581a8       mxCalloc                   00000001800591a8 f   libmx:libmx.dll
 0001:000581ae       mexMakeArrayPersistent     00000001800591ae f   libmex:libmex.dll
 0001:000581b4       mexUnlock                  00000001800591b4 f   libmex:libmex.dll
 0001:000581ba       mexIsLocked                00000001800591ba f   libmex:libmex.dll
 0001:000581c0       mexWarnMsgTxt              00000001800591c0 f   libmex:libmex.dll
 0001:000581c6       mexCallMATLAB              00000001800591c6 f   libmex:libmex.dll
 0001:000581cc       mexErrMsgTxt               00000001800591cc f   libmex:libmex.dll
 0001:000581d2       mexLock                    00000001800591d2 f   libmex:libmex.dll
 0001:000581d8       utMalloc                   00000001800591d8 f   libut:libut.dll
 0001:000581de       utFree                     00000001800591de f   libut:libut.dll
 0001:000581e4       muDoubleScalarAbs          00000001800591e4 f   libmwmathutil:libmwmathutil.dll
 0001:000581ec       __GSHandlerCheckCommon     00000001800591ec f   MSVCRT:gshandler.obj
 0001:00058250       __GSHandlerCheck           0000000180059250 f   MSVCRT:gshandler.obj
 0001:0005826e       strcmp                     000000018005926e f   MSVCRT:MSVCR100.dll
 0001:00058290       __security_check_cookie    0000000180059290 f   MSVCRT:amdsecgs.obj
 0001:000582b0       memset                     00000001800592b0 f   MSVCRT:MSVCR100.dll
 0001:000582b6       strlen                     00000001800592b6 f   MSVCRT:MSVCR100.dll
 0001:000582bc       free                       00000001800592bc f   MSVCRT:MSVCR100.dll
 0001:000582c2       sprintf                    00000001800592c2 f   MSVCRT:MSVCR100.dll
 0001:000582c8       malloc                     00000001800592c8 f   MSVCRT:MSVCR100.dll
 0001:000582ce       strcat                     00000001800592ce f   MSVCRT:MSVCR100.dll
 0001:000582d4       memcpy                     00000001800592d4 f   MSVCRT:MSVCR100.dll
 0001:000582dc       NtCurrentTeb               00000001800592dc f i MSVCRT:crtdll.obj
 0001:00058348       _CRT_INIT                  0000000180059348 f   MSVCRT:crtdll.obj
 0001:000586e0       _DllMainCRTStartup         00000001800596e0 f   MSVCRT:crtdll.obj
 0001:00058720       __report_gsfailure         0000000180059720 f   MSVCRT:gs_report.obj
 0001:0005886c       __clean_type_info_names    000000018005986c f   MSVCRT:tncleanup.obj
 0001:00058878       _onexit                    0000000180059878 f   MSVCRT:atonexit.obj
 0001:00058928       atexit                     0000000180059928 f   MSVCRT:atonexit.obj
 0001:00058940       _RTC_Initialize            0000000180059940 f   MSVCRT:_initsect_.obj
 0001:00058978       _RTC_Terminate             0000000180059978 f   MSVCRT:_initsect_.obj
 0001:000589b0       _malloc_crt                00000001800599b0 f   MSVCRT:MSVCR100.dll
 0001:000589c0       _ValidateImageBase         00000001800599c0 f   MSVCRT:pesect.obj
 0001:000589f0       _FindPESection             00000001800599f0 f   MSVCRT:pesect.obj
 0001:00058a40       _IsNonwritableInCurrentImage 0000000180059a40 f   MSVCRT:pesect.obj
 0001:00058a82       _initterm                  0000000180059a82 f   MSVCRT:MSVCR100.dll
 0001:00058a88       _initterm_e                0000000180059a88 f   MSVCRT:MSVCR100.dll
 0001:00058a8e       _encoded_null              0000000180059a8e f   MSVCRT:MSVCR100.dll
 0001:00058a94       _amsg_exit                 0000000180059a94 f   MSVCRT:MSVCR100.dll
 0001:00058a9a       __C_specific_handler       0000000180059a9a f   MSVCRT:MSVCR100.dll
 0001:00058aa0       __CppXcptFilter            0000000180059aa0 f   MSVCRT:MSVCR100.dll
 0001:00058aa8       DllMain                    0000000180059aa8 f   MSVCRT:dllmain.obj
 0001:00058acc       __security_init_cookie     0000000180059acc f   MSVCRT:gs_support.obj
 0001:00058b80       __crt_debugger_hook        0000000180059b80 f   MSVCRT:MSVCR100.dll
 0001:00058b86       __clean_type_info_names_internal 0000000180059b86 f   MSVCRT:MSVCR100.dll
 0001:00058b8c       _unlock                    0000000180059b8c f   MSVCRT:MSVCR100.dll
 0001:00058b92       __dllonexit                0000000180059b92 f   MSVCRT:MSVCR100.dll
 0001:00058b98       _lock                      0000000180059b98 f   MSVCRT:MSVCR100.dll
 0001:00058b9e       EncodePointer              0000000180059b9e f   kernel32:KERNEL32.dll
 0001:00058ba4       DecodePointer              0000000180059ba4 f   kernel32:KERNEL32.dll
 0001:00058baa       Sleep                      0000000180059baa f   kernel32:KERNEL32.dll
 0001:00058bb0       TerminateProcess           0000000180059bb0 f   kernel32:KERNEL32.dll
 0001:00058bb6       GetCurrentProcess          0000000180059bb6 f   kernel32:KERNEL32.dll
 0001:00058bbc       UnhandledExceptionFilter   0000000180059bbc f   kernel32:KERNEL32.dll
 0001:00058bc2       SetUnhandledExceptionFilter 0000000180059bc2 f   kernel32:KERNEL32.dll
 0001:00058bc8       IsDebuggerPresent          0000000180059bc8 f   kernel32:KERNEL32.dll
 0001:00058bce       RtlVirtualUnwind           0000000180059bce f   kernel32:KERNEL32.dll
 0001:00058bd4       RtlLookupFunctionEntry     0000000180059bd4 f   kernel32:KERNEL32.dll
 0001:00058bda       RtlCaptureContext          0000000180059bda f   kernel32:KERNEL32.dll
 0001:00058be0       DisableThreadLibraryCalls  0000000180059be0 f   kernel32:KERNEL32.dll
 0001:00058be6       QueryPerformanceCounter    0000000180059be6 f   kernel32:KERNEL32.dll
 0001:00058bec       GetTickCount               0000000180059bec f   kernel32:KERNEL32.dll
 0001:00058bf2       GetCurrentThreadId         0000000180059bf2 f   kernel32:KERNEL32.dll
 0001:00058bf8       GetCurrentProcessId        0000000180059bf8 f   kernel32:KERNEL32.dll
 0001:00058bfe       GetSystemTimeAsFileTime    0000000180059bfe f   kernel32:KERNEL32.dll
 0002:00000000       __imp_GetCurrentProcessId  000000018005a000     kernel32:KERNEL32.dll
 0002:00000008       __imp_GetCurrentThreadId   000000018005a008     kernel32:KERNEL32.dll
 0002:00000010       __imp_GetTickCount         000000018005a010     kernel32:KERNEL32.dll
 0002:00000018       __imp_QueryPerformanceCounter 000000018005a018     kernel32:KERNEL32.dll
 0002:00000020       __imp_DisableThreadLibraryCalls 000000018005a020     kernel32:KERNEL32.dll
 0002:00000028       __imp_RtlCaptureContext    000000018005a028     kernel32:KERNEL32.dll
 0002:00000030       __imp_RtlLookupFunctionEntry 000000018005a030     kernel32:KERNEL32.dll
 0002:00000038       __imp_RtlVirtualUnwind     000000018005a038     kernel32:KERNEL32.dll
 0002:00000040       __imp_IsDebuggerPresent    000000018005a040     kernel32:KERNEL32.dll
 0002:00000048       __imp_SetUnhandledExceptionFilter 000000018005a048     kernel32:KERNEL32.dll
 0002:00000050       __imp_UnhandledExceptionFilter 000000018005a050     kernel32:KERNEL32.dll
 0002:00000058       __imp_GetCurrentProcess    000000018005a058     kernel32:KERNEL32.dll
 0002:00000060       __imp_TerminateProcess     000000018005a060     kernel32:KERNEL32.dll
 0002:00000068       __imp_Sleep                000000018005a068     kernel32:KERNEL32.dll
 0002:00000070       __imp_DecodePointer        000000018005a070     kernel32:KERNEL32.dll
 0002:00000078       __imp_EncodePointer        000000018005a078     kernel32:KERNEL32.dll
 0002:00000080       __imp_GetSystemTimeAsFileTime 000000018005a080     kernel32:KERNEL32.dll
 0002:00000088       \177KERNEL32_NULL_THUNK_DATA 000000018005a088     kernel32:KERNEL32.dll
 0002:00000090       __imp__onexit              000000018005a090     MSVCRT:MSVCR100.dll
 0002:00000098       __imp__lock                000000018005a098     MSVCRT:MSVCR100.dll
 0002:000000a0       __imp___dllonexit          000000018005a0a0     MSVCRT:MSVCR100.dll
 0002:000000a8       __imp__unlock              000000018005a0a8     MSVCRT:MSVCR100.dll
 0002:000000b0       __imp___clean_type_info_names_internal 000000018005a0b0     MSVCRT:MSVCR100.dll
 0002:000000b8       __imp___crt_debugger_hook  000000018005a0b8     MSVCRT:MSVCR100.dll
 0002:000000c0       __imp___CppXcptFilter      000000018005a0c0     MSVCRT:MSVCR100.dll
 0002:000000c8       __imp___C_specific_handler 000000018005a0c8     MSVCRT:MSVCR100.dll
 0002:000000d0       __imp__amsg_exit           000000018005a0d0     MSVCRT:MSVCR100.dll
 0002:000000d8       __imp__encoded_null        000000018005a0d8     MSVCRT:MSVCR100.dll
 0002:000000e0       __imp__initterm_e          000000018005a0e0     MSVCRT:MSVCR100.dll
 0002:000000e8       __imp__initterm            000000018005a0e8     MSVCRT:MSVCR100.dll
 0002:000000f0       __imp__malloc_crt          000000018005a0f0     MSVCRT:MSVCR100.dll
 0002:000000f8       __imp_memcpy               000000018005a0f8     MSVCRT:MSVCR100.dll
 0002:00000100       __imp_strcat               000000018005a100     MSVCRT:MSVCR100.dll
 0002:00000108       __imp_malloc               000000018005a108     MSVCRT:MSVCR100.dll
 0002:00000110       __imp_sprintf              000000018005a110     MSVCRT:MSVCR100.dll
 0002:00000118       __imp_free                 000000018005a118     MSVCRT:MSVCR100.dll
 0002:00000120       __imp_strlen               000000018005a120     MSVCRT:MSVCR100.dll
 0002:00000128       __imp_memset               000000018005a128     MSVCRT:MSVCR100.dll
 0002:00000130       __imp_strcmp               000000018005a130     MSVCRT:MSVCR100.dll
 0002:00000138       \177MSVCR100_NULL_THUNK_DATA 000000018005a138     MSVCRT:MSVCR100.dll
 0002:00000140       __imp_mexCallMATLAB        000000018005a140     libmex:libmex.dll
 0002:00000148       __imp_mexUnlock            000000018005a148     libmex:libmex.dll
 0002:00000150       __imp_mexLock              000000018005a150     libmex:libmex.dll
 0002:00000158       __imp_mexErrMsgTxt         000000018005a158     libmex:libmex.dll
 0002:00000160       __imp_mexMakeArrayPersistent 000000018005a160     libmex:libmex.dll
 0002:00000168       __imp_mexWarnMsgTxt        000000018005a168     libmex:libmex.dll
 0002:00000170       __imp_mexIsLocked          000000018005a170     libmex:libmex.dll
 0002:00000178       \177libmex_NULL_THUNK_DATA 000000018005a178     libmex:libmex.dll
 0002:00000180       __imp_muDoubleScalarAbs    000000018005a180     libmwmathutil:libmwmathutil.dll
 0002:00000188       \177libmwmathutil_NULL_THUNK_DATA 000000018005a188     libmwmathutil:libmwmathutil.dll
 0002:00000190       __imp_mxCalloc             000000018005a190     libmx:libmx.dll
 0002:00000198       __imp_mxGetM               000000018005a198     libmx:libmx.dll
 0002:000001a0       __imp_mxGetN               000000018005a1a0     libmx:libmx.dll
 0002:000001a8       __imp_mxIsComplex          000000018005a1a8     libmx:libmx.dll
 0002:000001b0       __imp_mxIsNumeric          000000018005a1b0     libmx:libmx.dll
 0002:000001b8       __imp_mxGetClassID         000000018005a1b8     libmx:libmx.dll
 0002:000001c0       __imp_mxCreateCellMatrix_730 000000018005a1c0     libmx:libmx.dll
 0002:000001c8       __imp_mxCreateStructMatrix_730 000000018005a1c8     libmx:libmx.dll
 0002:000001d0       __imp_mxCreateString       000000018005a1d0     libmx:libmx.dll
 0002:000001d8       __imp_mxCreateDoubleScalar 000000018005a1d8     libmx:libmx.dll
 0002:000001e0       __imp_mxDuplicateArray     000000018005a1e0     libmx:libmx.dll
 0002:000001e8       __imp_mxDestroyArray       000000018005a1e8     libmx:libmx.dll
 0002:000001f0       __imp_mxIsChar             000000018005a1f0     libmx:libmx.dll
 0002:000001f8       __imp_mxGetString_730      000000018005a1f8     libmx:libmx.dll
 0002:00000200       __imp_mxCreateDoubleMatrix_730 000000018005a200     libmx:libmx.dll
 0002:00000208       __imp_mxGetPr              000000018005a208     libmx:libmx.dll
 0002:00000210       __imp_mxGetScalar          000000018005a210     libmx:libmx.dll
 0002:00000218       __imp_mxSetField_730       000000018005a218     libmx:libmx.dll
 0002:00000220       \177libmx_NULL_THUNK_DATA  000000018005a220     libmx:libmx.dll
 0002:00000228       __imp_utMalloc             000000018005a228     libut:libut.dll
 0002:00000230       __imp_utFree               000000018005a230     libut:libut.dll
 0002:00000238       \177libut_NULL_THUNK_DATA  000000018005a238     libut:libut.dll
 0002:00000240       __imp_callMdlMethodAndReportError 000000018005a240     sf_runtime:sf_runtime.dll
 0002:00000248       __imp_sf_debug_api         000000018005a248     sf_runtime:sf_runtime.dll
 0002:00000250       __imp_sf_debug_create_debug_instance_struct 000000018005a250     sf_runtime:sf_runtime.dll
 0002:00000258       __imp_sf_debug_terminate   000000018005a258     sf_runtime:sf_runtime.dll
 0002:00000260       __imp_sf_mex_addfield      000000018005a260     sf_runtime:sf_runtime.dll
 0002:00000268       __imp_sf_mex_createstruct  000000018005a268     sf_runtime:sf_runtime.dll
 0002:00000270       __imp_sf_mex_emlrtNameCapturePostProcessR2012a 000000018005a270     sf_runtime:sf_runtime.dll
 0002:00000278       __imp_sf_debug_eml_data_array_bounds_error_check 000000018005a278     sf_runtime:sf_runtime.dll
 0002:00000280       __imp_cv_eval_point        000000018005a280     sf_runtime:sf_runtime.dll
 0002:00000288       __imp_sf_update_buildInfo  000000018005a288     sf_runtime:sf_runtime.dll
 0002:00000290       __imp_sf_debug_set_chart_substate_index 000000018005a290     sf_runtime:sf_runtime.dll
 0002:00000298       __imp_sf_debug_set_chart_state_substate_count 000000018005a298     sf_runtime:sf_runtime.dll
 0002:000002a0       __imp_sf_debug_set_chart_state_substate_index 000000018005a2a0     sf_runtime:sf_runtime.dll
 0002:000002a8       __imp_sf_mex_error_direct_call 000000018005a2a8     sf_runtime:sf_runtime.dll
 0002:000002b0       __imp_sf_debug_get_animation 000000018005a2b0     sf_runtime:sf_runtime.dll
 0002:000002b8       __imp_sf_debug_set_animation 000000018005a2b8     sf_runtime:sf_runtime.dll
 0002:000002c0       __imp_sf_debug_set_honor_breakpoints 000000018005a2c0     sf_runtime:sf_runtime.dll
 0002:000002c8       __imp_sf_debug_animate     000000018005a2c8     sf_runtime:sf_runtime.dll
 0002:000002d0       __imp_sf_clear_rtw_identifier 000000018005a2d0     sf_runtime:sf_runtime.dll
 0002:000002d8       __imp_sf_debug_symbol_scope_push 000000018005a2d8     sf_runtime:sf_runtime.dll
 0002:000002e0       __imp_sf_debug_call        000000018005a2e0     sf_runtime:sf_runtime.dll
 0002:000002e8       __imp_sf_debug_symbol_scope_push_eml 000000018005a2e8     sf_runtime:sf_runtime.dll
 0002:000002f0       __imp_sf_debug_symbol_scope_add_eml_importable 000000018005a2f0     sf_runtime:sf_runtime.dll
 0002:000002f8       __imp_sf_debug_symbol_scope_add_eml 000000018005a2f8     sf_runtime:sf_runtime.dll
 0002:00000300       __imp_cv_eml_eval          000000018005a300     sf_runtime:sf_runtime.dll
 0002:00000308       __imp_eml_debug_line_call  000000018005a308     sf_runtime:sf_runtime.dll
 0002:00000310       __imp_sf_debug_symbol_scope_pop 000000018005a310     sf_runtime:sf_runtime.dll
 0002:00000318       __imp_sf_debug_check_for_state_inconsistency 000000018005a318     sf_runtime:sf_runtime.dll
 0002:00000320       __imp_sf_clear_error_manager_info 000000018005a320     sf_runtime:sf_runtime.dll
 0002:00000328       __imp_sf_mex_duplicatearraysafe 000000018005a328     sf_runtime:sf_runtime.dll
 0002:00000330       __imp_call_sf_machine_global_method_dispatcher 000000018005a330     sf_runtime:sf_runtime.dll
 0002:00000338       __imp_sf_debug_data_range_wrapper 000000018005a338     sf_runtime:sf_runtime.dll
 0002:00000340       __imp_sf_get_time          000000018005a340     sf_runtime:sf_runtime.dll
 0002:00000348       __imp_sf_debug_initialize_chart 000000018005a348     sf_runtime:sf_runtime.dll
 0002:00000350       __imp_sf_debug_set_chart_disable_implicit_casting 000000018005a350     sf_runtime:sf_runtime.dll
 0002:00000358       __imp_sf_debug_set_chart_event_thresholds 000000018005a358     sf_runtime:sf_runtime.dll
 0002:00000360       __imp_sf_debug_set_chart_data_props 000000018005a360     sf_runtime:sf_runtime.dll
 0002:00000368       __imp_sf_debug_set_chart_state_info 000000018005a368     sf_runtime:sf_runtime.dll
 0002:00000370       __imp_sf_debug_set_chart_substate_count 000000018005a370     sf_runtime:sf_runtime.dll
 0002:00000378       __imp_sf_debug_set_chart_decomposition 000000018005a378     sf_runtime:sf_runtime.dll
 0002:00000380       __imp_sf_debug_cv_init_chart 000000018005a380     sf_runtime:sf_runtime.dll
 0002:00000388       __imp_sf_debug_cv_init_state 000000018005a388     sf_runtime:sf_runtime.dll
 0002:00000390       __imp_sf_debug_cv_init_trans 000000018005a390     sf_runtime:sf_runtime.dll
 0002:00000398       __imp_cv_eml_init_script   000000018005a398     sf_runtime:sf_runtime.dll
 0002:000003a0       __imp_cv_eml_init_fcn      000000018005a3a0     sf_runtime:sf_runtime.dll
 0002:000003a8       __imp_cv_eml_init_if       000000018005a3a8     sf_runtime:sf_runtime.dll
 0002:000003b0       __imp_cv_eml_init_mcdc     000000018005a3b0     sf_runtime:sf_runtime.dll
 0002:000003b8       __imp_sf_debug_set_chart_data_compiled_props 000000018005a3b8     sf_runtime:sf_runtime.dll
 0002:000003c0       __imp_sf_debug_set_instance_data_value_ptr 000000018005a3c0     sf_runtime:sf_runtime.dll
 0002:000003c8       __imp_sf_debug_reset_current_state_configuration 000000018005a3c8     sf_runtime:sf_runtime.dll
 0002:000003d0       __imp_sim_mode_is_rtw_gen  000000018005a3d0     sf_runtime:sf_runtime.dll
 0002:000003d8       __imp_sim_mode_is_external 000000018005a3d8     sf_runtime:sf_runtime.dll
 0002:000003e0       __imp_sf_is_chart_inlinable 000000018005a3e0     sf_runtime:sf_runtime.dll
 0002:000003e8       __imp_sf_rtw_info_uint_prop 000000018005a3e8     sf_runtime:sf_runtime.dll
 0002:000003f0       __imp_sf_mark_chart_expressionable_inputs 000000018005a3f0     sf_runtime:sf_runtime.dll
 0002:000003f8       __imp_sf_mark_chart_reusable_outputs 000000018005a3f8     sf_runtime:sf_runtime.dll
 0002:00000400       __imp_sf_set_rtw_dwork_info 000000018005a400     sf_runtime:sf_runtime.dll
 0002:00000408       __imp_sf_mex_import        000000018005a408     sf_runtime:sf_runtime.dll
 0002:00000410       __imp_sf_mex_dup           000000018005a410     sf_runtime:sf_runtime.dll
 0002:00000418       __imp_sf_mex_getcell       000000018005a418     sf_runtime:sf_runtime.dll
 0002:00000420       __imp_sf_mex_destroy       000000018005a420     sf_runtime:sf_runtime.dll
 0002:00000428       __imp_sf_mex_decode_encoded_mx_struct_array 000000018005a428     sf_runtime:sf_runtime.dll
 0002:00000430       __imp_sf_mex_createcellmatrix 000000018005a430     sf_runtime:sf_runtime.dll
 0002:00000438       __imp_sf_mex_setcell       000000018005a438     sf_runtime:sf_runtime.dll
 0002:00000440       __imp_sf_mex_call_matlab   000000018005a440     sf_runtime:sf_runtime.dll
 0002:00000448       __imp_sf_mex_error_message 000000018005a448     sf_runtime:sf_runtime.dll
 0002:00000450       __imp_sf_mex_create        000000018005a450     sf_runtime:sf_runtime.dll
 0002:00000458       __imp_sf_mex_assign        000000018005a458     sf_runtime:sf_runtime.dll
 0002:00000460       __imp_sf_load_rtw_optimization_info 000000018005a460     sf_runtime:sf_runtime.dll
 0002:00000468       __imp_sf_debug_initialize_machine 000000018005a468     sf_runtime:sf_runtime.dll
 0002:00000470       __imp_sf_debug_set_machine_event_thresholds 000000018005a470     sf_runtime:sf_runtime.dll
 0002:00000478       __imp_sf_debug_set_machine_data_thresholds 000000018005a478     sf_runtime:sf_runtime.dll
 0002:00000480       \177sf_runtime_NULL_THUNK_DATA 000000018005a480     sf_runtime:sf_runtime.dll
 0002:00000488       __xc_a                     000000018005a488     MSVCRT:cinitexe.obj
 0002:00000490       __xc_z                     000000018005a490     MSVCRT:cinitexe.obj
 0002:00000498       __xi_a                     000000018005a498     MSVCRT:cinitexe.obj
 0002:000004a8       __xi_z                     000000018005a4a8     MSVCRT:cinitexe.obj
 0002:000004b0       __real@41c825785e800000    000000018005a4b0     VCU_CS75_12_27_test_sfun.obj
 0002:000004b8       __real@41c7f6e33b000000    000000018005a4b8     VCU_CS75_12_27_test_sfun.obj
 0002:000004c0       __real@41e2d9cd04200000    000000018005a4c0     VCU_CS75_12_27_test_sfun.obj
 0002:000004c8       __real@418ae3ec78000000    000000018005a4c8     VCU_CS75_12_27_test_sfun.obj
 0002:000004d0       __real@41c8d9806a800000    000000018005a4d0     VCU_CS75_12_27_test_sfun.obj
 0002:000004d8       __real@41d1f38be6c00000    000000018005a4d8     VCU_CS75_12_27_test_sfun.obj
 0002:000004e0       __real@41e341355f400000    000000018005a4e0     VCU_CS75_12_27_test_sfun.obj
 0002:000004e8       __real@41b03b3216000000    000000018005a4e8     VCU_CS75_12_27_test_sfun.obj
 0002:000004f0       __real@41c09f3898000000    000000018005a4f0     VCU_CS75_12_27_test_sfun.obj
 0002:000004f8       __real@41e6f94667800000    000000018005a4f8     VCU_CS75_12_27_test_sfun.obj
 0002:00000500       __real@41d1f179d9800000    000000018005a500     VCU_CS75_12_27_test_sfun.obj
 0002:00000508       __real@41e885023ce00000    000000018005a508     VCU_CS75_12_27_test_sfun.obj
 0002:00000510       __real@41bbfe37d9000000    000000018005a510     VCU_CS75_12_27_test_sfun.obj
 0002:00000518       __real@41ea9f7ca8c00000    000000018005a518     VCU_CS75_12_27_test_sfun.obj
 0002:00000520       __real@41e9c88ed7a00000    000000018005a520     VCU_CS75_12_27_test_sfun.obj
 0002:00000528       __real@41ef9975a1400000    000000018005a528     VCU_CS75_12_27_test_sfun.obj
 0002:00000530       __real@41ca31e714800000    000000018005a530     c1_VCU_CS75_12_27_test.obj
 0002:00000538       __real@41e281aba3a00000    000000018005a538     c1_VCU_CS75_12_27_test.obj
 0002:00000540       __real@41eb479af1200000    000000018005a540     c1_VCU_CS75_12_27_test.obj
 0002:00000548       __real@41933a70d8000000    000000018005a548     c1_VCU_CS75_12_27_test.obj
 0002:00000550       __real@4024000000000000    000000018005a550     c1_VCU_CS75_12_27_test.obj
 0002:00000558       __real@3ff0000000000000    000000018005a558     c1_VCU_CS75_12_27_test.obj
 0002:00000560       __real@0000000000000000    000000018005a560     c1_VCU_CS75_12_27_test.obj
 0002:00000568       __real@4000000000000000    000000018005a568     c1_VCU_CS75_12_27_test.obj
 0002:00000570       __real@41e2b2f330a00000    000000018005a570     c2_VCU_CS75_12_27_test.obj
 0002:00000578       __real@41cd2460fe800000    000000018005a578     c2_VCU_CS75_12_27_test.obj
 0002:00000580       __real@41ed4786cf200000    000000018005a580     c2_VCU_CS75_12_27_test.obj
 0002:00000588       __real@41e54d2b36200000    000000018005a588     c2_VCU_CS75_12_27_test.obj
 0002:00000590       __real@4034000000000000    000000018005a590     c2_VCU_CS75_12_27_test.obj
 0002:00000598       __real@4010000000000000    000000018005a598     c2_VCU_CS75_12_27_test.obj
 0002:000005a0       __real@41e8aea24c400000    000000018005a5a0     c4_VCU_CS75_12_27_test.obj
 0002:000005a8       __real@41debef7a4400000    000000018005a5a8     c4_VCU_CS75_12_27_test.obj
 0002:000005b0       __real@41d0b8eece400000    000000018005a5b0     c4_VCU_CS75_12_27_test.obj
 0002:000005b8       __real@41e1799204200000    000000018005a5b8     c4_VCU_CS75_12_27_test.obj
 0002:000005c0       __real@4008000000000000    000000018005a5c0     c4_VCU_CS75_12_27_test.obj
 0002:000005c8       __real@41e544cfe1400000    000000018005a5c8     c6_VCU_CS75_12_27_test.obj
 0002:000005d0       __real@41e9a666a9000000    000000018005a5d0     c6_VCU_CS75_12_27_test.obj
 0002:000005d8       __real@41ecb1566f200000    000000018005a5d8     c6_VCU_CS75_12_27_test.obj
 0002:000005e0       __real@41dc72b6b5800000    000000018005a5e0     c6_VCU_CS75_12_27_test.obj
 0002:000005e8       __real@41ee44396b400000    000000018005a5e8     c7_VCU_CS75_12_27_test.obj
 0002:000005f0       __real@41cbaa955f800000    000000018005a5f0     c7_VCU_CS75_12_27_test.obj
 0002:000005f8       __real@41d3f0a631000000    000000018005a5f8     c7_VCU_CS75_12_27_test.obj
 0002:00000600       __real@41d769c57ec00000    000000018005a600     c7_VCU_CS75_12_27_test.obj
 0002:00000608       __real@41ed6ac0d7c00000    000000018005a608     c8_VCU_CS75_12_27_test.obj
 0002:00000610       __real@41cda190f1000000    000000018005a610     c8_VCU_CS75_12_27_test.obj
 0002:00000618       __real@41e174ecdb200000    000000018005a618     c8_VCU_CS75_12_27_test.obj
 0002:00000620       __real@41ba29d6d5000000    000000018005a620     c8_VCU_CS75_12_27_test.obj
 0002:00000628       __real@41e89dc479600000    000000018005a628     c9_VCU_CS75_12_27_test.obj
 0002:00000630       __real@41eb82f19b400000    000000018005a630     c9_VCU_CS75_12_27_test.obj
 0002:00000638       __real@41e8ec88e5200000    000000018005a638     c9_VCU_CS75_12_27_test.obj
 0002:00000640       __real@41ce21495c800000    000000018005a640     c9_VCU_CS75_12_27_test.obj
 0002:00000648       __real@402e000000000000    000000018005a648     c9_VCU_CS75_12_27_test.obj
 0002:00000650       __real@41ee71df13400000    000000018005a650     c11_VCU_CS75_12_27_test.obj
 0002:00000658       __real@41df45fffb400000    000000018005a658     c11_VCU_CS75_12_27_test.obj
 0002:00000660       __real@41c3db3e7d000000    000000018005a660     c11_VCU_CS75_12_27_test.obj
 0002:00000668       __real@41db0b8bbac00000    000000018005a668     c11_VCU_CS75_12_27_test.obj
 0002:00000670       __real@41eedddcbee00000    000000018005a670     c12_VCU_CS75_12_27_test.obj
 0002:00000678       __real@41db9f725e000000    000000018005a678     c12_VCU_CS75_12_27_test.obj
 0002:00000680       __real@41e57da0dbe00000    000000018005a680     c12_VCU_CS75_12_27_test.obj
 0002:00000688       __real@41ea9da464000000    000000018005a688     c12_VCU_CS75_12_27_test.obj
 0002:00000690       __real@41ce9923be000000    000000018005a690     c13_VCU_CS75_12_27_test.obj
 0002:00000698       __real@41e3647141e00000    000000018005a698     c13_VCU_CS75_12_27_test.obj
 0002:000006a0       __real@41dfed0b7f000000    000000018005a6a0     c13_VCU_CS75_12_27_test.obj
 0002:000006a8       __real@41e379970fa00000    000000018005a6a8     c13_VCU_CS75_12_27_test.obj
 0002:000006b0       __real@41d62fd756800000    000000018005a6b0     c14_VCU_CS75_12_27_test.obj
 0002:000006b8       __real@41e4a50c8ea00000    000000018005a6b8     c14_VCU_CS75_12_27_test.obj
 0002:000006c0       __real@41e5c16029e00000    000000018005a6c0     c14_VCU_CS75_12_27_test.obj
 0002:000006c8       __real@41dce0f445000000    000000018005a6c8     c14_VCU_CS75_12_27_test.obj
 0002:000006d0       __real@41e3ecbf93800000    000000018005a6d0     c16_VCU_CS75_12_27_test.obj
 0002:000006d8       __real@41e9d1052ae00000    000000018005a6d8     c16_VCU_CS75_12_27_test.obj
 0002:000006e0       __real@41ee44b1a0600000    000000018005a6e0     c16_VCU_CS75_12_27_test.obj
 0002:000006e8       __real@41d4df3dce400000    000000018005a6e8     c16_VCU_CS75_12_27_test.obj
 0002:000006f0       __mask@@NegDouble@         000000018005a6f0     c16_VCU_CS75_12_27_test.obj
 0002:00000700       __real@41efc613e2600000    000000018005a700     c17_VCU_CS75_12_27_test.obj
 0002:00000708       __real@41d7d12b5e800000    000000018005a708     c17_VCU_CS75_12_27_test.obj
 0002:00000710       __real@41ea67e0bd400000    000000018005a710     c17_VCU_CS75_12_27_test.obj
 0002:00000718       __real@41d97a4cff400000    000000018005a718     c17_VCU_CS75_12_27_test.obj
 0002:00000720       __real@41df5a526e800000    000000018005a720     c20_VCU_CS75_12_27_test.obj
 0002:00000728       __real@41d964c07a400000    000000018005a728     c20_VCU_CS75_12_27_test.obj
 0002:00000730       __real@41d58cf67f400000    000000018005a730     c20_VCU_CS75_12_27_test.obj
 0002:00000738       __real@41e6606af6400000    000000018005a738     c20_VCU_CS75_12_27_test.obj
 0002:00000740       __real@4059000000000000    000000018005a740     c20_VCU_CS75_12_27_test.obj
 0002:00000748       __real@4031000000000000    000000018005a748     c20_VCU_CS75_12_27_test.obj
 0002:00000750       __real@41de76ad77400000    000000018005a750     c26_VCU_CS75_12_27_test.obj
 0002:00000758       __real@41caebc84e800000    000000018005a758     c26_VCU_CS75_12_27_test.obj
 0002:00000760       __real@41e3cb59ece00000    000000018005a760     c26_VCU_CS75_12_27_test.obj
 0002:00000768       __real@41ec7c465dc00000    000000018005a768     c26_VCU_CS75_12_27_test.obj
 0002:00000770       __real@41e0769c97000000    000000018005a770     c27_VCU_CS75_12_27_test.obj
 0002:00000778       __real@41d6a8a634000000    000000018005a778     c27_VCU_CS75_12_27_test.obj
 0002:00000780       __real@41e08c98b0800000    000000018005a780     c27_VCU_CS75_12_27_test.obj
 0002:00000788       __real@41ee09157c200000    000000018005a788     c27_VCU_CS75_12_27_test.obj
 0002:00000790       __real@41d4fdd2a4400000    000000018005a790     c28_VCU_CS75_12_27_test.obj
 0002:00000798       __real@41b1b7c101000000    000000018005a798     c28_VCU_CS75_12_27_test.obj
 0002:000007a0       __real@41d312f6c5c00000    000000018005a7a0     c28_VCU_CS75_12_27_test.obj
 0002:000007a8       __real@41db751814400000    000000018005a7a8     c28_VCU_CS75_12_27_test.obj
 0002:000007b0       __real@41ea5a6401a00000    000000018005a7b0     c29_VCU_CS75_12_27_test.obj
 0002:000007b8       __real@41e5f5ad76c00000    000000018005a7b8     c29_VCU_CS75_12_27_test.obj
 0002:000007c0       __real@41e1139ea8800000    000000018005a7c0     c29_VCU_CS75_12_27_test.obj
 0002:000007c8       __real@41e59fd112000000    000000018005a7c8     c29_VCU_CS75_12_27_test.obj
 0002:000007d0       __real@41a839fc14000000    000000018005a7d0     c30_VCU_CS75_12_27_test.obj
 0002:000007d8       __real@41edd5c412200000    000000018005a7d8     c30_VCU_CS75_12_27_test.obj
 0002:000007e0       __real@41cf8de5d4800000    000000018005a7e0     c30_VCU_CS75_12_27_test.obj
 0002:000007e8       __real@41d43ad1af400000    000000018005a7e8     c30_VCU_CS75_12_27_test.obj
 0002:000007f0       DYNAMIC_DIMENSION_DEF      000000018005a7f0     VCU_CS75_12_27_test_sfun_registry.obj
 0002:00000810       _ssBadLevel2InputAccessMsg 000000018005a810     VCU_CS75_12_27_test_sfun_registry.obj
 0002:000009a0       _ssBadLevel2DirectFeedMsg  000000018005a9a0     VCU_CS75_12_27_test_sfun_registry.obj
 0002:00000ae0       _ssBadLevel2DirectFeedSolutionMsg 000000018005aae0     VCU_CS75_12_27_test_sfun_registry.obj
 0002:00000b50       _ssBadLevel2ZeroDirectFeedMsg 000000018005ab50     VCU_CS75_12_27_test_sfun_registry.obj
 0002:00000c90       _ssBadLevel2ZeroDirectFeedMsg2 000000018005ac90     VCU_CS75_12_27_test_sfun_registry.obj
 0002:00000d78       __real@bff0000000000000    000000018005ad78     VCU_CS75_12_27_test_sfun_registry.obj
 0002:00000d80       __real@41602cbca0000000    000000018005ad80     VCU_CS75_12_27_test_sfun_registry.obj
 0002:00000d88       _pDefaultRawDllMain        000000018005ad88     MSVCRT:crtdll.obj
 0002:00000d88       _pRawDllMain               000000018005ad88     MSVCRT:crtdll.obj
 0002:00000da0       ?ProcessDetach@NativeDll@<CrtImplementationDetails>@@0IB 000000018005ada0     MSVCRT:tncleanup.obj
 0002:00000da4       ?ProcessAttach@NativeDll@<CrtImplementationDetails>@@0IB 000000018005ada4     MSVCRT:tncleanup.obj
 0002:00000da8       ?ThreadAttach@NativeDll@<CrtImplementationDetails>@@0IB 000000018005ada8     MSVCRT:tncleanup.obj
 0002:00000dac       ?ThreadDetach@NativeDll@<CrtImplementationDetails>@@0IB 000000018005adac     MSVCRT:tncleanup.obj
 0002:00000db0       ?ProcessVerifier@NativeDll@<CrtImplementationDetails>@@0IB 000000018005adb0     MSVCRT:tncleanup.obj
 0002:00000db8       __rtc_iaa                  000000018005adb8     MSVCRT:_initsect_.obj
 0002:00000dc0       __rtc_izz                  000000018005adc0     MSVCRT:_initsect_.obj
 0002:00000dc8       __rtc_taa                  000000018005adc8     MSVCRT:_initsect_.obj
 0002:00000dd0       __rtc_tzz                  000000018005add0     MSVCRT:_initsect_.obj
 0002:00002c98       __IMPORT_DESCRIPTOR_sf_runtime 000000018005cc98     sf_runtime:sf_runtime.dll
 0002:00002cac       __IMPORT_DESCRIPTOR_libmx  000000018005ccac     libmx:libmx.dll
 0002:00002cc0       __IMPORT_DESCRIPTOR_libmex 000000018005ccc0     libmex:libmex.dll
 0002:00002cd4       __IMPORT_DESCRIPTOR_libut  000000018005ccd4     libut:libut.dll
 0002:00002ce8       __IMPORT_DESCRIPTOR_libmwmathutil 000000018005cce8     libmwmathutil:libmwmathutil.dll
 0002:00002cfc       __IMPORT_DESCRIPTOR_MSVCR100 000000018005ccfc     MSVCRT:MSVCR100.dll
 0002:00002d10       __IMPORT_DESCRIPTOR_KERNEL32 000000018005cd10     kernel32:KERNEL32.dll
 0002:00002d24       __NULL_IMPORT_DESCRIPTOR   000000018005cd24     sf_runtime:sf_runtime.dll
 0003:0000b850       DYNAMIC_DIMENSION          0000000180069850     VCU_CS75_12_27_test_sfun_registry.obj
 0003:0000c458       __security_cookie          000000018006a458     MSVCRT:gs_cookie.obj
 0003:0000c460       __security_cookie_complement 000000018006a460     MSVCRT:gs_cookie.obj
 0003:0000c468       _fltused                   000000018006a468     MSVCRT:dllsupp.obj
 0003:0000c470       __native_dllmain_reason    000000018006a470     MSVCRT:natstart.obj
 0003:0000c474       __native_vcclrit_reason    000000018006a474     MSVCRT:natstart.obj
 0003:0000c628       sfGlobalDebugInstanceStruct 000000018006a628     VCU_CS75_12_27_test_sfun_registry.obj
 0003:0000cbb0       ?__type_info_root_node@@3U__type_info_node@@A 000000018006abb0     MSVCRT:tncleanup.obj
 0003:0000cbc0       _VCU_CS75_12_27_testMachineNumber_ 000000018006abc0     <common>
 0003:0000cbc4       __native_startup_state     000000018006abc4     <common>
 0003:0000cbc8       __native_startup_lock      000000018006abc8     <common>
 0003:0000cbd0       __onexitend                000000018006abd0     <common>
 0003:0000cbd8       __onexitbegin              000000018006abd8     <common>
 0003:0000cbe0       __dyn_tls_init_callback    000000018006abe0     <common>

 entry point at        0001:000586e0

 Static symbols

 0001:00002d50       get_sim_state_c1_VCU_CS75_12_27_test 0000000180003d50 f   c1_VCU_CS75_12_27_test.obj
 0001:00002fc0       sf_get_sim_state_info_c1_VCU_CS75_12_27_test 0000000180003fc0 f   c1_VCU_CS75_12_27_test.obj
 0001:00003190       set_sim_state_c1_VCU_CS75_12_27_test 0000000180004190 f   c1_VCU_CS75_12_27_test.obj
 0001:000032b0       c1_update_debugger_state_c1_VCU_CS75_12_27_test 00000001800042b0 f   c1_VCU_CS75_12_27_test.obj
 0001:000032c0       c1_emlrt_marshallIn        00000001800042c0 f   c1_VCU_CS75_12_27_test.obj
 0001:00003330       c1_b_emlrt_marshallIn      0000000180004330 f   c1_VCU_CS75_12_27_test.obj
 0001:000033c0       c1_d_emlrt_marshallIn      00000001800043c0 f   c1_VCU_CS75_12_27_test.obj
 0001:00003420       c1_e_emlrt_marshallIn      0000000180004420 f   c1_VCU_CS75_12_27_test.obj
 0001:00003520       mdlProcessParameters_c1_VCU_CS75_12_27_test 0000000180004520 f   c1_VCU_CS75_12_27_test.obj
 0001:00003600       initialize_params_c1_VCU_CS75_12_27_test 0000000180004600 f   c1_VCU_CS75_12_27_test.obj
 0001:00003610       mdlSetWorkWidths_c1_VCU_CS75_12_27_test 0000000180004610 f   c1_VCU_CS75_12_27_test.obj
 0001:00003b10       sf_get_instance_specialization 0000000180004b10 f   c1_VCU_CS75_12_27_test.obj
 0001:00003b20       mdlStart_c1_VCU_CS75_12_27_test 0000000180004b20 f   c1_VCU_CS75_12_27_test.obj
 0001:00003d50       init_dsm_address_info      0000000180004d50 f   c1_VCU_CS75_12_27_test.obj
 0001:00003d60       chart_debug_initialization 0000000180004d60 f   c1_VCU_CS75_12_27_test.obj
 0001:00004860       init_script_number_translation 0000000180005860 f   c1_VCU_CS75_12_27_test.obj
 0001:00004880       c1_sf_marshallOut          0000000180005880 f   c1_VCU_CS75_12_27_test.obj
 0001:00004930       c1_sf_marshallIn           0000000180005930 f   c1_VCU_CS75_12_27_test.obj
 0001:000049d0       sf_opaque_initialize_c1_VCU_CS75_12_27_test 00000001800059d0 f   c1_VCU_CS75_12_27_test.obj
 0001:00004a10       initialize_c1_VCU_CS75_12_27_test 0000000180005a10 f   c1_VCU_CS75_12_27_test.obj
 0001:00004a60       sf_opaque_enable_c1_VCU_CS75_12_27_test 0000000180005a60 f   c1_VCU_CS75_12_27_test.obj
 0001:00004a80       enable_c1_VCU_CS75_12_27_test 0000000180005a80 f   c1_VCU_CS75_12_27_test.obj
 0001:00004ab0       sf_opaque_disable_c1_VCU_CS75_12_27_test 0000000180005ab0 f   c1_VCU_CS75_12_27_test.obj
 0001:00004ad0       disable_c1_VCU_CS75_12_27_test 0000000180005ad0 f   c1_VCU_CS75_12_27_test.obj
 0001:00004b00       sf_opaque_gateway_c1_VCU_CS75_12_27_test 0000000180005b00 f   c1_VCU_CS75_12_27_test.obj
 0001:00004b20       sf_gateway_c1_VCU_CS75_12_27_test 0000000180005b20 f   c1_VCU_CS75_12_27_test.obj
 0001:000057b0       sf_opaque_get_sim_state_c1_VCU_CS75_12_27_test 00000001800067b0 f   c1_VCU_CS75_12_27_test.obj
 0001:000057d0       sf_opaque_set_sim_state_c1_VCU_CS75_12_27_test 00000001800067d0 f   c1_VCU_CS75_12_27_test.obj
 0001:00005800       sf_opaque_terminate_c1_VCU_CS75_12_27_test 0000000180006800 f   c1_VCU_CS75_12_27_test.obj
 0001:000058a0       finalize_c1_VCU_CS75_12_27_test 00000001800068a0 f   c1_VCU_CS75_12_27_test.obj
 0001:000058b0       sf_opaque_init_subchart_simstructs 00000001800068b0 f   c1_VCU_CS75_12_27_test.obj
 0001:000058d0       initSimStructsc1_VCU_CS75_12_27_test 00000001800068d0 f   c1_VCU_CS75_12_27_test.obj
 0001:000058e0       mdlRTW_c1_VCU_CS75_12_27_test 00000001800068e0 f   c1_VCU_CS75_12_27_test.obj
 0001:000064c0       get_sim_state_c2_VCU_CS75_12_27_test 00000001800074c0 f   c2_VCU_CS75_12_27_test.obj
 0001:00006730       sf_get_sim_state_info_c2_VCU_CS75_12_27_test 0000000180007730 f   c2_VCU_CS75_12_27_test.obj
 0001:00006900       set_sim_state_c2_VCU_CS75_12_27_test 0000000180007900 f   c2_VCU_CS75_12_27_test.obj
 0001:00006a20       c2_update_debugger_state_c2_VCU_CS75_12_27_test 0000000180007a20 f   c2_VCU_CS75_12_27_test.obj
 0001:00006a30       c2_emlrt_marshallIn        0000000180007a30 f   c2_VCU_CS75_12_27_test.obj
 0001:00006aa0       c2_b_emlrt_marshallIn      0000000180007aa0 f   c2_VCU_CS75_12_27_test.obj
 0001:00006b30       c2_d_emlrt_marshallIn      0000000180007b30 f   c2_VCU_CS75_12_27_test.obj
 0001:00006b90       c2_e_emlrt_marshallIn      0000000180007b90 f   c2_VCU_CS75_12_27_test.obj
 0001:00006c90       mdlProcessParameters_c2_VCU_CS75_12_27_test 0000000180007c90 f   c2_VCU_CS75_12_27_test.obj
 0001:00006d70       initialize_params_c2_VCU_CS75_12_27_test 0000000180007d70 f   c2_VCU_CS75_12_27_test.obj
 0001:00006d80       mdlSetWorkWidths_c2_VCU_CS75_12_27_test 0000000180007d80 f   c2_VCU_CS75_12_27_test.obj
 0001:000072e0       sf_get_instance_specialization 00000001800082e0 f   c2_VCU_CS75_12_27_test.obj
 0001:000072f0       mdlStart_c2_VCU_CS75_12_27_test 00000001800082f0 f   c2_VCU_CS75_12_27_test.obj
 0001:00007520       init_dsm_address_info      0000000180008520 f   c2_VCU_CS75_12_27_test.obj
 0001:00007530       chart_debug_initialization 0000000180008530 f   c2_VCU_CS75_12_27_test.obj
 0001:000082c0       init_script_number_translation 00000001800092c0 f   c2_VCU_CS75_12_27_test.obj
 0001:000082e0       c2_sf_marshallOut          00000001800092e0 f   c2_VCU_CS75_12_27_test.obj
 0001:00008390       c2_sf_marshallIn           0000000180009390 f   c2_VCU_CS75_12_27_test.obj
 0001:00008430       sf_opaque_initialize_c2_VCU_CS75_12_27_test 0000000180009430 f   c2_VCU_CS75_12_27_test.obj
 0001:00008470       initialize_c2_VCU_CS75_12_27_test 0000000180009470 f   c2_VCU_CS75_12_27_test.obj
[...]
 0001:00044f80       initialize_c26_VCU_CS75_12_27_test 0000000180045f80 f   c26_VCU_CS75_12_27_test.obj
 0001:00044fd0       sf_opaque_enable_c26_VCU_CS75_12_27_test 0000000180045fd0 f   c26_VCU_CS75_12_27_test.obj
 0001:00044ff0       enable_c26_VCU_CS75_12_27_test 0000000180045ff0 f   c26_VCU_CS75_12_27_test.obj
 0001:00045020       sf_opaque_disable_c26_VCU_CS75_12_27_test 0000000180046020 f   c26_VCU_CS75_12_27_test.obj
 0001:00045040       disable_c26_VCU_CS75_12_27_test 0000000180046040 f   c26_VCU_CS75_12_27_test.obj
 0001:00045070       sf_opaque_gateway_c26_VCU_CS75_12_27_test 0000000180046070 f   c26_VCU_CS75_12_27_test.obj
 0001:00045090       sf_gateway_c26_VCU_CS75_12_27_test 0000000180046090 f   c26_VCU_CS75_12_27_test.obj
 0001:00045aa0       sf_opaque_get_sim_state_c26_VCU_CS75_12_27_test 0000000180046aa0 f   c26_VCU_CS75_12_27_test.obj
 0001:00045ac0       sf_opaque_set_sim_state_c26_VCU_CS75_12_27_test 0000000180046ac0 f   c26_VCU_CS75_12_27_test.obj
 0001:00045af0       sf_opaque_terminate_c26_VCU_CS75_12_27_test 0000000180046af0 f   c26_VCU_CS75_12_27_test.obj
 0001:00045b90       finalize_c26_VCU_CS75_12_27_test 0000000180046b90 f   c26_VCU_CS75_12_27_test.obj
 0001:00045ba0       sf_opaque_init_subchart_simstructs 0000000180046ba0 f   c26_VCU_CS75_12_27_test.obj
 0001:00045bc0       initSimStructsc26_VCU_CS75_12_27_test 0000000180046bc0 f   c26_VCU_CS75_12_27_test.obj
 0001:00045bd0       mdlRTW_c26_VCU_CS75_12_27_test 0000000180046bd0 f   c26_VCU_CS75_12_27_test.obj
 0001:00045c80       c27_info_helper            0000000180046c80 f   c27_VCU_CS75_12_27_test.obj
 0001:00046d50       c27_emlrt_marshallOut      0000000180047d50 f   c27_VCU_CS75_12_27_test.obj
 0001:00046de0       c27_b_emlrt_marshallOut    0000000180047de0 f   c27_VCU_CS75_12_27_test.obj
 0001:00047450       get_sim_state_c27_VCU_CS75_12_27_test 0000000180048450 f   c27_VCU_CS75_12_27_test.obj
 0001:00047600       sf_get_sim_state_info_c27_VCU_CS75_12_27_test 0000000180048600 f   c27_VCU_CS75_12_27_test.obj
 0001:000477d0       set_sim_state_c27_VCU_CS75_12_27_test 00000001800487d0 f   c27_VCU_CS75_12_27_test.obj
 0001:000478b0       c27_update_debugger_state_c27_VCU_CS75_12_27_test 00000001800488b0 f   c27_VCU_CS75_12_27_test.obj
 0001:000478c0       c27_emlrt_marshallIn       00000001800488c0 f   c27_VCU_CS75_12_27_test.obj
 0001:00047930       c27_b_emlrt_marshallIn     0000000180048930 f   c27_VCU_CS75_12_27_test.obj
 0001:000479c0       c27_d_emlrt_marshallIn     00000001800489c0 f   c27_VCU_CS75_12_27_test.obj
 0001:00047a20       c27_e_emlrt_marshallIn     0000000180048a20 f   c27_VCU_CS75_12_27_test.obj
 0001:00047b20       mdlProcessParameters_c27_VCU_CS75_12_27_test 0000000180048b20 f   c27_VCU_CS75_12_27_test.obj
 0001:00047c00       initialize_params_c27_VCU_CS75_12_27_test 0000000180048c00 f   c27_VCU_CS75_12_27_test.obj
 0001:00047c10       mdlSetWorkWidths_c27_VCU_CS75_12_27_test 0000000180048c10 f   c27_VCU_CS75_12_27_test.obj
 0001:000480e0       sf_get_instance_specialization 00000001800490e0 f   c27_VCU_CS75_12_27_test.obj
 0001:000480f0       mdlStart_c27_VCU_CS75_12_27_test 00000001800490f0 f   c27_VCU_CS75_12_27_test.obj
 0001:00048320       init_dsm_address_info      0000000180049320 f   c27_VCU_CS75_12_27_test.obj
 0001:00048330       chart_debug_initialization 0000000180049330 f   c27_VCU_CS75_12_27_test.obj
 0001:00048ae0       init_script_number_translation 0000000180049ae0 f   c27_VCU_CS75_12_27_test.obj
 0001:00048b00       c27_sf_marshallOut         0000000180049b00 f   c27_VCU_CS75_12_27_test.obj
 0001:00048bb0       c27_sf_marshallIn          0000000180049bb0 f   c27_VCU_CS75_12_27_test.obj
 0001:00048c50       sf_opaque_initialize_c27_VCU_CS75_12_27_test 0000000180049c50 f   c27_VCU_CS75_12_27_test.obj
 0001:00048c90       initialize_c27_VCU_CS75_12_27_test 0000000180049c90 f   c27_VCU_CS75_12_27_test.obj
 0001:00048ce0       sf_opaque_enable_c27_VCU_CS75_12_27_test 0000000180049ce0 f   c27_VCU_CS75_12_27_test.obj
 0001:00048d00       enable_c27_VCU_CS75_12_27_test 0000000180049d00 f   c27_VCU_CS75_12_27_test.obj
 0001:00048d30       sf_opaque_disable_c27_VCU_CS75_12_27_test 0000000180049d30 f   c27_VCU_CS75_12_27_test.obj
 0001:00048d50       disable_c27_VCU_CS75_12_27_test 0000000180049d50 f   c27_VCU_CS75_12_27_test.obj
 0001:00048d80       sf_opaque_gateway_c27_VCU_CS75_12_27_test 0000000180049d80 f   c27_VCU_CS75_12_27_test.obj
 0001:00048da0       sf_gateway_c27_VCU_CS75_12_27_test 0000000180049da0 f   c27_VCU_CS75_12_27_test.obj
 0001:00049510       sf_opaque_get_sim_state_c27_VCU_CS75_12_27_test 000000018004a510 f   c27_VCU_CS75_12_27_test.obj
 0001:00049530       sf_opaque_set_sim_state_c27_VCU_CS75_12_27_test 000000018004a530 f   c27_VCU_CS75_12_27_test.obj
 0001:00049560       sf_opaque_terminate_c27_VCU_CS75_12_27_test 000000018004a560 f   c27_VCU_CS75_12_27_test.obj
 0001:00049600       finalize_c27_VCU_CS75_12_27_test 000000018004a600 f   c27_VCU_CS75_12_27_test.obj
 0001:00049610       sf_opaque_init_subchart_simstructs 000000018004a610 f   c27_VCU_CS75_12_27_test.obj
 0001:00049630       initSimStructsc27_VCU_CS75_12_27_test 000000018004a630 f   c27_VCU_CS75_12_27_test.obj
 0001:00049640       mdlRTW_c27_VCU_CS75_12_27_test 000000018004a640 f   c27_VCU_CS75_12_27_test.obj
 0001:00049e50       get_sim_state_c28_VCU_CS75_12_27_test 000000018004ae50 f   c28_VCU_CS75_12_27_test.obj
 0001:0004a000       sf_get_sim_state_info_c28_VCU_CS75_12_27_test 000000018004b000 f   c28_VCU_CS75_12_27_test.obj
 0001:0004a1d0       set_sim_state_c28_VCU_CS75_12_27_test 000000018004b1d0 f   c28_VCU_CS75_12_27_test.obj
 0001:0004a2b0       c28_update_debugger_state_c28_VCU_CS75_12_27_test 000000018004b2b0 f   c28_VCU_CS75_12_27_test.obj
 0001:0004a2c0       c28_emlrt_marshallIn       000000018004b2c0 f   c28_VCU_CS75_12_27_test.obj
 0001:0004a330       c28_b_emlrt_marshallIn     000000018004b330 f   c28_VCU_CS75_12_27_test.obj
 0001:0004a3c0       c28_d_emlrt_marshallIn     000000018004b3c0 f   c28_VCU_CS75_12_27_test.obj
 0001:0004a420       c28_e_emlrt_marshallIn     000000018004b420 f   c28_VCU_CS75_12_27_test.obj
 0001:0004a520       mdlProcessParameters_c28_VCU_CS75_12_27_test 000000018004b520 f   c28_VCU_CS75_12_27_test.obj
 0001:0004a600       initialize_params_c28_VCU_CS75_12_27_test 000000018004b600 f   c28_VCU_CS75_12_27_test.obj
 0001:0004a610       mdlSetWorkWidths_c28_VCU_CS75_12_27_test 000000018004b610 f   c28_VCU_CS75_12_27_test.obj
 0001:0004ab10       sf_get_instance_specialization 000000018004bb10 f   c28_VCU_CS75_12_27_test.obj
 0001:0004ab20       mdlStart_c28_VCU_CS75_12_27_test 000000018004bb20 f   c28_VCU_CS75_12_27_test.obj
 0001:0004ad50       init_dsm_address_info      000000018004bd50 f   c28_VCU_CS75_12_27_test.obj
 0001:0004ad60       chart_debug_initialization 000000018004bd60 f   c28_VCU_CS75_12_27_test.obj
 0001:0004b6d0       init_script_number_translation 000000018004c6d0 f   c28_VCU_CS75_12_27_test.obj
 0001:0004b6f0       c28_sf_marshallOut         000000018004c6f0 f   c28_VCU_CS75_12_27_test.obj
 0001:0004b7a0       c28_sf_marshallIn          000000018004c7a0 f   c28_VCU_CS75_12_27_test.obj
 0001:0004b840       sf_opaque_initialize_c28_VCU_CS75_12_27_test 000000018004c840 f   c28_VCU_CS75_12_27_test.obj
 0001:0004b880       initialize_c28_VCU_CS75_12_27_test 000000018004c880 f   c28_VCU_CS75_12_27_test.obj
 0001:0004b8d0       sf_opaque_enable_c28_VCU_CS75_12_27_test 000000018004c8d0 f   c28_VCU_CS75_12_27_test.obj
 0001:0004b8f0       enable_c28_VCU_CS75_12_27_test 000000018004c8f0 f   c28_VCU_CS75_12_27_test.obj
 0001:0004b920       sf_opaque_disable_c28_VCU_CS75_12_27_test 000000018004c920 f   c28_VCU_CS75_12_27_test.obj
 0001:0004b940       disable_c28_VCU_CS75_12_27_test 000000018004c940 f   c28_VCU_CS75_12_27_test.obj
 0001:0004b970       sf_opaque_gateway_c28_VCU_CS75_12_27_test 000000018004c970 f   c28_VCU_CS75_12_27_test.obj
 0001:0004b990       sf_gateway_c28_VCU_CS75_12_27_test 000000018004c990 f   c28_VCU_CS75_12_27_test.obj
 0001:0004c300       sf_opaque_get_sim_state_c28_VCU_CS75_12_27_test 000000018004d300 f   c28_VCU_CS75_12_27_test.obj
 0001:0004c320       sf_opaque_set_sim_state_c28_VCU_CS75_12_27_test 000000018004d320 f   c28_VCU_CS75_12_27_test.obj
 0001:0004c350       sf_opaque_terminate_c28_VCU_CS75_12_27_test 000000018004d350 f   c28_VCU_CS75_12_27_test.obj
 0001:0004c3f0       finalize_c28_VCU_CS75_12_27_test 000000018004d3f0 f   c28_VCU_CS75_12_27_test.obj
 0001:0004c400       sf_opaque_init_subchart_simstructs 000000018004d400 f   c28_VCU_CS75_12_27_test.obj
 0001:0004c420       initSimStructsc28_VCU_CS75_12_27_test 000000018004d420 f   c28_VCU_CS75_12_27_test.obj
 0001:0004c430       mdlRTW_c28_VCU_CS75_12_27_test 000000018004d430 f   c28_VCU_CS75_12_27_test.obj
 0001:0004caf0       get_sim_state_c29_VCU_CS75_12_27_test 000000018004daf0 f   c29_VCU_CS75_12_27_test.obj
 0001:0004cc90       sf_get_sim_state_info_c29_VCU_CS75_12_27_test 000000018004dc90 f   c29_VCU_CS75_12_27_test.obj
 0001:0004ce60       set_sim_state_c29_VCU_CS75_12_27_test 000000018004de60 f   c29_VCU_CS75_12_27_test.obj
 0001:0004cf40       c29_update_debugger_state_c29_VCU_CS75_12_27_test 000000018004df40 f   c29_VCU_CS75_12_27_test.obj
 0001:0004cf50       c29_emlrt_marshallIn       000000018004df50 f   c29_VCU_CS75_12_27_test.obj
 0001:0004cfc0       c29_b_emlrt_marshallIn     000000018004dfc0 f   c29_VCU_CS75_12_27_test.obj
 0001:0004d050       c29_d_emlrt_marshallIn     000000018004e050 f   c29_VCU_CS75_12_27_test.obj
 0001:0004d0b0       c29_e_emlrt_marshallIn     000000018004e0b0 f   c29_VCU_CS75_12_27_test.obj
 0001:0004d1b0       mdlProcessParameters_c29_VCU_CS75_12_27_test 000000018004e1b0 f   c29_VCU_CS75_12_27_test.obj
 0001:0004d290       initialize_params_c29_VCU_CS75_12_27_test 000000018004e290 f   c29_VCU_CS75_12_27_test.obj
 0001:0004d2a0       mdlSetWorkWidths_c29_VCU_CS75_12_27_test 000000018004e2a0 f   c29_VCU_CS75_12_27_test.obj
 0001:0004d770       sf_get_instance_specialization 000000018004e770 f   c29_VCU_CS75_12_27_test.obj
 0001:0004d780       mdlStart_c29_VCU_CS75_12_27_test 000000018004e780 f   c29_VCU_CS75_12_27_test.obj
 0001:0004d9b0       init_dsm_address_info      000000018004e9b0 f   c29_VCU_CS75_12_27_test.obj
 0001:0004d9c0       chart_debug_initialization 000000018004e9c0 f   c29_VCU_CS75_12_27_test.obj
 0001:0004e170       init_script_number_translation 000000018004f170 f   c29_VCU_CS75_12_27_test.obj
 0001:0004e190       c29_sf_marshallOut         000000018004f190 f   c29_VCU_CS75_12_27_test.obj
 0001:0004e240       c29_sf_marshallIn          000000018004f240 f   c29_VCU_CS75_12_27_test.obj
 0001:0004e2e0       sf_opaque_initialize_c29_VCU_CS75_12_27_test 000000018004f2e0 f   c29_VCU_CS75_12_27_test.obj
 0001:0004e320       initialize_c29_VCU_CS75_12_27_test 000000018004f320 f   c29_VCU_CS75_12_27_test.obj
 0001:0004e370       sf_opaque_enable_c29_VCU_CS75_12_27_test 000000018004f370 f   c29_VCU_CS75_12_27_test.obj
 0001:0004e390       enable_c29_VCU_CS75_12_27_test 000000018004f390 f   c29_VCU_CS75_12_27_test.obj
 0001:0004e3c0       sf_opaque_disable_c29_VCU_CS75_12_27_test 000000018004f3c0 f   c29_VCU_CS75_12_27_test.obj
 0001:0004e3e0       disable_c29_VCU_CS75_12_27_test 000000018004f3e0 f   c29_VCU_CS75_12_27_test.obj
 0001:0004e410       sf_opaque_gateway_c29_VCU_CS75_12_27_test 000000018004f410 f   c29_VCU_CS75_12_27_test.obj
 0001:0004e430       sf_gateway_c29_VCU_CS75_12_27_test 000000018004f430 f   c29_VCU_CS75_12_27_test.obj
 0001:0004eb50       sf_opaque_get_sim_state_c29_VCU_CS75_12_27_test 000000018004fb50 f   c29_VCU_CS75_12_27_test.obj
 0001:0004eb70       sf_opaque_set_sim_state_c29_VCU_CS75_12_27_test 000000018004fb70 f   c29_VCU_CS75_12_27_test.obj
 0001:0004eba0       sf_opaque_terminate_c29_VCU_CS75_12_27_test 000000018004fba0 f   c29_VCU_CS75_12_27_test.obj
 0001:0004ec40       finalize_c29_VCU_CS75_12_27_test 000000018004fc40 f   c29_VCU_CS75_12_27_test.obj
 0001:0004ec50       sf_opaque_init_subchart_simstructs 000000018004fc50 f   c29_VCU_CS75_12_27_test.obj
 0001:0004ec70       initSimStructsc29_VCU_CS75_12_27_test 000000018004fc70 f   c29_VCU_CS75_12_27_test.obj
 0001:0004ec80       mdlRTW_c29_VCU_CS75_12_27_test 000000018004fc80 f   c29_VCU_CS75_12_27_test.obj
 0001:0004f490       get_sim_state_c30_VCU_CS75_12_27_test 0000000180050490 f   c30_VCU_CS75_12_27_test.obj
 0001:0004f630       sf_get_sim_state_info_c30_VCU_CS75_12_27_test 0000000180050630 f   c30_VCU_CS75_12_27_test.obj
 0001:0004f800       set_sim_state_c30_VCU_CS75_12_27_test 0000000180050800 f   c30_VCU_CS75_12_27_test.obj
 0001:0004f8e0       c30_update_debugger_state_c30_VCU_CS75_12_27_test 00000001800508e0 f   c30_VCU_CS75_12_27_test.obj
 0001:0004f8f0       c30_emlrt_marshallIn       00000001800508f0 f   c30_VCU_CS75_12_27_test.obj
 0001:0004f960       c30_b_emlrt_marshallIn     0000000180050960 f   c30_VCU_CS75_12_27_test.obj
 0001:0004f9f0       c30_d_emlrt_marshallIn     00000001800509f0 f   c30_VCU_CS75_12_27_test.obj
 0001:0004fa50       c30_e_emlrt_marshallIn     0000000180050a50 f   c30_VCU_CS75_12_27_test.obj
 0001:0004fb50       mdlProcessParameters_c30_VCU_CS75_12_27_test 0000000180050b50 f   c30_VCU_CS75_12_27_test.obj
 0001:0004fc30       initialize_params_c30_VCU_CS75_12_27_test 0000000180050c30 f   c30_VCU_CS75_12_27_test.obj
 0001:0004fc40       mdlSetWorkWidths_c30_VCU_CS75_12_27_test 0000000180050c40 f   c30_VCU_CS75_12_27_test.obj
 0001:00050140       sf_get_instance_specialization 0000000180051140 f   c30_VCU_CS75_12_27_test.obj
 0001:00050150       mdlStart_c30_VCU_CS75_12_27_test 0000000180051150 f   c30_VCU_CS75_12_27_test.obj
 0001:00050380       init_dsm_address_info      0000000180051380 f   c30_VCU_CS75_12_27_test.obj
 0001:00050390       chart_debug_initialization 0000000180051390 f   c30_VCU_CS75_12_27_test.obj
 0001:00050d00       init_script_number_translation 0000000180051d00 f   c30_VCU_CS75_12_27_test.obj
 0001:00050d20       c30_sf_marshallOut         0000000180051d20 f   c30_VCU_CS75_12_27_test.obj
 0001:00050dd0       c30_sf_marshallIn          0000000180051dd0 f   c30_VCU_CS75_12_27_test.obj
 0001:00050e70       sf_opaque_initialize_c30_VCU_CS75_12_27_test 0000000180051e70 f   c30_VCU_CS75_12_27_test.obj
 0001:00050eb0       initialize_c30_VCU_CS75_12_27_test 0000000180051eb0 f   c30_VCU_CS75_12_27_test.obj
 0001:00050f00       sf_opaque_enable_c30_VCU_CS75_12_27_test 0000000180051f00 f   c30_VCU_CS75_12_27_test.obj
 0001:00050f20       enable_c30_VCU_CS75_12_27_test 0000000180051f20 f   c30_VCU_CS75_12_27_test.obj
 0001:00050f50       sf_opaque_disable_c30_VCU_CS75_12_27_test 0000000180051f50 f   c30_VCU_CS75_12_27_test.obj
 0001:00050f70       disable_c30_VCU_CS75_12_27_test 0000000180051f70 f   c30_VCU_CS75_12_27_test.obj
 0001:00050fa0       sf_opaque_gateway_c30_VCU_CS75_12_27_test 0000000180051fa0 f   c30_VCU_CS75_12_27_test.obj
 0001:00050fc0       sf_gateway_c30_VCU_CS75_12_27_test 0000000180051fc0 f   c30_VCU_CS75_12_27_test.obj
 0001:00051940       sf_opaque_get_sim_state_c30_VCU_CS75_12_27_test 0000000180052940 f   c30_VCU_CS75_12_27_test.obj
 0001:00051960       sf_opaque_set_sim_state_c30_VCU_CS75_12_27_test 0000000180052960 f   c30_VCU_CS75_12_27_test.obj
 0001:00051990       sf_opaque_terminate_c30_VCU_CS75_12_27_test 0000000180052990 f   c30_VCU_CS75_12_27_test.obj
 0001:00051a30       finalize_c30_VCU_CS75_12_27_test 0000000180052a30 f   c30_VCU_CS75_12_27_test.obj
 0001:00051a40       sf_opaque_init_subchart_simstructs 0000000180052a40 f   c30_VCU_CS75_12_27_test.obj
 0001:00051a60       initSimStructsc30_VCU_CS75_12_27_test 0000000180052a60 f   c30_VCU_CS75_12_27_test.obj
 0001:00051a70       mdlRTW_c30_VCU_CS75_12_27_test 0000000180052a70 f   c30_VCU_CS75_12_27_test.obj
 0001:000523e0       getChartInfoFromSimStruct  00000001800533e0 f   VCU_CS75_12_27_test_sfun_registry.obj
 0001:00053a80       _ssFatalError              0000000180054a80 f   VCU_CS75_12_27_test_sfun_registry.obj
 0001:00056b30       ProcessMexSfunctionCmdLineCall 0000000180057b30 f   VCU_CS75_12_27_test_sfun_registry.obj
 0001:00056c60       sf_debug_api_wrapper       0000000180057c60 f   VCU_CS75_12_27_test_sfun_registry.obj
 0001:00056cb0       mdlStart                   0000000180057cb0 f   VCU_CS75_12_27_test_sfun_registry.obj
 0001:00056ce0       mdl_start_processing       0000000180057ce0 f   VCU_CS75_12_27_test_sfun_registry.obj
 0001:00056d70       mdlTerminate               0000000180057d70 f   VCU_CS75_12_27_test_sfun_registry.obj
 0001:00056da0       mdl_terminate_processing   0000000180057da0 f   VCU_CS75_12_27_test_sfun_registry.obj
 0001:00056e20       mdlInitializeSampleTimes   0000000180057e20 f   VCU_CS75_12_27_test_sfun_registry.obj
 0001:00056e50       mdlZeroCrossings           0000000180057e50 f   VCU_CS75_12_27_test_sfun_registry.obj
 0001:00056e80       mdl_zeroCrossings_processing 0000000180057e80 f   VCU_CS75_12_27_test_sfun_registry.obj
 0001:00056ec0       mdlDerivatives             0000000180057ec0 f   VCU_CS75_12_27_test_sfun_registry.obj
 0001:00056ef0       mdl_derivatives_processing 0000000180057ef0 f   VCU_CS75_12_27_test_sfun_registry.obj
 0001:00056f40       mdlInitializeConditions    0000000180057f40 f   VCU_CS75_12_27_test_sfun_registry.obj
 0001:00056f70       mdl_initialize_conditions_processing 0000000180057f70 f   VCU_CS75_12_27_test_sfun_registry.obj
 0001:00056fc0       mdlEnable                  0000000180057fc0 f   VCU_CS75_12_27_test_sfun_registry.obj
 0001:00056ff0       mdl_enable_processing      0000000180057ff0 f   VCU_CS75_12_27_test_sfun_registry.obj
 0001:00057030       mdlDisable                 0000000180058030 f   VCU_CS75_12_27_test_sfun_registry.obj
 0001:00057060       mdl_disable_processing     0000000180058060 f   VCU_CS75_12_27_test_sfun_registry.obj
 0001:000570a0       mdlOutputs                 00000001800580a0 f   VCU_CS75_12_27_test_sfun_registry.obj
 0001:000570d0       mdl_outputs_processing     00000001800580d0 f   VCU_CS75_12_27_test_sfun_registry.obj
 0001:000571b0       mdl_outputs_continuous_legacy 00000001800581b0 f   VCU_CS75_12_27_test_sfun_registry.obj
 0001:000572a0       mdlGetTimeOfNextVarHit     00000001800582a0 f   VCU_CS75_12_27_test_sfun_registry.obj
 0001:000572f0       _ProcessMexSfunctionCmdLineCall 00000001800582f0 f   VCU_CS75_12_27_test_sfun_registry.obj
 0001:00057a40       mdlSetWorkWidths           0000000180058a40 f   VCU_CS75_12_27_test_sfun_registry.obj
 0001:00057a70       mdlProcessParameters       0000000180058a70 f   VCU_CS75_12_27_test_sfun_registry.obj
 0001:00057aa0       mdlInitializeSizes         0000000180058aa0 f   VCU_CS75_12_27_test_sfun_registry.obj
 0001:00057ad0       mdlExtModeExec             0000000180058ad0 f   VCU_CS75_12_27_test_sfun_registry.obj
 0001:00057b00       mdl_ext_mode_exec_processing 0000000180058b00 f   VCU_CS75_12_27_test_sfun_registry.obj
 0001:00057b40       mdlRTW                     0000000180058b40 f   VCU_CS75_12_27_test_sfun_registry.obj
 0001:00057b80       _CreateSimStruct           0000000180058b80 f   VCU_CS75_12_27_test_sfun_registry.obj
 0001:00057d10       _RegNumInputPortsCB        0000000180058d10 f   VCU_CS75_12_27_test_sfun_registry.obj
 0001:00057d90       _RegNumOutputPortsCB       0000000180058d90 f   VCU_CS75_12_27_test_sfun_registry.obj
 0001:000582e8       pre_c_init                 00000001800592e8 f   MSVCRT:crtdll.obj
 0001:000585a4       __DllMainCRTStartup        00000001800595a4 f   MSVCRT:crtdll.obj
 0001:00058c10       __DllMainCRTStartup$filt$0 0000000180059c10 f   MSVCRT:crtdll.obj
 0001:00058c40       __DllMainCRTStartup$fin$1  0000000180059c40 f   MSVCRT:crtdll.obj
 0001:00058c5a       _onexit$fin$0              0000000180059c5a f   MSVCRT:atonexit.obj
 0001:00058c80       _IsNonwritableInCurrentImage$filt$0 0000000180059c80 f   MSVCRT:pesect.obj
