 VCU_CS75_12_16_Test_sfun

 Timestamp is 5fe57539 (Fri Dec 25 13:14:33 2020)

 Preferred load address is 0000000180000000

 Start         Length     Name                   Class
 0001:00000000 00055e44H .text                   CODE
 0001:00055e50 00000092H .text$x                 CODE
 0002:00000000 00000488H .idata$5                DATA
 0002:00000488 00000008H .CRT$XCA                DATA
 0002:00000490 00000008H .CRT$XCZ                DATA
 0002:00000498 00000008H .CRT$XIA                DATA
 0002:000004a0 00000008H .CRT$XIAA               DATA
 0002:000004a8 00000008H .CRT$XIZ                DATA
 0002:000004b0 00000904H .rdata                  DATA
 0002:00000db8 00000008H .rtc$IAA                DATA
 0002:00000dc0 00000008H .rtc$IZZ                DATA
 0002:00000dc8 00000008H .rtc$TAA                DATA
 0002:00000dd0 00000008H .rtc$TZZ                DATA
 0002:00000dd8 00001ea8H .xdata                  DATA
 0002:00002c80 0000008cH .idata$2                DATA
 0002:00002d0c 00000014H .idata$3                DATA
 0002:00002d20 00000488H .idata$4                DATA
 0002:000031a8 00000cc2H .idata$6                DATA
 0002:00003e70 0000005eH .edata                  DATA
 0003:00000000 0000bcf8H .data                   DATA
 0003:0000bd00 00000768H .bss                    DATA
 0004:00000000 00002b14H .pdata                  DATA

  Address         Publics by Value              Rva+Base               Lib:Object

 0000:00000000       ___safe_se_handler_count   0000000000000000     <absolute>
 0000:00000000       ___safe_se_handler_table   0000000000000000     <absolute>
 0000:00000000       __ImageBase                0000000180000000     <linker-defined>
 0001:00000000       VCU_CS75_12_16_Test_initializer 0000000180001000 f   VCU_CS75_12_16_Test_sfun.obj
 0001:00000010       VCU_CS75_12_16_Test_terminator 0000000180001010 f   VCU_CS75_12_16_Test_sfun.obj
 0001:00000020       sf_VCU_CS75_12_16_Test_method_dispatcher 0000000180001020 f   VCU_CS75_12_16_Test_sfun.obj
 0001:00000380       sf_VCU_CS75_12_16_Test_process_check_sum_call 0000000180001380 f   VCU_CS75_12_16_Test_sfun.obj
 0001:00000970       sf_VCU_CS75_12_16_Test_autoinheritance_info 0000000180001970 f   VCU_CS75_12_16_Test_sfun.obj
 0001:00001180       sf_VCU_CS75_12_16_Test_get_eml_resolved_functions_info 0000000180002180 f   VCU_CS75_12_16_Test_sfun.obj
 0001:00001800       sf_VCU_CS75_12_16_Test_third_party_uses_info 0000000180002800 f   VCU_CS75_12_16_Test_sfun.obj
 0001:00001d90       sf_VCU_CS75_12_16_Test_updateBuildInfo_args_info 0000000180002d90 f   VCU_CS75_12_16_Test_sfun.obj
 0001:00002320       VCU_CS75_12_16_Test_debug_initialize 0000000180003320 f   VCU_CS75_12_16_Test_sfun.obj
 0001:000023a0       VCU_CS75_12_16_Test_register_exported_symbols 00000001800033a0 f   VCU_CS75_12_16_Test_sfun.obj
 0001:000023b0       load_VCU_CS75_12_16_Test_optimization_info 00000001800033b0 f   VCU_CS75_12_16_Test_sfun.obj
 0001:00002400       unload_VCU_CS75_12_16_Test_optimization_info 0000000180003400 f   VCU_CS75_12_16_Test_sfun.obj
 0001:00002430       sf_c1_VCU_CS75_12_16_Test_get_eml_resolved_functions_info 0000000180003430 f   c1_VCU_CS75_12_16_Test.obj
 0001:000024b0       sf_c1_VCU_CS75_12_16_Test_get_check_sum 00000001800034b0 f   c1_VCU_CS75_12_16_Test.obj
 0001:00002530       sf_c1_VCU_CS75_12_16_Test_get_autoinheritance_info 0000000180003530 f   c1_VCU_CS75_12_16_Test.obj
 0001:00002bf0       sf_c1_VCU_CS75_12_16_Test_third_party_uses_info 0000000180003bf0 f   c1_VCU_CS75_12_16_Test.obj
 0001:00002c20       sf_c1_VCU_CS75_12_16_Test_updateBuildInfo_args_info 0000000180003c20 f   c1_VCU_CS75_12_16_Test.obj
 0001:00002c50       sf_internal_get_sim_state_c1_VCU_CS75_12_16_Test 0000000180003c50 f   c1_VCU_CS75_12_16_Test.obj
 0001:00003080       sf_internal_set_sim_state_c1_VCU_CS75_12_16_Test 0000000180004080 f   c1_VCU_CS75_12_16_Test.obj
 0001:000034b0       c1_VCU_CS75_12_16_Test_method_dispatcher 00000001800044b0 f   c1_VCU_CS75_12_16_Test.obj
 0001:00005920       sf_c2_VCU_CS75_12_16_Test_get_eml_resolved_functions_info 0000000180006920 f   c2_VCU_CS75_12_16_Test.obj
 0001:000059a0       sf_c2_VCU_CS75_12_16_Test_get_check_sum 00000001800069a0 f   c2_VCU_CS75_12_16_Test.obj
 0001:00005a20       sf_c2_VCU_CS75_12_16_Test_get_autoinheritance_info 0000000180006a20 f   c2_VCU_CS75_12_16_Test.obj
 0001:00006360       sf_c2_VCU_CS75_12_16_Test_third_party_uses_info 0000000180007360 f   c2_VCU_CS75_12_16_Test.obj
 0001:00006390       sf_c2_VCU_CS75_12_16_Test_updateBuildInfo_args_info 0000000180007390 f   c2_VCU_CS75_12_16_Test.obj
 0001:000063c0       sf_internal_get_sim_state_c2_VCU_CS75_12_16_Test 00000001800073c0 f   c2_VCU_CS75_12_16_Test.obj
 0001:000067f0       sf_internal_set_sim_state_c2_VCU_CS75_12_16_Test 00000001800077f0 f   c2_VCU_CS75_12_16_Test.obj
 0001:00006c20       c2_VCU_CS75_12_16_Test_method_dispatcher 0000000180007c20 f   c2_VCU_CS75_12_16_Test.obj
 0001:000092e0       sf_c3_VCU_CS75_12_16_Test_get_eml_resolved_functions_info 000000018000a2e0 f   c3_VCU_CS75_12_16_Test.obj
 0001:00009360       sf_c3_VCU_CS75_12_16_Test_get_check_sum 000000018000a360 f   c3_VCU_CS75_12_16_Test.obj
 0001:000093e0       sf_c3_VCU_CS75_12_16_Test_get_autoinheritance_info 000000018000a3e0 f   c3_VCU_CS75_12_16_Test.obj
 0001:00009d20       sf_c3_VCU_CS75_12_16_Test_third_party_uses_info 000000018000ad20 f   c3_VCU_CS75_12_16_Test.obj
 0001:00009d50       sf_c3_VCU_CS75_12_16_Test_updateBuildInfo_args_info 000000018000ad50 f   c3_VCU_CS75_12_16_Test.obj
 0001:00009d80       sf_internal_get_sim_state_c3_VCU_CS75_12_16_Test 000000018000ad80 f   c3_VCU_CS75_12_16_Test.obj
 0001:0000a1b0       sf_internal_set_sim_state_c3_VCU_CS75_12_16_Test 000000018000b1b0 f   c3_VCU_CS75_12_16_Test.obj
 0001:0000a5e0       c3_VCU_CS75_12_16_Test_method_dispatcher 000000018000b5e0 f   c3_VCU_CS75_12_16_Test.obj
 0001:0000cca0       sf_c4_VCU_CS75_12_16_Test_get_eml_resolved_functions_info 000000018000dca0 f   c4_VCU_CS75_12_16_Test.obj
 0001:0000cd20       sf_c4_VCU_CS75_12_16_Test_get_check_sum 000000018000dd20 f   c4_VCU_CS75_12_16_Test.obj
 0001:0000cda0       sf_c4_VCU_CS75_12_16_Test_get_autoinheritance_info 000000018000dda0 f   c4_VCU_CS75_12_16_Test.obj
 0001:0000d960       sf_c4_VCU_CS75_12_16_Test_third_party_uses_info 000000018000e960 f   c4_VCU_CS75_12_16_Test.obj
 0001:0000d990       sf_c4_VCU_CS75_12_16_Test_updateBuildInfo_args_info 000000018000e990 f   c4_VCU_CS75_12_16_Test.obj
 0001:0000d9c0       sf_internal_get_sim_state_c4_VCU_CS75_12_16_Test 000000018000e9c0 f   c4_VCU_CS75_12_16_Test.obj
 0001:0000de60       sf_internal_set_sim_state_c4_VCU_CS75_12_16_Test 000000018000ee60 f   c4_VCU_CS75_12_16_Test.obj
 0001:0000eaf0       c4_VCU_CS75_12_16_Test_method_dispatcher 000000018000faf0 f   c4_VCU_CS75_12_16_Test.obj
 0001:00016b50       sf_c6_VCU_CS75_12_16_Test_get_eml_resolved_functions_info 0000000180017b50 f   c6_VCU_CS75_12_16_Test.obj
 0001:00016bd0       sf_c6_VCU_CS75_12_16_Test_get_check_sum 0000000180017bd0 f   c6_VCU_CS75_12_16_Test.obj
 0001:00016c50       sf_c6_VCU_CS75_12_16_Test_get_autoinheritance_info 0000000180017c50 f   c6_VCU_CS75_12_16_Test.obj
 0001:00017070       sf_c6_VCU_CS75_12_16_Test_third_party_uses_info 0000000180018070 f   c6_VCU_CS75_12_16_Test.obj
 0001:000170a0       sf_c6_VCU_CS75_12_16_Test_updateBuildInfo_args_info 00000001800180a0 f   c6_VCU_CS75_12_16_Test.obj
 0001:000170d0       sf_internal_get_sim_state_c6_VCU_CS75_12_16_Test 00000001800180d0 f   c6_VCU_CS75_12_16_Test.obj
 0001:00017430       sf_internal_set_sim_state_c6_VCU_CS75_12_16_Test 0000000180018430 f   c6_VCU_CS75_12_16_Test.obj
 0001:00017820       c6_VCU_CS75_12_16_Test_method_dispatcher 0000000180018820 f   c6_VCU_CS75_12_16_Test.obj
 0001:00019390       sf_c7_VCU_CS75_12_16_Test_get_eml_resolved_functions_info 000000018001a390 f   c7_VCU_CS75_12_16_Test.obj
 0001:00019410       sf_c7_VCU_CS75_12_16_Test_get_check_sum 000000018001a410 f   c7_VCU_CS75_12_16_Test.obj
 0001:00019490       sf_c7_VCU_CS75_12_16_Test_get_autoinheritance_info 000000018001a490 f   c7_VCU_CS75_12_16_Test.obj
 0001:000198b0       sf_c7_VCU_CS75_12_16_Test_third_party_uses_info 000000018001a8b0 f   c7_VCU_CS75_12_16_Test.obj
 0001:000198e0       sf_c7_VCU_CS75_12_16_Test_updateBuildInfo_args_info 000000018001a8e0 f   c7_VCU_CS75_12_16_Test.obj
 0001:00019910       sf_internal_get_sim_state_c7_VCU_CS75_12_16_Test 000000018001a910 f   c7_VCU_CS75_12_16_Test.obj
 0001:00019c70       sf_internal_set_sim_state_c7_VCU_CS75_12_16_Test 000000018001ac70 f   c7_VCU_CS75_12_16_Test.obj
 0001:0001a060       c7_VCU_CS75_12_16_Test_method_dispatcher 000000018001b060 f   c7_VCU_CS75_12_16_Test.obj
 0001:0001bbd0       sf_c8_VCU_CS75_12_16_Test_get_eml_resolved_functions_info 000000018001cbd0 f   c8_VCU_CS75_12_16_Test.obj
 0001:0001bc50       sf_c8_VCU_CS75_12_16_Test_get_check_sum 000000018001cc50 f   c8_VCU_CS75_12_16_Test.obj
 0001:0001bcd0       sf_c8_VCU_CS75_12_16_Test_get_autoinheritance_info 000000018001ccd0 f   c8_VCU_CS75_12_16_Test.obj
 0001:0001c240       sf_c8_VCU_CS75_12_16_Test_third_party_uses_info 000000018001d240 f   c8_VCU_CS75_12_16_Test.obj
 0001:0001c270       sf_c8_VCU_CS75_12_16_Test_updateBuildInfo_args_info 000000018001d270 f   c8_VCU_CS75_12_16_Test.obj
 0001:0001c2a0       sf_internal_get_sim_state_c8_VCU_CS75_12_16_Test 000000018001d2a0 f   c8_VCU_CS75_12_16_Test.obj
 0001:0001c600       sf_internal_set_sim_state_c8_VCU_CS75_12_16_Test 000000018001d600 f   c8_VCU_CS75_12_16_Test.obj
 0001:0001c9f0       c8_VCU_CS75_12_16_Test_method_dispatcher 000000018001d9f0 f   c8_VCU_CS75_12_16_Test.obj
 0001:0001ea70       sf_c9_VCU_CS75_12_16_Test_get_eml_resolved_functions_info 000000018001fa70 f   c9_VCU_CS75_12_16_Test.obj
 0001:0001eaf0       sf_c9_VCU_CS75_12_16_Test_get_check_sum 000000018001faf0 f   c9_VCU_CS75_12_16_Test.obj
 0001:0001eb70       sf_c9_VCU_CS75_12_16_Test_get_autoinheritance_info 000000018001fb70 f   c9_VCU_CS75_12_16_Test.obj
 0001:0001f0e0       sf_c9_VCU_CS75_12_16_Test_third_party_uses_info 00000001800200e0 f   c9_VCU_CS75_12_16_Test.obj
 0001:0001f110       sf_c9_VCU_CS75_12_16_Test_updateBuildInfo_args_info 0000000180020110 f   c9_VCU_CS75_12_16_Test.obj
 0001:0001f140       sf_internal_get_sim_state_c9_VCU_CS75_12_16_Test 0000000180020140 f   c9_VCU_CS75_12_16_Test.obj
 0001:0001f4b0       sf_internal_set_sim_state_c9_VCU_CS75_12_16_Test 00000001800204b0 f   c9_VCU_CS75_12_16_Test.obj
 0001:0001f8a0       c9_VCU_CS75_12_16_Test_method_dispatcher 00000001800208a0 f   c9_VCU_CS75_12_16_Test.obj
 0001:00021900       sf_c10_VCU_CS75_12_16_Test_get_eml_resolved_functions_info 0000000180022900 f   c10_VCU_CS75_12_16_Test.obj
 0001:00021980       sf_c10_VCU_CS75_12_16_Test_get_check_sum 0000000180022980 f   c10_VCU_CS75_12_16_Test.obj
 0001:00021a00       sf_c10_VCU_CS75_12_16_Test_get_autoinheritance_info 0000000180022a00 f   c10_VCU_CS75_12_16_Test.obj
 0001:00021f70       sf_c10_VCU_CS75_12_16_Test_third_party_uses_info 0000000180022f70 f   c10_VCU_CS75_12_16_Test.obj
 0001:00021fa0       sf_c10_VCU_CS75_12_16_Test_updateBuildInfo_args_info 0000000180022fa0 f   c10_VCU_CS75_12_16_Test.obj
 0001:00021fd0       sf_internal_get_sim_state_c10_VCU_CS75_12_16_Test 0000000180022fd0 f   c10_VCU_CS75_12_16_Test.obj
 0001:00022330       sf_internal_set_sim_state_c10_VCU_CS75_12_16_Test 0000000180023330 f   c10_VCU_CS75_12_16_Test.obj
 0001:00022720       c10_VCU_CS75_12_16_Test_method_dispatcher 0000000180023720 f   c10_VCU_CS75_12_16_Test.obj
 0001:00024780       sf_c11_VCU_CS75_12_16_Test_get_eml_resolved_functions_info 0000000180025780 f   c11_VCU_CS75_12_16_Test.obj
 0001:00024800       sf_c11_VCU_CS75_12_16_Test_get_check_sum 0000000180025800 f   c11_VCU_CS75_12_16_Test.obj
 0001:00024880       sf_c11_VCU_CS75_12_16_Test_get_autoinheritance_info 0000000180025880 f   c11_VCU_CS75_12_16_Test.obj
 0001:00024df0       sf_c11_VCU_CS75_12_16_Test_third_party_uses_info 0000000180025df0 f   c11_VCU_CS75_12_16_Test.obj
 0001:00024e20       sf_c11_VCU_CS75_12_16_Test_updateBuildInfo_args_info 0000000180025e20 f   c11_VCU_CS75_12_16_Test.obj
 0001:00024e50       sf_internal_get_sim_state_c11_VCU_CS75_12_16_Test 0000000180025e50 f   c11_VCU_CS75_12_16_Test.obj
 0001:000251c0       sf_internal_set_sim_state_c11_VCU_CS75_12_16_Test 00000001800261c0 f   c11_VCU_CS75_12_16_Test.obj
 0001:000255b0       c11_VCU_CS75_12_16_Test_method_dispatcher 00000001800265b0 f   c11_VCU_CS75_12_16_Test.obj
 0001:00027640       sf_c12_VCU_CS75_12_16_Test_get_eml_resolved_functions_info 0000000180028640 f   c12_VCU_CS75_12_16_Test.obj
 0001:000276c0       sf_c12_VCU_CS75_12_16_Test_get_check_sum 00000001800286c0 f   c12_VCU_CS75_12_16_Test.obj
 0001:00027740       sf_c12_VCU_CS75_12_16_Test_get_autoinheritance_info 0000000180028740 f   c12_VCU_CS75_12_16_Test.obj
 0001:00027b60       sf_c12_VCU_CS75_12_16_Test_third_party_uses_info 0000000180028b60 f   c12_VCU_CS75_12_16_Test.obj
 0001:00027b90       sf_c12_VCU_CS75_12_16_Test_updateBuildInfo_args_info 0000000180028b90 f   c12_VCU_CS75_12_16_Test.obj
 0001:00027bc0       sf_internal_get_sim_state_c12_VCU_CS75_12_16_Test 0000000180028bc0 f   c12_VCU_CS75_12_16_Test.obj
 0001:00027f20       sf_internal_set_sim_state_c12_VCU_CS75_12_16_Test 0000000180028f20 f   c12_VCU_CS75_12_16_Test.obj
 0001:00028310       c12_VCU_CS75_12_16_Test_method_dispatcher 0000000180029310 f   c12_VCU_CS75_12_16_Test.obj
 0001:00029e80       sf_c13_VCU_CS75_12_16_Test_get_eml_resolved_functions_info 000000018002ae80 f   c13_VCU_CS75_12_16_Test.obj
 0001:00029f00       sf_c13_VCU_CS75_12_16_Test_get_check_sum 000000018002af00 f   c13_VCU_CS75_12_16_Test.obj
 0001:00029f80       sf_c13_VCU_CS75_12_16_Test_get_autoinheritance_info 000000018002af80 f   c13_VCU_CS75_12_16_Test.obj
 0001:0002a4f0       sf_c13_VCU_CS75_12_16_Test_third_party_uses_info 000000018002b4f0 f   c13_VCU_CS75_12_16_Test.obj
 0001:0002a520       sf_c13_VCU_CS75_12_16_Test_updateBuildInfo_args_info 000000018002b520 f   c13_VCU_CS75_12_16_Test.obj
 0001:0002a550       sf_internal_get_sim_state_c13_VCU_CS75_12_16_Test 000000018002b550 f   c13_VCU_CS75_12_16_Test.obj
 0001:0002a980       sf_internal_set_sim_state_c13_VCU_CS75_12_16_Test 000000018002b980 f   c13_VCU_CS75_12_16_Test.obj
 0001:0002adb0       c13_VCU_CS75_12_16_Test_method_dispatcher 000000018002bdb0 f   c13_VCU_CS75_12_16_Test.obj
 0001:0002cc20       sf_c14_VCU_CS75_12_16_Test_get_eml_resolved_functions_info 000000018002dc20 f   c14_VCU_CS75_12_16_Test.obj
 0001:0002d460       sf_c14_VCU_CS75_12_16_Test_get_check_sum 000000018002e460 f   c14_VCU_CS75_12_16_Test.obj
 0001:0002d4e0       sf_c14_VCU_CS75_12_16_Test_get_autoinheritance_info 000000018002e4e0 f   c14_VCU_CS75_12_16_Test.obj
 0001:0002da50       sf_c14_VCU_CS75_12_16_Test_third_party_uses_info 000000018002ea50 f   c14_VCU_CS75_12_16_Test.obj
 0001:0002da80       sf_c14_VCU_CS75_12_16_Test_updateBuildInfo_args_info 000000018002ea80 f   c14_VCU_CS75_12_16_Test.obj
 0001:0002dab0       sf_internal_get_sim_state_c14_VCU_CS75_12_16_Test 000000018002eab0 f   c14_VCU_CS75_12_16_Test.obj
 0001:0002de10       sf_internal_set_sim_state_c14_VCU_CS75_12_16_Test 000000018002ee10 f   c14_VCU_CS75_12_16_Test.obj
 0001:0002e200       c14_VCU_CS75_12_16_Test_method_dispatcher 000000018002f200 f   c14_VCU_CS75_12_16_Test.obj
 0001:00030000       sf_c16_VCU_CS75_12_16_Test_get_eml_resolved_functions_info 0000000180031000 f   c16_VCU_CS75_12_16_Test.obj
 0001:00030080       sf_c16_VCU_CS75_12_16_Test_get_check_sum 0000000180031080 f   c16_VCU_CS75_12_16_Test.obj
 0001:00030100       sf_c16_VCU_CS75_12_16_Test_get_autoinheritance_info 0000000180031100 f   c16_VCU_CS75_12_16_Test.obj
 0001:000307b0       sf_c16_VCU_CS75_12_16_Test_third_party_uses_info 00000001800317b0 f   c16_VCU_CS75_12_16_Test.obj
 0001:000307e0       sf_c16_VCU_CS75_12_16_Test_updateBuildInfo_args_info 00000001800317e0 f   c16_VCU_CS75_12_16_Test.obj
 0001:00030810       sf_internal_get_sim_state_c16_VCU_CS75_12_16_Test 0000000180031810 f   c16_VCU_CS75_12_16_Test.obj
 0001:00030b80       sf_internal_set_sim_state_c16_VCU_CS75_12_16_Test 0000000180031b80 f   c16_VCU_CS75_12_16_Test.obj
 0001:00030f70       c16_VCU_CS75_12_16_Test_method_dispatcher 0000000180031f70 f   c16_VCU_CS75_12_16_Test.obj
 0001:00033190       sf_c17_VCU_CS75_12_16_Test_get_eml_resolved_functions_info 0000000180034190 f   c17_VCU_CS75_12_16_Test.obj
 0001:00033210       sf_c17_VCU_CS75_12_16_Test_get_check_sum 0000000180034210 f   c17_VCU_CS75_12_16_Test.obj
 0001:00033290       sf_c17_VCU_CS75_12_16_Test_get_autoinheritance_info 0000000180034290 f   c17_VCU_CS75_12_16_Test.obj
 0001:000336b0       sf_c17_VCU_CS75_12_16_Test_third_party_uses_info 00000001800346b0 f   c17_VCU_CS75_12_16_Test.obj
 0001:000336e0       sf_c17_VCU_CS75_12_16_Test_updateBuildInfo_args_info 00000001800346e0 f   c17_VCU_CS75_12_16_Test.obj
 0001:00033710       sf_internal_get_sim_state_c17_VCU_CS75_12_16_Test 0000000180034710 f   c17_VCU_CS75_12_16_Test.obj
 0001:00033a70       sf_internal_set_sim_state_c17_VCU_CS75_12_16_Test 0000000180034a70 f   c17_VCU_CS75_12_16_Test.obj
 0001:00033e60       c17_VCU_CS75_12_16_Test_method_dispatcher 0000000180034e60 f   c17_VCU_CS75_12_16_Test.obj
 0001:000359e0       sf_c18_VCU_CS75_12_16_Test_get_eml_resolved_functions_info 00000001800369e0 f   c18_VCU_CS75_12_16_Test.obj
 0001:00035a60       sf_c18_VCU_CS75_12_16_Test_get_check_sum 0000000180036a60 f   c18_VCU_CS75_12_16_Test.obj
 0001:00035ae0       sf_c18_VCU_CS75_12_16_Test_get_autoinheritance_info 0000000180036ae0 f   c18_VCU_CS75_12_16_Test.obj
 0001:00035f00       sf_c18_VCU_CS75_12_16_Test_third_party_uses_info 0000000180036f00 f   c18_VCU_CS75_12_16_Test.obj
 0001:00035f30       sf_c18_VCU_CS75_12_16_Test_updateBuildInfo_args_info 0000000180036f30 f   c18_VCU_CS75_12_16_Test.obj
 0001:00035f60       sf_internal_get_sim_state_c18_VCU_CS75_12_16_Test 0000000180036f60 f   c18_VCU_CS75_12_16_Test.obj
 0001:000362c0       sf_internal_set_sim_state_c18_VCU_CS75_12_16_Test 00000001800372c0 f   c18_VCU_CS75_12_16_Test.obj
 0001:000366b0       c18_VCU_CS75_12_16_Test_method_dispatcher 00000001800376b0 f   c18_VCU_CS75_12_16_Test.obj
 0001:00038220       sf_c19_VCU_CS75_12_16_Test_get_eml_resolved_functions_info 0000000180039220 f   c19_VCU_CS75_12_16_Test.obj
 0001:000382a0       sf_c19_VCU_CS75_12_16_Test_get_check_sum 00000001800392a0 f   c19_VCU_CS75_12_16_Test.obj
 0001:00038320       sf_c19_VCU_CS75_12_16_Test_get_autoinheritance_info 0000000180039320 f   c19_VCU_CS75_12_16_Test.obj
 0001:00038740       sf_c19_VCU_CS75_12_16_Test_third_party_uses_info 0000000180039740 f   c19_VCU_CS75_12_16_Test.obj
 0001:00038770       sf_c19_VCU_CS75_12_16_Test_updateBuildInfo_args_info 0000000180039770 f   c19_VCU_CS75_12_16_Test.obj
 0001:000387a0       sf_internal_get_sim_state_c19_VCU_CS75_12_16_Test 00000001800397a0 f   c19_VCU_CS75_12_16_Test.obj
 0001:00038b00       sf_internal_set_sim_state_c19_VCU_CS75_12_16_Test 0000000180039b00 f   c19_VCU_CS75_12_16_Test.obj
 0001:00038ef0       c19_VCU_CS75_12_16_Test_method_dispatcher 0000000180039ef0 f   c19_VCU_CS75_12_16_Test.obj
 0001:0003aa70       sf_c20_VCU_CS75_12_16_Test_get_eml_resolved_functions_info 000000018003ba70 f   c20_VCU_CS75_12_16_Test.obj
 0001:0003aaf0       sf_c20_VCU_CS75_12_16_Test_get_check_sum 000000018003baf0 f   c20_VCU_CS75_12_16_Test.obj
 0001:0003ab70       sf_c20_VCU_CS75_12_16_Test_get_autoinheritance_info 000000018003bb70 f   c20_VCU_CS75_12_16_Test.obj
 0001:0003bc50       sf_c20_VCU_CS75_12_16_Test_third_party_uses_info 000000018003cc50 f   c20_VCU_CS75_12_16_Test.obj
 0001:0003bc80       sf_c20_VCU_CS75_12_16_Test_updateBuildInfo_args_info 000000018003cc80 f   c20_VCU_CS75_12_16_Test.obj
 0001:0003bcb0       sf_internal_get_sim_state_c20_VCU_CS75_12_16_Test 000000018003ccb0 f   c20_VCU_CS75_12_16_Test.obj
 0001:0003c1a0       sf_internal_set_sim_state_c20_VCU_CS75_12_16_Test 000000018003d1a0 f   c20_VCU_CS75_12_16_Test.obj
 0001:0003c620       c20_VCU_CS75_12_16_Test_method_dispatcher 000000018003d620 f   c20_VCU_CS75_12_16_Test.obj
 0001:0003ffa0       sf_c26_VCU_CS75_12_16_Test_get_eml_resolved_functions_info 0000000180040fa0 f   c26_VCU_CS75_12_16_Test.obj
 0001:00040020       sf_c26_VCU_CS75_12_16_Test_get_check_sum 0000000180041020 f   c26_VCU_CS75_12_16_Test.obj
 0001:000400a0       sf_c26_VCU_CS75_12_16_Test_get_autoinheritance_info 00000001800410a0 f   c26_VCU_CS75_12_16_Test.obj
 0001:00040610       sf_c26_VCU_CS75_12_16_Test_third_party_uses_info 0000000180041610 f   c26_VCU_CS75_12_16_Test.obj
 0001:00040640       sf_c26_VCU_CS75_12_16_Test_updateBuildInfo_args_info 0000000180041640 f   c26_VCU_CS75_12_16_Test.obj
 0001:00040670       sf_internal_get_sim_state_c26_VCU_CS75_12_16_Test 0000000180041670 f   c26_VCU_CS75_12_16_Test.obj
 0001:000409d0       sf_internal_set_sim_state_c26_VCU_CS75_12_16_Test 00000001800419d0 f   c26_VCU_CS75_12_16_Test.obj
 0001:00040dc0       c26_VCU_CS75_12_16_Test_method_dispatcher 0000000180041dc0 f   c26_VCU_CS75_12_16_Test.obj
 0001:00042e50       sf_c27_VCU_CS75_12_16_Test_get_eml_resolved_functions_info 0000000180043e50 f   c27_VCU_CS75_12_16_Test.obj
 0001:00044090       sf_c27_VCU_CS75_12_16_Test_get_check_sum 0000000180045090 f   c27_VCU_CS75_12_16_Test.obj
 0001:00044110       sf_c27_VCU_CS75_12_16_Test_get_autoinheritance_info 0000000180045110 f   c27_VCU_CS75_12_16_Test.obj
 0001:00044530       sf_c27_VCU_CS75_12_16_Test_third_party_uses_info 0000000180045530 f   c27_VCU_CS75_12_16_Test.obj
 0001:00044560       sf_c27_VCU_CS75_12_16_Test_updateBuildInfo_args_info 0000000180045560 f   c27_VCU_CS75_12_16_Test.obj
 0001:00044590       sf_internal_get_sim_state_c27_VCU_CS75_12_16_Test 0000000180045590 f   c27_VCU_CS75_12_16_Test.obj
 0001:00044900       sf_internal_set_sim_state_c27_VCU_CS75_12_16_Test 0000000180045900 f   c27_VCU_CS75_12_16_Test.obj
 0001:00044cf0       c27_VCU_CS75_12_16_Test_method_dispatcher 0000000180045cf0 f   c27_VCU_CS75_12_16_Test.obj
 0001:000468c0       sf_c28_VCU_CS75_12_16_Test_get_eml_resolved_functions_info 00000001800478c0 f   c28_VCU_CS75_12_16_Test.obj
 0001:00046940       sf_c28_VCU_CS75_12_16_Test_get_check_sum 0000000180047940 f   c28_VCU_CS75_12_16_Test.obj
 0001:000469c0       sf_c28_VCU_CS75_12_16_Test_get_autoinheritance_info 00000001800479c0 f   c28_VCU_CS75_12_16_Test.obj
 0001:00046f30       sf_c28_VCU_CS75_12_16_Test_third_party_uses_info 0000000180047f30 f   c28_VCU_CS75_12_16_Test.obj
 0001:00046f60       sf_c28_VCU_CS75_12_16_Test_updateBuildInfo_args_info 0000000180047f60 f   c28_VCU_CS75_12_16_Test.obj
 0001:00046f90       sf_internal_get_sim_state_c28_VCU_CS75_12_16_Test 0000000180047f90 f   c28_VCU_CS75_12_16_Test.obj
 0001:00047300       sf_internal_set_sim_state_c28_VCU_CS75_12_16_Test 0000000180048300 f   c28_VCU_CS75_12_16_Test.obj
 0001:000476f0       c28_VCU_CS75_12_16_Test_method_dispatcher 00000001800486f0 f   c28_VCU_CS75_12_16_Test.obj
 0001:000496b0       sf_c29_VCU_CS75_12_16_Test_get_eml_resolved_functions_info 000000018004a6b0 f   c29_VCU_CS75_12_16_Test.obj
 0001:00049730       sf_c29_VCU_CS75_12_16_Test_get_check_sum 000000018004a730 f   c29_VCU_CS75_12_16_Test.obj
 0001:000497b0       sf_c29_VCU_CS75_12_16_Test_get_autoinheritance_info 000000018004a7b0 f   c29_VCU_CS75_12_16_Test.obj
 0001:00049bd0       sf_c29_VCU_CS75_12_16_Test_third_party_uses_info 000000018004abd0 f   c29_VCU_CS75_12_16_Test.obj
 0001:00049c00       sf_c29_VCU_CS75_12_16_Test_updateBuildInfo_args_info 000000018004ac00 f   c29_VCU_CS75_12_16_Test.obj
 0001:00049c30       sf_internal_get_sim_state_c29_VCU_CS75_12_16_Test 000000018004ac30 f   c29_VCU_CS75_12_16_Test.obj
 0001:00049f90       sf_internal_set_sim_state_c29_VCU_CS75_12_16_Test 000000018004af90 f   c29_VCU_CS75_12_16_Test.obj
 0001:0004a380       c29_VCU_CS75_12_16_Test_method_dispatcher 000000018004b380 f   c29_VCU_CS75_12_16_Test.obj
 0001:0004bf00       sf_c30_VCU_CS75_12_16_Test_get_eml_resolved_functions_info 000000018004cf00 f   c30_VCU_CS75_12_16_Test.obj
 0001:0004bf80       sf_c30_VCU_CS75_12_16_Test_get_check_sum 000000018004cf80 f   c30_VCU_CS75_12_16_Test.obj
 0001:0004c000       sf_c30_VCU_CS75_12_16_Test_get_autoinheritance_info 000000018004d000 f   c30_VCU_CS75_12_16_Test.obj
 0001:0004c570       sf_c30_VCU_CS75_12_16_Test_third_party_uses_info 000000018004d570 f   c30_VCU_CS75_12_16_Test.obj
 0001:0004c5a0       sf_c30_VCU_CS75_12_16_Test_updateBuildInfo_args_info 000000018004d5a0 f   c30_VCU_CS75_12_16_Test.obj
 0001:0004c5d0       sf_internal_get_sim_state_c30_VCU_CS75_12_16_Test 000000018004d5d0 f   c30_VCU_CS75_12_16_Test.obj
 0001:0004c930       sf_internal_set_sim_state_c30_VCU_CS75_12_16_Test 000000018004d930 f   c30_VCU_CS75_12_16_Test.obj
 0001:0004cd20       c30_VCU_CS75_12_16_Test_method_dispatcher 000000018004dd20 f   c30_VCU_CS75_12_16_Test.obj
 0001:0004ecf0       sf_process_check_sum_call  000000018004fcf0 f   VCU_CS75_12_16_Test_sfun_registry.obj
 0001:0004ed40       sf_process_autoinheritance_call 000000018004fd40 f   VCU_CS75_12_16_Test_sfun_registry.obj
 0001:0004eee0       sf_process_get_third_party_uses_info_call 000000018004fee0 f   VCU_CS75_12_16_Test_sfun_registry.obj
 0001:0004f080       sf_process_get_updateBuildInfo_args_info_call 0000000180050080 f   VCU_CS75_12_16_Test_sfun_registry.obj
 0001:0004f220       sf_process_get_eml_resolved_functions_info_call 0000000180050220 f   VCU_CS75_12_16_Test_sfun_registry.obj
 0001:0004f3a0       sf_mex_unlock_call         00000001800503a0 f   VCU_CS75_12_16_Test_sfun_registry.obj
 0001:0004f450       sf_machine_global_initializer_called 0000000180050450 f   VCU_CS75_12_16_Test_sfun_registry.obj
 0001:0004f480       sf_machine_global_method_dispatcher 0000000180050480 f   VCU_CS75_12_16_Test_sfun_registry.obj
 0001:0004f4e0       sf_machine_global_terminator 00000001800504e0 f   VCU_CS75_12_16_Test_sfun_registry.obj
 0001:0004f530       sf_register_machine_exported_symbols 0000000180050530 f   VCU_CS75_12_16_Test_sfun_registry.obj
 0001:0004f550       callCustomFcn              0000000180050550 f   VCU_CS75_12_16_Test_sfun_registry.obj
 0001:0004f560       sf_machine_global_initializer 0000000180050560 f   VCU_CS75_12_16_Test_sfun_registry.obj
 0001:0004f5e0       mdlGetSimState             00000001800505e0 f   VCU_CS75_12_16_Test_sfun_registry.obj
 0001:0004f660       mdlSetSimState             0000000180050660 f   VCU_CS75_12_16_Test_sfun_registry.obj
 0001:0004f6a0       _ssSetStateAbsTol          00000001800506a0 f   VCU_CS75_12_16_Test_sfun_registry.obj
 0001:0004f780       _ssGetAbsTol               0000000180050780 f   VCU_CS75_12_16_Test_sfun_registry.obj
 0001:0004f7f0       _ssSetInputPortMatrixDimensions 00000001800507f0 f   VCU_CS75_12_16_Test_sfun_registry.obj
 0001:0004f900       _ssSetOutputPortMatrixDimensions 0000000180050900 f   VCU_CS75_12_16_Test_sfun_registry.obj
 0001:0004fa10       _ssSetInputPortVectorDimension 0000000180050a10 f   VCU_CS75_12_16_Test_sfun_registry.obj
 0001:0004fae0       _ssSetOutputPortVectorDimension 0000000180050ae0 f   VCU_CS75_12_16_Test_sfun_registry.obj
 0001:0004fbb0       ssIsRunTimeParamTunable    0000000180050bb0 f   VCU_CS75_12_16_Test_sfun_registry.obj
 0001:0004fc20       ssGetSFuncBlockHandle      0000000180050c20 f   VCU_CS75_12_16_Test_sfun_registry.obj
 0001:0004fc90       _ssGetCurrentInputPortWidth 0000000180050c90 f   VCU_CS75_12_16_Test_sfun_registry.obj
 0001:0004fdb0       _ssGetCurrentOutputPortWidth 0000000180050db0 f   VCU_CS75_12_16_Test_sfun_registry.obj
 0001:0004fed0       _ssGetCallSystemNumFcnCallDestinations 0000000180050ed0 f   VCU_CS75_12_16_Test_sfun_registry.obj
 0001:0004ff40       ssWarning                  0000000180050f40 f   VCU_CS75_12_16_Test_sfun_registry.obj
 0001:00050050       ssGetIsZeroCrossControlDisabled 0000000180051050 f   VCU_CS75_12_16_Test_sfun_registry.obj
 0001:000500c0       ssSetIsInputPortUsedForContZcSignal 00000001800510c0 f   VCU_CS75_12_16_Test_sfun_registry.obj
 0001:00050130       ssSetZcSignalIsZcElementDisc 0000000180051130 f   VCU_CS75_12_16_Test_sfun_registry.obj
 0001:000501e0       ssSetZcSignalName          00000001800511e0 f   VCU_CS75_12_16_Test_sfun_registry.obj
 0001:00050250       ssSetZcSignalWidth         0000000180051250 f   VCU_CS75_12_16_Test_sfun_registry.obj
 0001:000502c0       ssSetZcSignalZcEventType   00000001800512c0 f   VCU_CS75_12_16_Test_sfun_registry.obj
 0001:00050330       ssSetZcSignalType          0000000180051330 f   VCU_CS75_12_16_Test_sfun_registry.obj
 0001:000503a0       ssSetZcSignalZcTol         00000001800513a0 f   VCU_CS75_12_16_Test_sfun_registry.obj
 0001:00050410       ssSetZcSignalNeedsEventNotification 0000000180051410 f   VCU_CS75_12_16_Test_sfun_registry.obj
 0001:00050480       ssCreateAndAddZcSignalInfo 0000000180051480 f   VCU_CS75_12_16_Test_sfun_registry.obj
 0001:000504f0       ssCloneAndAddZcSignalInfo  00000001800514f0 f   VCU_CS75_12_16_Test_sfun_registry.obj
 0001:00050560       ssGetNumZcSignals          0000000180051560 f   VCU_CS75_12_16_Test_sfun_registry.obj
 0001:000505d0       ssGetZcSignalVector        00000001800515d0 f   VCU_CS75_12_16_Test_sfun_registry.obj
 0001:00050640       ssGetZcSignalZcEvents      0000000180051640 f   VCU_CS75_12_16_Test_sfun_registry.obj
 0001:000506b0       ssGetZcSignalName          00000001800516b0 f   VCU_CS75_12_16_Test_sfun_registry.obj
 0001:00050720       ssGetZcSignalWidth         0000000180051720 f   VCU_CS75_12_16_Test_sfun_registry.obj
 0001:00050790       ssGetZcSignalZcEventType   0000000180051790 f   VCU_CS75_12_16_Test_sfun_registry.obj
 0001:00050800       ssGetZcSignalType          0000000180051800 f   VCU_CS75_12_16_Test_sfun_registry.obj
 0001:00050870       ssGetZcSignalZcTol         0000000180051870 f   VCU_CS75_12_16_Test_sfun_registry.obj
 0001:000508f0       ssGetZcSignalNeedsEventNotification 00000001800518f0 f   VCU_CS75_12_16_Test_sfun_registry.obj
 0001:00050960       ssGetZcSignalIsZcElementDisc 0000000180051960 f   VCU_CS75_12_16_Test_sfun_registry.obj
 0001:00050a00       ssGetIsInputPortElementContinuous 0000000180051a00 f   VCU_CS75_12_16_Test_sfun_registry.obj
 0001:00050aa0       _ssGetInputPortSignalPtrsFcn 0000000180051aa0 f   VCU_CS75_12_16_Test_sfun_registry.obj
 0001:00050d60       _ssGetInputPortSignalFcn   0000000180051d60 f   VCU_CS75_12_16_Test_sfun_registry.obj
 0001:00050f80       _ssSetInputPortDirectFeedThroughFcn 0000000180051f80 f   VCU_CS75_12_16_Test_sfun_registry.obj
 0001:000510e0       _ssSetInputPortReusableFcn 00000001800520e0 f   VCU_CS75_12_16_Test_sfun_registry.obj
 0001:000511d0       _ssSetOutputPortReusableFcn 00000001800521d0 f   VCU_CS75_12_16_Test_sfun_registry.obj
 0001:000512b0       ssGetDTypeIdFromMxArray    00000001800522b0 f   VCU_CS75_12_16_Test_sfun_registry.obj
 0001:000513d0       ssWriteRTWStr              00000001800523d0 f   VCU_CS75_12_16_Test_sfun_registry.obj
 0001:00051430       ssWriteRTWMxVectParam      0000000180052430 f   VCU_CS75_12_16_Test_sfun_registry.obj
 0001:00051490       ssWriteRTWMx2dMatParam     0000000180052490 f   VCU_CS75_12_16_Test_sfun_registry.obj
 0001:00051510       ssWriteRTWNameValuePair    0000000180052510 f   VCU_CS75_12_16_Test_sfun_registry.obj
 0001:00051a00       ssWriteRTWParameters       0000000180052a00 f   VCU_CS75_12_16_Test_sfun_registry.obj
 0001:00052000       ssWriteRTWParamSettings    0000000180053000 f   VCU_CS75_12_16_Test_sfun_registry.obj
 0001:000526d0       ssWriteRTWWorkVect         00000001800536d0 f   VCU_CS75_12_16_Test_sfun_registry.obj
 0001:00052bd0       mexFunction                0000000180053bd0 f   VCU_CS75_12_16_Test_sfun_registry.obj
 0001:00055050       ProcessMexSfunctionEveryCall 0000000180056050 f   VCU_CS75_12_16_Test_sfun_registry.obj
 0001:000551d2       sf_debug_set_machine_data_thresholds 00000001800561d2 f   sf_runtime:sf_runtime.dll
 0001:000551d8       sf_debug_set_machine_event_thresholds 00000001800561d8 f   sf_runtime:sf_runtime.dll
 0001:000551de       sf_debug_initialize_machine 00000001800561de f   sf_runtime:sf_runtime.dll
 0001:000551e4       sf_load_rtw_optimization_info 00000001800561e4 f   sf_runtime:sf_runtime.dll
 0001:000551ea       sf_mex_assign              00000001800561ea f   sf_runtime:sf_runtime.dll
 0001:000551f0       sf_mex_create              00000001800561f0 f   sf_runtime:sf_runtime.dll
 0001:000551f6       sf_mex_error_message       00000001800561f6 f   sf_runtime:sf_runtime.dll
 0001:000551fc       sf_mex_call_matlab         00000001800561fc f   sf_runtime:sf_runtime.dll
 0001:00055202       sf_mex_setcell             0000000180056202 f   sf_runtime:sf_runtime.dll
 0001:00055208       sf_mex_createcellmatrix    0000000180056208 f   sf_runtime:sf_runtime.dll
 0001:0005520e       sf_mex_decode_encoded_mx_struct_array 000000018005620e f   sf_runtime:sf_runtime.dll
 0001:00055214       sf_mex_destroy             0000000180056214 f   sf_runtime:sf_runtime.dll
 0001:0005521a       sf_mex_getcell             000000018005621a f   sf_runtime:sf_runtime.dll
 0001:00055220       sf_mex_dup                 0000000180056220 f   sf_runtime:sf_runtime.dll
 0001:00055226       sf_mex_import              0000000180056226 f   sf_runtime:sf_runtime.dll
 0001:0005522c       sf_set_rtw_dwork_info      000000018005622c f   sf_runtime:sf_runtime.dll
 0001:00055232       sf_mark_chart_reusable_outputs 0000000180056232 f   sf_runtime:sf_runtime.dll
 0001:00055238       sf_mark_chart_expressionable_inputs 0000000180056238 f   sf_runtime:sf_runtime.dll
 0001:0005523e       sf_update_buildInfo        000000018005623e f   sf_runtime:sf_runtime.dll
 0001:00055244       sf_rtw_info_uint_prop      0000000180056244 f   sf_runtime:sf_runtime.dll
 0001:0005524a       sf_is_chart_inlinable      000000018005624a f   sf_runtime:sf_runtime.dll
 0001:00055250       sim_mode_is_external       0000000180056250 f   sf_runtime:sf_runtime.dll
 0001:00055256       sim_mode_is_rtw_gen        0000000180056256 f   sf_runtime:sf_runtime.dll
 0001:0005525c       sf_debug_reset_current_state_configuration 000000018005625c f   sf_runtime:sf_runtime.dll
 0001:00055262       sf_debug_set_instance_data_value_ptr 0000000180056262 f   sf_runtime:sf_runtime.dll
 0001:00055268       sf_debug_set_chart_data_compiled_props 0000000180056268 f   sf_runtime:sf_runtime.dll
 0001:0005526e       cv_eml_init_mcdc           000000018005626e f   sf_runtime:sf_runtime.dll
 0001:00055274       cv_eml_init_if             0000000180056274 f   sf_runtime:sf_runtime.dll
 0001:0005527a       cv_eml_init_fcn            000000018005627a f   sf_runtime:sf_runtime.dll
 0001:00055280       cv_eml_init_script         0000000180056280 f   sf_runtime:sf_runtime.dll
 0001:00055286       sf_debug_cv_init_trans     0000000180056286 f   sf_runtime:sf_runtime.dll
 0001:0005528c       sf_debug_cv_init_state     000000018005628c f   sf_runtime:sf_runtime.dll
 0001:00055292       sf_debug_cv_init_chart     0000000180056292 f   sf_runtime:sf_runtime.dll
 0001:00055298       sf_debug_set_chart_decomposition 0000000180056298 f   sf_runtime:sf_runtime.dll
 0001:0005529e       sf_debug_set_chart_substate_count 000000018005629e f   sf_runtime:sf_runtime.dll
 0001:000552a4       sf_debug_set_chart_state_info 00000001800562a4 f   sf_runtime:sf_runtime.dll
 0001:000552aa       sf_debug_set_chart_data_props 00000001800562aa f   sf_runtime:sf_runtime.dll
 0001:000552b0       sf_debug_set_chart_event_thresholds 00000001800562b0 f   sf_runtime:sf_runtime.dll
 0001:000552b6       sf_debug_set_chart_disable_implicit_casting 00000001800562b6 f   sf_runtime:sf_runtime.dll
 0001:000552bc       sf_debug_initialize_chart  00000001800562bc f   sf_runtime:sf_runtime.dll
 0001:000552c2       sf_get_time                00000001800562c2 f   sf_runtime:sf_runtime.dll
 0001:000552c8       sf_debug_data_range_wrapper 00000001800562c8 f   sf_runtime:sf_runtime.dll
 0001:000552ce       sf_debug_check_for_state_inconsistency 00000001800562ce f   sf_runtime:sf_runtime.dll
 0001:000552d4       sf_debug_symbol_scope_pop  00000001800562d4 f   sf_runtime:sf_runtime.dll
 0001:000552da       eml_debug_line_call        00000001800562da f   sf_runtime:sf_runtime.dll
 0001:000552e0       cv_eml_eval                00000001800562e0 f   sf_runtime:sf_runtime.dll
 0001:000552e6       sf_debug_symbol_scope_add_eml 00000001800562e6 f   sf_runtime:sf_runtime.dll
 0001:000552ec       sf_debug_symbol_scope_add_eml_importable 00000001800562ec f   sf_runtime:sf_runtime.dll
 0001:000552f2       sf_debug_symbol_scope_push_eml 00000001800562f2 f   sf_runtime:sf_runtime.dll
 0001:000552f8       sf_debug_call              00000001800562f8 f   sf_runtime:sf_runtime.dll
 0001:000552fe       sf_debug_symbol_scope_push 00000001800562fe f   sf_runtime:sf_runtime.dll
 0001:00055304       sf_clear_rtw_identifier    0000000180056304 f   sf_runtime:sf_runtime.dll
 0001:0005530a       sf_debug_animate           000000018005630a f   sf_runtime:sf_runtime.dll
 0001:00055310       sf_debug_set_honor_breakpoints 0000000180056310 f   sf_runtime:sf_runtime.dll
 0001:00055316       sf_debug_set_animation     0000000180056316 f   sf_runtime:sf_runtime.dll
 0001:0005531c       sf_debug_get_animation     000000018005631c f   sf_runtime:sf_runtime.dll
 0001:00055322       sf_mex_duplicatearraysafe  0000000180056322 f   sf_runtime:sf_runtime.dll
 0001:00055328       sf_debug_set_chart_state_substate_index 0000000180056328 f   sf_runtime:sf_runtime.dll
 0001:0005532e       sf_debug_set_chart_state_substate_count 000000018005632e f   sf_runtime:sf_runtime.dll
 0001:00055334       sf_debug_set_chart_substate_index 0000000180056334 f   sf_runtime:sf_runtime.dll
 0001:0005533a       cv_eval_point              000000018005633a f   sf_runtime:sf_runtime.dll
 0001:00055340       sf_debug_eml_data_array_bounds_error_check 0000000180056340 f   sf_runtime:sf_runtime.dll
 0001:00055346       sf_mex_emlrtNameCapturePostProcessR2012a 0000000180056346 f   sf_runtime:sf_runtime.dll
 0001:0005534c       sf_mex_createstruct        000000018005634c f   sf_runtime:sf_runtime.dll
 0001:00055352       sf_mex_addfield            0000000180056352 f   sf_runtime:sf_runtime.dll
 0001:00055358       sf_debug_terminate         0000000180056358 f   sf_runtime:sf_runtime.dll
 0001:0005535e       sf_debug_create_debug_instance_struct 000000018005635e f   sf_runtime:sf_runtime.dll
 0001:00055364       sf_debug_api               0000000180056364 f   sf_runtime:sf_runtime.dll
 0001:0005536a       callMdlMethodAndReportError 000000018005636a f   sf_runtime:sf_runtime.dll
 0001:00055370       call_sf_machine_global_method_dispatcher 0000000180056370 f   sf_runtime:sf_runtime.dll
 0001:00055376       sf_clear_error_manager_info 0000000180056376 f   sf_runtime:sf_runtime.dll
 0001:0005537c       sf_mex_error_direct_call   000000018005637c f   sf_runtime:sf_runtime.dll
 0001:00055382       mxGetScalar                0000000180056382 f   libmx:libmx.dll
 0001:00055388       mxGetPr                    0000000180056388 f   libmx:libmx.dll
 0001:0005538e       mxCreateDoubleMatrix_730   000000018005638e f   libmx:libmx.dll
 0001:00055394       mxGetString_730            0000000180056394 f   libmx:libmx.dll
 0001:0005539a       mxIsChar                   000000018005639a f   libmx:libmx.dll
 0001:000553a0       mxDestroyArray             00000001800563a0 f   libmx:libmx.dll
 0001:000553a6       mxDuplicateArray           00000001800563a6 f   libmx:libmx.dll
 0001:000553ac       mxCreateDoubleScalar       00000001800563ac f   libmx:libmx.dll
 0001:000553b2       mxSetField_730             00000001800563b2 f   libmx:libmx.dll
 0001:000553b8       mxCreateString             00000001800563b8 f   libmx:libmx.dll
 0001:000553be       mxCreateStructMatrix_730   00000001800563be f   libmx:libmx.dll
 0001:000553c4       mxCreateCellMatrix_730     00000001800563c4 f   libmx:libmx.dll
 0001:000553ca       mxGetClassID               00000001800563ca f   libmx:libmx.dll
 0001:000553d0       mxIsNumeric                00000001800563d0 f   libmx:libmx.dll
 0001:000553d6       mxIsComplex                00000001800563d6 f   libmx:libmx.dll
 0001:000553dc       mxGetN                     00000001800563dc f   libmx:libmx.dll
 0001:000553e2       mxGetM                     00000001800563e2 f   libmx:libmx.dll
 0001:000553e8       mxCalloc                   00000001800563e8 f   libmx:libmx.dll
 0001:000553ee       mexMakeArrayPersistent     00000001800563ee f   libmex:libmex.dll
 0001:000553f4       mexUnlock                  00000001800563f4 f   libmex:libmex.dll
 0001:000553fa       mexIsLocked                00000001800563fa f   libmex:libmex.dll
 0001:00055400       mexWarnMsgTxt              0000000180056400 f   libmex:libmex.dll
 0001:00055406       mexCallMATLAB              0000000180056406 f   libmex:libmex.dll
 0001:0005540c       mexErrMsgTxt               000000018005640c f   libmex:libmex.dll
 0001:00055412       mexLock                    0000000180056412 f   libmex:libmex.dll
 0001:00055418       utMalloc                   0000000180056418 f   libut:libut.dll
 0001:0005541e       utFree                     000000018005641e f   libut:libut.dll
 0001:00055424       muDoubleScalarAbs          0000000180056424 f   libmwmathutil:libmwmathutil.dll
 0001:0005542c       __GSHandlerCheckCommon     000000018005642c f   MSVCRT:gshandler.obj
 0001:00055490       __GSHandlerCheck           0000000180056490 f   MSVCRT:gshandler.obj
 0001:000554ae       strcmp                     00000001800564ae f   MSVCRT:MSVCR100.dll
 0001:000554d0       __security_check_cookie    00000001800564d0 f   MSVCRT:amdsecgs.obj
 0001:000554f0       memset                     00000001800564f0 f   MSVCRT:MSVCR100.dll
 0001:000554f6       strlen                     00000001800564f6 f   MSVCRT:MSVCR100.dll
 0001:000554fc       free                       00000001800564fc f   MSVCRT:MSVCR100.dll
 0001:00055502       sprintf                    0000000180056502 f   MSVCRT:MSVCR100.dll
 0001:00055508       malloc                     0000000180056508 f   MSVCRT:MSVCR100.dll
 0001:0005550e       strcat                     000000018005650e f   MSVCRT:MSVCR100.dll
 0001:00055514       memcpy                     0000000180056514 f   MSVCRT:MSVCR100.dll
 0001:0005551c       NtCurrentTeb               000000018005651c f i MSVCRT:crtdll.obj
 0001:00055588       _CRT_INIT                  0000000180056588 f   MSVCRT:crtdll.obj
 0001:00055920       _DllMainCRTStartup         0000000180056920 f   MSVCRT:crtdll.obj
 0001:00055960       __report_gsfailure         0000000180056960 f   MSVCRT:gs_report.obj
 0001:00055aac       __clean_type_info_names    0000000180056aac f   MSVCRT:tncleanup.obj
 0001:00055ab8       _onexit                    0000000180056ab8 f   MSVCRT:atonexit.obj
 0001:00055b68       atexit                     0000000180056b68 f   MSVCRT:atonexit.obj
 0001:00055b80       _RTC_Initialize            0000000180056b80 f   MSVCRT:_initsect_.obj
 0001:00055bb8       _RTC_Terminate             0000000180056bb8 f   MSVCRT:_initsect_.obj
 0001:00055bf0       _malloc_crt                0000000180056bf0 f   MSVCRT:MSVCR100.dll
 0001:00055c00       _ValidateImageBase         0000000180056c00 f   MSVCRT:pesect.obj
 0001:00055c30       _FindPESection             0000000180056c30 f   MSVCRT:pesect.obj
 0001:00055c80       _IsNonwritableInCurrentImage 0000000180056c80 f   MSVCRT:pesect.obj
 0001:00055cc2       _initterm                  0000000180056cc2 f   MSVCRT:MSVCR100.dll
 0001:00055cc8       _initterm_e                0000000180056cc8 f   MSVCRT:MSVCR100.dll
 0001:00055cce       _encoded_null              0000000180056cce f   MSVCRT:MSVCR100.dll
 0001:00055cd4       _amsg_exit                 0000000180056cd4 f   MSVCRT:MSVCR100.dll
 0001:00055cda       __C_specific_handler       0000000180056cda f   MSVCRT:MSVCR100.dll
 0001:00055ce0       __CppXcptFilter            0000000180056ce0 f   MSVCRT:MSVCR100.dll
 0001:00055ce8       DllMain                    0000000180056ce8 f   MSVCRT:dllmain.obj
 0001:00055d0c       __security_init_cookie     0000000180056d0c f   MSVCRT:gs_support.obj
 0001:00055dc0       __crt_debugger_hook        0000000180056dc0 f   MSVCRT:MSVCR100.dll
 0001:00055dc6       __clean_type_info_names_internal 0000000180056dc6 f   MSVCRT:MSVCR100.dll
 0001:00055dcc       _unlock                    0000000180056dcc f   MSVCRT:MSVCR100.dll
 0001:00055dd2       __dllonexit                0000000180056dd2 f   MSVCRT:MSVCR100.dll
 0001:00055dd8       _lock                      0000000180056dd8 f   MSVCRT:MSVCR100.dll
 0001:00055dde       EncodePointer              0000000180056dde f   kernel32:KERNEL32.dll
 0001:00055de4       DecodePointer              0000000180056de4 f   kernel32:KERNEL32.dll
 0001:00055dea       Sleep                      0000000180056dea f   kernel32:KERNEL32.dll
 0001:00055df0       TerminateProcess           0000000180056df0 f   kernel32:KERNEL32.dll
 0001:00055df6       GetCurrentProcess          0000000180056df6 f   kernel32:KERNEL32.dll
 0001:00055dfc       UnhandledExceptionFilter   0000000180056dfc f   kernel32:KERNEL32.dll
 0001:00055e02       SetUnhandledExceptionFilter 0000000180056e02 f   kernel32:KERNEL32.dll
 0001:00055e08       IsDebuggerPresent          0000000180056e08 f   kernel32:KERNEL32.dll
 0001:00055e0e       RtlVirtualUnwind           0000000180056e0e f   kernel32:KERNEL32.dll
 0001:00055e14       RtlLookupFunctionEntry     0000000180056e14 f   kernel32:KERNEL32.dll
 0001:00055e1a       RtlCaptureContext          0000000180056e1a f   kernel32:KERNEL32.dll
 0001:00055e20       DisableThreadLibraryCalls  0000000180056e20 f   kernel32:KERNEL32.dll
 0001:00055e26       QueryPerformanceCounter    0000000180056e26 f   kernel32:KERNEL32.dll
 0001:00055e2c       GetTickCount               0000000180056e2c f   kernel32:KERNEL32.dll
 0001:00055e32       GetCurrentThreadId         0000000180056e32 f   kernel32:KERNEL32.dll
 0001:00055e38       GetCurrentProcessId        0000000180056e38 f   kernel32:KERNEL32.dll
 0001:00055e3e       GetSystemTimeAsFileTime    0000000180056e3e f   kernel32:KERNEL32.dll
 0002:00000000       __imp_GetCurrentProcessId  0000000180057000     kernel32:KERNEL32.dll
 0002:00000008       __imp_GetCurrentThreadId   0000000180057008     kernel32:KERNEL32.dll
 0002:00000010       __imp_GetTickCount         0000000180057010     kernel32:KERNEL32.dll
 0002:00000018       __imp_QueryPerformanceCounter 0000000180057018     kernel32:KERNEL32.dll
 0002:00000020       __imp_DisableThreadLibraryCalls 0000000180057020     kernel32:KERNEL32.dll
 0002:00000028       __imp_RtlCaptureContext    0000000180057028     kernel32:KERNEL32.dll
 0002:00000030       __imp_RtlLookupFunctionEntry 0000000180057030     kernel32:KERNEL32.dll
 0002:00000038       __imp_RtlVirtualUnwind     0000000180057038     kernel32:KERNEL32.dll
 0002:00000040       __imp_IsDebuggerPresent    0000000180057040     kernel32:KERNEL32.dll
 0002:00000048       __imp_SetUnhandledExceptionFilter 0000000180057048     kernel32:KERNEL32.dll
 0002:00000050       __imp_UnhandledExceptionFilter 0000000180057050     kernel32:KERNEL32.dll
 0002:00000058       __imp_GetCurrentProcess    0000000180057058     kernel32:KERNEL32.dll
 0002:00000060       __imp_TerminateProcess     0000000180057060     kernel32:KERNEL32.dll
 0002:00000068       __imp_Sleep                0000000180057068     kernel32:KERNEL32.dll
 0002:00000070       __imp_DecodePointer        0000000180057070     kernel32:KERNEL32.dll
 0002:00000078       __imp_EncodePointer        0000000180057078     kernel32:KERNEL32.dll
 0002:00000080       __imp_GetSystemTimeAsFileTime 0000000180057080     kernel32:KERNEL32.dll
 0002:00000088       \177KERNEL32_NULL_THUNK_DATA 0000000180057088     kernel32:KERNEL32.dll
 0002:00000090       __imp__onexit              0000000180057090     MSVCRT:MSVCR100.dll
 0002:00000098       __imp__lock                0000000180057098     MSVCRT:MSVCR100.dll
 0002:000000a0       __imp___dllonexit          00000001800570a0     MSVCRT:MSVCR100.dll
 0002:000000a8       __imp__unlock              00000001800570a8     MSVCRT:MSVCR100.dll
 0002:000000b0       __imp___clean_type_info_names_internal 00000001800570b0     MSVCRT:MSVCR100.dll
 0002:000000b8       __imp___crt_debugger_hook  00000001800570b8     MSVCRT:MSVCR100.dll
 0002:000000c0       __imp___CppXcptFilter      00000001800570c0     MSVCRT:MSVCR100.dll
 0002:000000c8       __imp___C_specific_handler 00000001800570c8     MSVCRT:MSVCR100.dll
 0002:000000d0       __imp__amsg_exit           00000001800570d0     MSVCRT:MSVCR100.dll
 0002:000000d8       __imp__encoded_null        00000001800570d8     MSVCRT:MSVCR100.dll
 0002:000000e0       __imp__initterm_e          00000001800570e0     MSVCRT:MSVCR100.dll
 0002:000000e8       __imp__initterm            00000001800570e8     MSVCRT:MSVCR100.dll
 0002:000000f0       __imp__malloc_crt          00000001800570f0     MSVCRT:MSVCR100.dll
 0002:000000f8       __imp_memcpy               00000001800570f8     MSVCRT:MSVCR100.dll
 0002:00000100       __imp_strcat               0000000180057100     MSVCRT:MSVCR100.dll
 0002:00000108       __imp_malloc               0000000180057108     MSVCRT:MSVCR100.dll
 0002:00000110       __imp_sprintf              0000000180057110     MSVCRT:MSVCR100.dll
 0002:00000118       __imp_free                 0000000180057118     MSVCRT:MSVCR100.dll
 0002:00000120       __imp_strlen               0000000180057120     MSVCRT:MSVCR100.dll
 0002:00000128       __imp_memset               0000000180057128     MSVCRT:MSVCR100.dll
 0002:00000130       __imp_strcmp               0000000180057130     MSVCRT:MSVCR100.dll
 0002:00000138       \177MSVCR100_NULL_THUNK_DATA 0000000180057138     MSVCRT:MSVCR100.dll
 0002:00000140       __imp_mexCallMATLAB        0000000180057140     libmex:libmex.dll
 0002:00000148       __imp_mexUnlock            0000000180057148     libmex:libmex.dll
 0002:00000150       __imp_mexLock              0000000180057150     libmex:libmex.dll
 0002:00000158       __imp_mexErrMsgTxt         0000000180057158     libmex:libmex.dll
 0002:00000160       __imp_mexMakeArrayPersistent 0000000180057160     libmex:libmex.dll
 0002:00000168       __imp_mexWarnMsgTxt        0000000180057168     libmex:libmex.dll
 0002:00000170       __imp_mexIsLocked          0000000180057170     libmex:libmex.dll
 0002:00000178       \177libmex_NULL_THUNK_DATA 0000000180057178     libmex:libmex.dll
 0002:00000180       __imp_muDoubleScalarAbs    0000000180057180     libmwmathutil:libmwmathutil.dll
 0002:00000188       \177libmwmathutil_NULL_THUNK_DATA 0000000180057188     libmwmathutil:libmwmathutil.dll
 0002:00000190       __imp_mxCalloc             0000000180057190     libmx:libmx.dll
 0002:00000198       __imp_mxGetM               0000000180057198     libmx:libmx.dll
 0002:000001a0       __imp_mxGetN               00000001800571a0     libmx:libmx.dll
 0002:000001a8       __imp_mxIsComplex          00000001800571a8     libmx:libmx.dll
 0002:000001b0       __imp_mxIsNumeric          00000001800571b0     libmx:libmx.dll
 0002:000001b8       __imp_mxGetClassID         00000001800571b8     libmx:libmx.dll
 0002:000001c0       __imp_mxCreateCellMatrix_730 00000001800571c0     libmx:libmx.dll
 0002:000001c8       __imp_mxCreateStructMatrix_730 00000001800571c8     libmx:libmx.dll
 0002:000001d0       __imp_mxCreateString       00000001800571d0     libmx:libmx.dll
 0002:000001d8       __imp_mxCreateDoubleScalar 00000001800571d8     libmx:libmx.dll
 0002:000001e0       __imp_mxDuplicateArray     00000001800571e0     libmx:libmx.dll
 0002:000001e8       __imp_mxDestroyArray       00000001800571e8     libmx:libmx.dll
 0002:000001f0       __imp_mxIsChar             00000001800571f0     libmx:libmx.dll
 0002:000001f8       __imp_mxGetString_730      00000001800571f8     libmx:libmx.dll
 0002:00000200       __imp_mxCreateDoubleMatrix_730 0000000180057200     libmx:libmx.dll
 0002:00000208       __imp_mxGetPr              0000000180057208     libmx:libmx.dll
 0002:00000210       __imp_mxGetScalar          0000000180057210     libmx:libmx.dll
 0002:00000218       __imp_mxSetField_730       0000000180057218     libmx:libmx.dll
 0002:00000220       \177libmx_NULL_THUNK_DATA  0000000180057220     libmx:libmx.dll
 0002:00000228       __imp_utMalloc             0000000180057228     libut:libut.dll
 0002:00000230       __imp_utFree               0000000180057230     libut:libut.dll
 0002:00000238       \177libut_NULL_THUNK_DATA  0000000180057238     libut:libut.dll
 0002:00000240       __imp_callMdlMethodAndReportError 0000000180057240     sf_runtime:sf_runtime.dll
 0002:00000248       __imp_sf_debug_api         0000000180057248     sf_runtime:sf_runtime.dll
 0002:00000250       __imp_sf_debug_create_debug_instance_struct 0000000180057250     sf_runtime:sf_runtime.dll
 0002:00000258       __imp_sf_debug_terminate   0000000180057258     sf_runtime:sf_runtime.dll
 0002:00000260       __imp_sf_mex_addfield      0000000180057260     sf_runtime:sf_runtime.dll
 0002:00000268       __imp_sf_mex_createstruct  0000000180057268     sf_runtime:sf_runtime.dll
 0002:00000270       __imp_sf_mex_emlrtNameCapturePostProcessR2012a 0000000180057270     sf_runtime:sf_runtime.dll
 0002:00000278       __imp_sf_debug_eml_data_array_bounds_error_check 0000000180057278     sf_runtime:sf_runtime.dll
 0002:00000280       __imp_cv_eval_point        0000000180057280     sf_runtime:sf_runtime.dll
 0002:00000288       __imp_sf_update_buildInfo  0000000180057288     sf_runtime:sf_runtime.dll
 0002:00000290       __imp_sf_debug_set_chart_substate_index 0000000180057290     sf_runtime:sf_runtime.dll
 0002:00000298       __imp_sf_debug_set_chart_state_substate_count 0000000180057298     sf_runtime:sf_runtime.dll
 0002:000002a0       __imp_sf_debug_set_chart_state_substate_index 00000001800572a0     sf_runtime:sf_runtime.dll
 0002:000002a8       __imp_sf_mex_error_direct_call 00000001800572a8     sf_runtime:sf_runtime.dll
 0002:000002b0       __imp_sf_debug_get_animation 00000001800572b0     sf_runtime:sf_runtime.dll
 0002:000002b8       __imp_sf_debug_set_animation 00000001800572b8     sf_runtime:sf_runtime.dll
 0002:000002c0       __imp_sf_debug_set_honor_breakpoints 00000001800572c0     sf_runtime:sf_runtime.dll
 0002:000002c8       __imp_sf_debug_animate     00000001800572c8     sf_runtime:sf_runtime.dll
 0002:000002d0       __imp_sf_clear_rtw_identifier 00000001800572d0     sf_runtime:sf_runtime.dll
 0002:000002d8       __imp_sf_debug_symbol_scope_push 00000001800572d8     sf_runtime:sf_runtime.dll
 0002:000002e0       __imp_sf_debug_call        00000001800572e0     sf_runtime:sf_runtime.dll
 0002:000002e8       __imp_sf_debug_symbol_scope_push_eml 00000001800572e8     sf_runtime:sf_runtime.dll
 0002:000002f0       __imp_sf_debug_symbol_scope_add_eml_importable 00000001800572f0     sf_runtime:sf_runtime.dll
 0002:000002f8       __imp_sf_debug_symbol_scope_add_eml 00000001800572f8     sf_runtime:sf_runtime.dll
 0002:00000300       __imp_cv_eml_eval          0000000180057300     sf_runtime:sf_runtime.dll
 0002:00000308       __imp_eml_debug_line_call  0000000180057308     sf_runtime:sf_runtime.dll
 0002:00000310       __imp_sf_debug_symbol_scope_pop 0000000180057310     sf_runtime:sf_runtime.dll
 0002:00000318       __imp_sf_debug_check_for_state_inconsistency 0000000180057318     sf_runtime:sf_runtime.dll
 0002:00000320       __imp_sf_clear_error_manager_info 0000000180057320     sf_runtime:sf_runtime.dll
 0002:00000328       __imp_sf_mex_duplicatearraysafe 0000000180057328     sf_runtime:sf_runtime.dll
 0002:00000330       __imp_call_sf_machine_global_method_dispatcher 0000000180057330     sf_runtime:sf_runtime.dll
 0002:00000338       __imp_sf_debug_data_range_wrapper 0000000180057338     sf_runtime:sf_runtime.dll
 0002:00000340       __imp_sf_get_time          0000000180057340     sf_runtime:sf_runtime.dll
 0002:00000348       __imp_sf_debug_initialize_chart 0000000180057348     sf_runtime:sf_runtime.dll
 0002:00000350       __imp_sf_debug_set_chart_disable_implicit_casting 0000000180057350     sf_runtime:sf_runtime.dll
 0002:00000358       __imp_sf_debug_set_chart_event_thresholds 0000000180057358     sf_runtime:sf_runtime.dll
 0002:00000360       __imp_sf_debug_set_chart_data_props 0000000180057360     sf_runtime:sf_runtime.dll
 0002:00000368       __imp_sf_debug_set_chart_state_info 0000000180057368     sf_runtime:sf_runtime.dll
 0002:00000370       __imp_sf_debug_set_chart_substate_count 0000000180057370     sf_runtime:sf_runtime.dll
 0002:00000378       __imp_sf_debug_set_chart_decomposition 0000000180057378     sf_runtime:sf_runtime.dll
 0002:00000380       __imp_sf_debug_cv_init_chart 0000000180057380     sf_runtime:sf_runtime.dll
 0002:00000388       __imp_sf_debug_cv_init_state 0000000180057388     sf_runtime:sf_runtime.dll
 0002:00000390       __imp_sf_debug_cv_init_trans 0000000180057390     sf_runtime:sf_runtime.dll
 0002:00000398       __imp_cv_eml_init_script   0000000180057398     sf_runtime:sf_runtime.dll
 0002:000003a0       __imp_cv_eml_init_fcn      00000001800573a0     sf_runtime:sf_runtime.dll
 0002:000003a8       __imp_cv_eml_init_if       00000001800573a8     sf_runtime:sf_runtime.dll
 0002:000003b0       __imp_cv_eml_init_mcdc     00000001800573b0     sf_runtime:sf_runtime.dll
 0002:000003b8       __imp_sf_debug_set_chart_data_compiled_props 00000001800573b8     sf_runtime:sf_runtime.dll
 0002:000003c0       __imp_sf_debug_set_instance_data_value_ptr 00000001800573c0     sf_runtime:sf_runtime.dll
 0002:000003c8       __imp_sf_debug_reset_current_state_configuration 00000001800573c8     sf_runtime:sf_runtime.dll
 0002:000003d0       __imp_sim_mode_is_rtw_gen  00000001800573d0     sf_runtime:sf_runtime.dll
 0002:000003d8       __imp_sim_mode_is_external 00000001800573d8     sf_runtime:sf_runtime.dll
 0002:000003e0       __imp_sf_is_chart_inlinable 00000001800573e0     sf_runtime:sf_runtime.dll
 0002:000003e8       __imp_sf_rtw_info_uint_prop 00000001800573e8     sf_runtime:sf_runtime.dll
 0002:000003f0       __imp_sf_mark_chart_expressionable_inputs 00000001800573f0     sf_runtime:sf_runtime.dll
 0002:000003f8       __imp_sf_mark_chart_reusable_outputs 00000001800573f8     sf_runtime:sf_runtime.dll
 0002:00000400       __imp_sf_set_rtw_dwork_info 0000000180057400     sf_runtime:sf_runtime.dll
 0002:00000408       __imp_sf_mex_import        0000000180057408     sf_runtime:sf_runtime.dll
 0002:00000410       __imp_sf_mex_dup           0000000180057410     sf_runtime:sf_runtime.dll
 0002:00000418       __imp_sf_mex_getcell       0000000180057418     sf_runtime:sf_runtime.dll
 0002:00000420       __imp_sf_mex_destroy       0000000180057420     sf_runtime:sf_runtime.dll
 0002:00000428       __imp_sf_mex_decode_encoded_mx_struct_array 0000000180057428     sf_runtime:sf_runtime.dll
 0002:00000430       __imp_sf_mex_createcellmatrix 0000000180057430     sf_runtime:sf_runtime.dll
 0002:00000438       __imp_sf_mex_setcell       0000000180057438     sf_runtime:sf_runtime.dll
 0002:00000440       __imp_sf_mex_call_matlab   0000000180057440     sf_runtime:sf_runtime.dll
 0002:00000448       __imp_sf_mex_error_message 0000000180057448     sf_runtime:sf_runtime.dll
 0002:00000450       __imp_sf_mex_create        0000000180057450     sf_runtime:sf_runtime.dll
 0002:00000458       __imp_sf_mex_assign        0000000180057458     sf_runtime:sf_runtime.dll
 0002:00000460       __imp_sf_load_rtw_optimization_info 0000000180057460     sf_runtime:sf_runtime.dll
 0002:00000468       __imp_sf_debug_initialize_machine 0000000180057468     sf_runtime:sf_runtime.dll
 0002:00000470       __imp_sf_debug_set_machine_event_thresholds 0000000180057470     sf_runtime:sf_runtime.dll
 0002:00000478       __imp_sf_debug_set_machine_data_thresholds 0000000180057478     sf_runtime:sf_runtime.dll
 0002:00000480       \177sf_runtime_NULL_THUNK_DATA 0000000180057480     sf_runtime:sf_runtime.dll
 0002:00000488       __xc_a                     0000000180057488     MSVCRT:cinitexe.obj
 0002:00000490       __xc_z                     0000000180057490     MSVCRT:cinitexe.obj
 0002:00000498       __xi_a                     0000000180057498     MSVCRT:cinitexe.obj
 0002:000004a8       __xi_z                     00000001800574a8     MSVCRT:cinitexe.obj
 0002:000004b0       __real@41ace12a94000000    00000001800574b0     VCU_CS75_12_16_Test_sfun.obj
 0002:000004b8       __real@41d0e15d85400000    00000001800574b8     VCU_CS75_12_16_Test_sfun.obj
 0002:000004c0       __real@41b93c96e1000000    00000001800574c0     VCU_CS75_12_16_Test_sfun.obj
 0002:000004c8       __real@41e266a942800000    00000001800574c8     VCU_CS75_12_16_Test_sfun.obj
 0002:000004d0       __real@41c8d9806a800000    00000001800574d0     VCU_CS75_12_16_Test_sfun.obj
 0002:000004d8       __real@41d1f38be6c00000    00000001800574d8     VCU_CS75_12_16_Test_sfun.obj
 0002:000004e0       __real@41e341355f400000    00000001800574e0     VCU_CS75_12_16_Test_sfun.obj
 0002:000004e8       __real@41b03b3216000000    00000001800574e8     VCU_CS75_12_16_Test_sfun.obj
 0002:000004f0       __real@41c09f3898000000    00000001800574f0     VCU_CS75_12_16_Test_sfun.obj
 0002:000004f8       __real@41e6f94667800000    00000001800574f8     VCU_CS75_12_16_Test_sfun.obj
 0002:00000500       __real@41d1f179d9800000    0000000180057500     VCU_CS75_12_16_Test_sfun.obj
 0002:00000508       __real@41e885023ce00000    0000000180057508     VCU_CS75_12_16_Test_sfun.obj
 0002:00000510       __real@41b6848333000000    0000000180057510     VCU_CS75_12_16_Test_sfun.obj
 0002:00000518       __real@41e5123338800000    0000000180057518     VCU_CS75_12_16_Test_sfun.obj
 0002:00000520       __real@41e6459c1b800000    0000000180057520     VCU_CS75_12_16_Test_sfun.obj
 0002:00000528       __real@41a9d6a522000000    0000000180057528     VCU_CS75_12_16_Test_sfun.obj
 0002:00000530       __real@41ca31e714800000    0000000180057530     c1_VCU_CS75_12_16_Test.obj
 0002:00000538       __real@41e281aba3a00000    0000000180057538     c1_VCU_CS75_12_16_Test.obj
 0002:00000540       __real@41eb479af1200000    0000000180057540     c1_VCU_CS75_12_16_Test.obj
 0002:00000548       __real@41933a70d8000000    0000000180057548     c1_VCU_CS75_12_16_Test.obj
 0002:00000550       __real@4024000000000000    0000000180057550     c1_VCU_CS75_12_16_Test.obj
 0002:00000558       __real@3ff0000000000000    0000000180057558     c1_VCU_CS75_12_16_Test.obj
 0002:00000560       __real@0000000000000000    0000000180057560     c1_VCU_CS75_12_16_Test.obj
 0002:00000568       __real@4000000000000000    0000000180057568     c1_VCU_CS75_12_16_Test.obj
 0002:00000570       __real@41e2b2f330a00000    0000000180057570     c2_VCU_CS75_12_16_Test.obj
 0002:00000578       __real@41cd2460fe800000    0000000180057578     c2_VCU_CS75_12_16_Test.obj
 0002:00000580       __real@41ed4786cf200000    0000000180057580     c2_VCU_CS75_12_16_Test.obj
 0002:00000588       __real@41e54d2b36200000    0000000180057588     c2_VCU_CS75_12_16_Test.obj
 0002:00000590       __real@4034000000000000    0000000180057590     c2_VCU_CS75_12_16_Test.obj
 0002:00000598       __real@4010000000000000    0000000180057598     c2_VCU_CS75_12_16_Test.obj
 0002:000005a0       __real@41e8aea24c400000    00000001800575a0     c4_VCU_CS75_12_16_Test.obj
 0002:000005a8       __real@41debef7a4400000    00000001800575a8     c4_VCU_CS75_12_16_Test.obj
 0002:000005b0       __real@41d0b8eece400000    00000001800575b0     c4_VCU_CS75_12_16_Test.obj
 0002:000005b8       __real@41e1799204200000    00000001800575b8     c4_VCU_CS75_12_16_Test.obj
 0002:000005c0       __real@4008000000000000    00000001800575c0     c4_VCU_CS75_12_16_Test.obj
 0002:000005c8       __real@41e544cfe1400000    00000001800575c8     c6_VCU_CS75_12_16_Test.obj
 0002:000005d0       __real@41e9a666a9000000    00000001800575d0     c6_VCU_CS75_12_16_Test.obj
 0002:000005d8       __real@41ecb1566f200000    00000001800575d8     c6_VCU_CS75_12_16_Test.obj
 0002:000005e0       __real@41dc72b6b5800000    00000001800575e0     c6_VCU_CS75_12_16_Test.obj
 0002:000005e8       __real@41ee44396b400000    00000001800575e8     c7_VCU_CS75_12_16_Test.obj
 0002:000005f0       __real@41cbaa955f800000    00000001800575f0     c7_VCU_CS75_12_16_Test.obj
 0002:000005f8       __real@41d3f0a631000000    00000001800575f8     c7_VCU_CS75_12_16_Test.obj
 0002:00000600       __real@41d769c57ec00000    0000000180057600     c7_VCU_CS75_12_16_Test.obj
 0002:00000608       __real@41ed6ac0d7c00000    0000000180057608     c8_VCU_CS75_12_16_Test.obj
 0002:00000610       __real@41cda190f1000000    0000000180057610     c8_VCU_CS75_12_16_Test.obj
 0002:00000618       __real@41e174ecdb200000    0000000180057618     c8_VCU_CS75_12_16_Test.obj
 0002:00000620       __real@41ba29d6d5000000    0000000180057620     c8_VCU_CS75_12_16_Test.obj
 0002:00000628       __real@41e89dc479600000    0000000180057628     c9_VCU_CS75_12_16_Test.obj
 0002:00000630       __real@41eb82f19b400000    0000000180057630     c9_VCU_CS75_12_16_Test.obj
 0002:00000638       __real@41e8ec88e5200000    0000000180057638     c9_VCU_CS75_12_16_Test.obj
 0002:00000640       __real@41ce21495c800000    0000000180057640     c9_VCU_CS75_12_16_Test.obj
 0002:00000648       __real@402e000000000000    0000000180057648     c9_VCU_CS75_12_16_Test.obj
 0002:00000650       __real@41ee71df13400000    0000000180057650     c11_VCU_CS75_12_16_Test.obj
 0002:00000658       __real@41df45fffb400000    0000000180057658     c11_VCU_CS75_12_16_Test.obj
 0002:00000660       __real@41c3db3e7d000000    0000000180057660     c11_VCU_CS75_12_16_Test.obj
 0002:00000668       __real@41db0b8bbac00000    0000000180057668     c11_VCU_CS75_12_16_Test.obj
 0002:00000670       __real@41eedddcbee00000    0000000180057670     c12_VCU_CS75_12_16_Test.obj
 0002:00000678       __real@41db9f725e000000    0000000180057678     c12_VCU_CS75_12_16_Test.obj
 0002:00000680       __real@41e57da0dbe00000    0000000180057680     c12_VCU_CS75_12_16_Test.obj
 0002:00000688       __real@41ea9da464000000    0000000180057688     c12_VCU_CS75_12_16_Test.obj
 0002:00000690       __real@41ce9923be000000    0000000180057690     c13_VCU_CS75_12_16_Test.obj
 0002:00000698       __real@41e3647141e00000    0000000180057698     c13_VCU_CS75_12_16_Test.obj
 0002:000006a0       __real@41dfed0b7f000000    00000001800576a0     c13_VCU_CS75_12_16_Test.obj
 0002:000006a8       __real@41e379970fa00000    00000001800576a8     c13_VCU_CS75_12_16_Test.obj
 0002:000006b0       __real@41d62fd756800000    00000001800576b0     c14_VCU_CS75_12_16_Test.obj
 0002:000006b8       __real@41e4a50c8ea00000    00000001800576b8     c14_VCU_CS75_12_16_Test.obj
 0002:000006c0       __real@41e5c16029e00000    00000001800576c0     c14_VCU_CS75_12_16_Test.obj
 0002:000006c8       __real@41dce0f445000000    00000001800576c8     c14_VCU_CS75_12_16_Test.obj
 0002:000006d0       __real@41e3ecbf93800000    00000001800576d0     c16_VCU_CS75_12_16_Test.obj
 0002:000006d8       __real@41e9d1052ae00000    00000001800576d8     c16_VCU_CS75_12_16_Test.obj
 0002:000006e0       __real@41ee44b1a0600000    00000001800576e0     c16_VCU_CS75_12_16_Test.obj
 0002:000006e8       __real@41d4df3dce400000    00000001800576e8     c16_VCU_CS75_12_16_Test.obj
 0002:000006f0       __mask@@NegDouble@         00000001800576f0     c16_VCU_CS75_12_16_Test.obj
 0002:00000700       __real@41efc613e2600000    0000000180057700     c17_VCU_CS75_12_16_Test.obj
 0002:00000708       __real@41d7d12b5e800000    0000000180057708     c17_VCU_CS75_12_16_Test.obj
 0002:00000710       __real@41ea67e0bd400000    0000000180057710     c17_VCU_CS75_12_16_Test.obj
 0002:00000718       __real@41d97a4cff400000    0000000180057718     c17_VCU_CS75_12_16_Test.obj
 0002:00000720       __real@41d320b53ec00000    0000000180057720     c20_VCU_CS75_12_16_Test.obj
 0002:00000728       __real@41e52d7613e00000    0000000180057728     c20_VCU_CS75_12_16_Test.obj
 0002:00000730       __real@41d6b89871400000    0000000180057730     c20_VCU_CS75_12_16_Test.obj
 0002:00000738       __real@41d00bddb2c00000    0000000180057738     c20_VCU_CS75_12_16_Test.obj
 0002:00000740       __real@4022000000000000    0000000180057740     c20_VCU_CS75_12_16_Test.obj
 0002:00000748       __real@41de76ad77400000    0000000180057748     c26_VCU_CS75_12_16_Test.obj
 0002:00000750       __real@41caebc84e800000    0000000180057750     c26_VCU_CS75_12_16_Test.obj
 0002:00000758       __real@41e3cb59ece00000    0000000180057758     c26_VCU_CS75_12_16_Test.obj
 0002:00000760       __real@41ec7c465dc00000    0000000180057760     c26_VCU_CS75_12_16_Test.obj
 0002:00000768       __real@41e0769c97000000    0000000180057768     c27_VCU_CS75_12_16_Test.obj
 0002:00000770       __real@41d6a8a634000000    0000000180057770     c27_VCU_CS75_12_16_Test.obj
 0002:00000778       __real@41e08c98b0800000    0000000180057778     c27_VCU_CS75_12_16_Test.obj
 0002:00000780       __real@41ee09157c200000    0000000180057780     c27_VCU_CS75_12_16_Test.obj
 0002:00000788       __real@41d4fdd2a4400000    0000000180057788     c28_VCU_CS75_12_16_Test.obj
 0002:00000790       __real@41b1b7c101000000    0000000180057790     c28_VCU_CS75_12_16_Test.obj
 0002:00000798       __real@41d312f6c5c00000    0000000180057798     c28_VCU_CS75_12_16_Test.obj
 0002:000007a0       __real@41db751814400000    00000001800577a0     c28_VCU_CS75_12_16_Test.obj
 0002:000007a8       __real@41ea5a6401a00000    00000001800577a8     c29_VCU_CS75_12_16_Test.obj
 0002:000007b0       __real@41e5f5ad76c00000    00000001800577b0     c29_VCU_CS75_12_16_Test.obj
 0002:000007b8       __real@41e1139ea8800000    00000001800577b8     c29_VCU_CS75_12_16_Test.obj
 0002:000007c0       __real@41e59fd112000000    00000001800577c0     c29_VCU_CS75_12_16_Test.obj
 0002:000007c8       __real@41a839fc14000000    00000001800577c8     c30_VCU_CS75_12_16_Test.obj
 0002:000007d0       __real@41edd5c412200000    00000001800577d0     c30_VCU_CS75_12_16_Test.obj
 0002:000007d8       __real@41cf8de5d4800000    00000001800577d8     c30_VCU_CS75_12_16_Test.obj
 0002:000007e0       __real@41d43ad1af400000    00000001800577e0     c30_VCU_CS75_12_16_Test.obj
 0002:000007f0       DYNAMIC_DIMENSION_DEF      00000001800577f0     VCU_CS75_12_16_Test_sfun_registry.obj
 0002:00000810       _ssBadLevel2InputAccessMsg 0000000180057810     VCU_CS75_12_16_Test_sfun_registry.obj
 0002:000009a0       _ssBadLevel2DirectFeedMsg  00000001800579a0     VCU_CS75_12_16_Test_sfun_registry.obj
 0002:00000ae0       _ssBadLevel2DirectFeedSolutionMsg 0000000180057ae0     VCU_CS75_12_16_Test_sfun_registry.obj
 0002:00000b50       _ssBadLevel2ZeroDirectFeedMsg 0000000180057b50     VCU_CS75_12_16_Test_sfun_registry.obj
 0002:00000c90       _ssBadLevel2ZeroDirectFeedMsg2 0000000180057c90     VCU_CS75_12_16_Test_sfun_registry.obj
 0002:00000d78       __real@bff0000000000000    0000000180057d78     VCU_CS75_12_16_Test_sfun_registry.obj
 0002:00000d80       __real@41602cbca0000000    0000000180057d80     VCU_CS75_12_16_Test_sfun_registry.obj
 0002:00000d88       _pDefaultRawDllMain        0000000180057d88     MSVCRT:crtdll.obj
 0002:00000d88       _pRawDllMain               0000000180057d88     MSVCRT:crtdll.obj
 0002:00000da0       ?ProcessDetach@NativeDll@<CrtImplementationDetails>@@0IB 0000000180057da0     MSVCRT:tncleanup.obj
 0002:00000da4       ?ProcessAttach@NativeDll@<CrtImplementationDetails>@@0IB 0000000180057da4     MSVCRT:tncleanup.obj
 0002:00000da8       ?ThreadAttach@NativeDll@<CrtImplementationDetails>@@0IB 0000000180057da8     MSVCRT:tncleanup.obj
 0002:00000dac       ?ThreadDetach@NativeDll@<CrtImplementationDetails>@@0IB 0000000180057dac     MSVCRT:tncleanup.obj
 0002:00000db0       ?ProcessVerifier@NativeDll@<CrtImplementationDetails>@@0IB 0000000180057db0     MSVCRT:tncleanup.obj
 0002:00000db8       __rtc_iaa                  0000000180057db8     MSVCRT:_initsect_.obj
 0002:00000dc0       __rtc_izz                  0000000180057dc0     MSVCRT:_initsect_.obj
 0002:00000dc8       __rtc_taa                  0000000180057dc8     MSVCRT:_initsect_.obj
 0002:00000dd0       __rtc_tzz                  0000000180057dd0     MSVCRT:_initsect_.obj
 0002:00002c80       __IMPORT_DESCRIPTOR_sf_runtime 0000000180059c80     sf_runtime:sf_runtime.dll
 0002:00002c94       __IMPORT_DESCRIPTOR_libmx  0000000180059c94     libmx:libmx.dll
 0002:00002ca8       __IMPORT_DESCRIPTOR_libmex 0000000180059ca8     libmex:libmex.dll
 0002:00002cbc       __IMPORT_DESCRIPTOR_libut  0000000180059cbc     libut:libut.dll
 0002:00002cd0       __IMPORT_DESCRIPTOR_libmwmathutil 0000000180059cd0     libmwmathutil:libmwmathutil.dll
 0002:00002ce4       __IMPORT_DESCRIPTOR_MSVCR100 0000000180059ce4     MSVCRT:MSVCR100.dll
 0002:00002cf8       __IMPORT_DESCRIPTOR_KERNEL32 0000000180059cf8     kernel32:KERNEL32.dll
 0002:00002d0c       __NULL_IMPORT_DESCRIPTOR   0000000180059d0c     sf_runtime:sf_runtime.dll
 0003:0000b0d0       DYNAMIC_DIMENSION          00000001800660d0     VCU_CS75_12_16_Test_sfun_registry.obj
 0003:0000bcd8       __security_cookie          0000000180066cd8     MSVCRT:gs_cookie.obj
 0003:0000bce0       __security_cookie_complement 0000000180066ce0     MSVCRT:gs_cookie.obj
 0003:0000bce8       _fltused                   0000000180066ce8     MSVCRT:dllsupp.obj
 0003:0000bcf0       __native_dllmain_reason    0000000180066cf0     MSVCRT:natstart.obj
 0003:0000bcf4       __native_vcclrit_reason    0000000180066cf4     MSVCRT:natstart.obj
 0003:0000bea8       sfGlobalDebugInstanceStruct 0000000180066ea8     VCU_CS75_12_16_Test_sfun_registry.obj
 0003:0000c430       ?__type_info_root_node@@3U__type_info_node@@A 0000000180067430     MSVCRT:tncleanup.obj
 0003:0000c440       _VCU_CS75_12_16_TestMachineNumber_ 0000000180067440     <common>
 0003:0000c444       __native_startup_state     0000000180067444     <common>
 0003:0000c448       __native_startup_lock      0000000180067448     <common>
 0003:0000c450       __onexitend                0000000180067450     <common>
 0003:0000c458       __onexitbegin              0000000180067458     <common>
 0003:0000c460       __dyn_tls_init_callback    0000000180067460     <common>

 entry point at        0001:00055920

 Static symbols

 0001:00002d50       get_sim_state_c1_VCU_CS75_12_16_Test 0000000180003d50 f   c1_VCU_CS75_12_16_Test.obj
 0001:00002fc0       sf_get_sim_state_info_c1_VCU_CS75_12_16_Test 0000000180003fc0 f   c1_VCU_CS75_12_16_Test.obj
 0001:00003190       set_sim_state_c1_VCU_CS75_12_16_Test 0000000180004190 f   c1_VCU_CS75_12_16_Test.obj
 0001:000032b0       c1_update_debugger_state_c1_VCU_CS75_12_16_Test 00000001800042b0 f   c1_VCU_CS75_12_16_Test.obj
 0001:000032c0       c1_emlrt_marshallIn        00000001800042c0 f   c1_VCU_CS75_12_16_Test.obj
 0001:00003330       c1_b_emlrt_marshallIn      0000000180004330 f   c1_VCU_CS75_12_16_Test.obj
 0001:000033c0       c1_d_emlrt_marshallIn      00000001800043c0 f   c1_VCU_CS75_12_16_Test.obj
 0001:00003420       c1_e_emlrt_marshallIn      0000000180004420 f   c1_VCU_CS75_12_16_Test.obj
 0001:00003520       mdlProcessParameters_c1_VCU_CS75_12_16_Test 0000000180004520 f   c1_VCU_CS75_12_16_Test.obj
 0001:00003600       initialize_params_c1_VCU_CS75_12_16_Test 0000000180004600 f   c1_VCU_CS75_12_16_Test.obj
 0001:00003610       mdlSetWorkWidths_c1_VCU_CS75_12_16_Test 0000000180004610 f   c1_VCU_CS75_12_16_Test.obj
 0001:00003b10       sf_get_instance_specialization 0000000180004b10 f   c1_VCU_CS75_12_16_Test.obj
 0001:00003b20       mdlStart_c1_VCU_CS75_12_16_Test 0000000180004b20 f   c1_VCU_CS75_12_16_Test.obj
 0001:00003d50       init_dsm_address_info      0000000180004d50 f   c1_VCU_CS75_12_16_Test.obj
 0001:00003d60       chart_debug_initialization 0000000180004d60 f   c1_VCU_CS75_12_16_Test.obj
 0001:00004860       init_script_number_translation 0000000180005860 f   c1_VCU_CS75_12_16_Test.obj
 0001:00004880       c1_sf_marshallOut          0000000180005880 f   c1_VCU_CS75_12_16_Test.obj
 0001:00004930       c1_sf_marshallIn           0000000180005930 f   c1_VCU_CS75_12_16_Test.obj
 0001:000049d0       sf_opaque_initialize_c1_VCU_CS75_12_16_Test 00000001800059d0 f   c1_VCU_CS75_12_16_Test.obj
 0001:00004a10       initialize_c1_VCU_CS75_12_16_Test 0000000180005a10 f   c1_VCU_CS75_12_16_Test.obj
 0001:00004a60       sf_opaque_enable_c1_VCU_CS75_12_16_Test 0000000180005a60 f   c1_VCU_CS75_12_16_Test.obj
 0001:00004a80       enable_c1_VCU_CS75_12_16_Test 0000000180005a80 f   c1_VCU_CS75_12_16_Test.obj
 0001:00004ab0       sf_opaque_disable_c1_VCU_CS75_12_16_Test 0000000180005ab0 f   c1_VCU_CS75_12_16_Test.obj
 0001:00004ad0       disable_c1_VCU_CS75_12_16_Test 0000000180005ad0 f   c1_VCU_CS75_12_16_Test.obj
 0001:00004b00       sf_opaque_gateway_c1_VCU_CS75_12_16_Test 0000000180005b00 f   c1_VCU_CS75_12_16_Test.obj
 0001:00004b20       sf_gateway_c1_VCU_CS75_12_16_Test 0000000180005b20 f   c1_VCU_CS75_12_16_Test.obj
 0001:000057b0       sf_opaque_get_sim_state_c1_VCU_CS75_12_16_Test 00000001800067b0 f   c1_VCU_CS75_12_16_Test.obj
 0001:000057d0       sf_opaque_set_sim_state_c1_VCU_CS75_12_16_Test 00000001800067d0 f   c1_VCU_CS75_12_16_Test.obj
 0001:00005800       sf_opaque_terminate_c1_VCU_CS75_12_16_Test 0000000180006800 f   c1_VCU_CS75_12_16_Test.obj
 0001:000058a0       finalize_c1_VCU_CS75_12_16_Test 00000001800068a0 f   c1_VCU_CS75_12_16_Test.obj
 0001:000058b0       sf_opaque_init_subchart_simstructs 00000001800068b0 f   c1_VCU_CS75_12_16_Test.obj
 0001:000058d0       initSimStructsc1_VCU_CS75_12_16_Test 00000001800068d0 f   c1_VCU_CS75_12_16_Test.obj
 0001:000058e0       mdlRTW_c1_VCU_CS75_12_16_Test 00000001800068e0 f   c1_VCU_CS75_12_16_Test.obj
 0001:000064c0       get_sim_state_c2_VCU_CS75_12_16_Test 00000001800074c0 f   c2_VCU_CS75_12_16_Test.obj
 0001:00006730       sf_get_sim_state_info_c2_VCU_CS75_12_16_Test 0000000180007730 f   c2_VCU_CS75_12_16_Test.obj
 0001:00006900       set_sim_state_c2_VCU_CS75_12_16_Test 0000000180007900 f   c2_VCU_CS75_12_16_Test.obj
 0001:00006a20       c2_update_debugger_state_c2_VCU_CS75_12_16_Test 0000000180007a20 f   c2_VCU_CS75_12_16_Test.obj
 0001:00006a30       c2_emlrt_marshallIn        0000000180007a30 f   c2_VCU_CS75_12_16_Test.obj
 0001:00006aa0       c2_b_emlrt_marshallIn      0000000180007aa0 f   c2_VCU_CS75_12_16_Test.obj
 0001:00006b30       c2_d_emlrt_marshallIn      0000000180007b30 f   c2_VCU_CS75_12_16_Test.obj
 0001:00006b90       c2_e_emlrt_marshallIn      0000000180007b90 f   c2_VCU_CS75_12_16_Test.obj
 0001:00006c90       mdlProcessParameters_c2_VCU_CS75_12_16_Test 0000000180007c90 f   c2_VCU_CS75_12_16_Test.obj
 0001:00006d70       initialize_params_c2_VCU_CS75_12_16_Test 0000000180007d70 f   c2_VCU_CS75_12_16_Test.obj
 0001:00006d80       mdlSetWorkWidths_c2_VCU_CS75_12_16_Test 0000000180007d80 f   c2_VCU_CS75_12_16_Test.obj
 0001:000072e0       sf_get_instance_specialization 00000001800082e0 f   c2_VCU_CS75_12_16_Test.obj
 0001:000072f0       mdlStart_c2_VCU_CS75_12_16_Test 00000001800082f0 f   c2_VCU_CS75_12_16_Test.obj
 0001:00007520       init_dsm_address_info      0000000180008520 f   c2_VCU_CS75_12_16_Test.obj
 0001:00007530       chart_debug_initialization 0000000180008530 f   c2_VCU_CS75_12_16_Test.obj
 0001:000082c0       init_script_number_translation 00000001800092c0 f   c2_VCU_CS75_12_16_Test.obj
 0001:000082e0       c2_sf_marshallOut          00000001800092e0 f   c2_VCU_CS75_12_16_Test.obj
 0001:00008390       c2_sf_marshallIn           0000000180009390 f   c2_VCU_CS75_12_16_Test.obj
 0001:00008430       sf_opaque_initialize_c2_VCU_CS75_12_16_Test 0000000180009430 f   c2_VCU_CS75_12_16_Test.obj
 0001:00008470       initialize_c2_VCU_CS75_12_16_Test 0000000180009470 f   c2_VCU_CS75_12_16_Test.obj
 0001:000084c0       sf_opaque_enable_c2_VCU_CS75_12_16_Test 00000001800094c0 f   c2_VCU_CS75_12_16_Test.obj
[...]
 0001:000421c0       initialize_c26_VCU_CS75_12_16_Test 00000001800431c0 f   c26_VCU_CS75_12_16_Test.obj
 0001:00042210       sf_opaque_enable_c26_VCU_CS75_12_16_Test 0000000180043210 f   c26_VCU_CS75_12_16_Test.obj
 0001:00042230       enable_c26_VCU_CS75_12_16_Test 0000000180043230 f   c26_VCU_CS75_12_16_Test.obj
 0001:00042260       sf_opaque_disable_c26_VCU_CS75_12_16_Test 0000000180043260 f   c26_VCU_CS75_12_16_Test.obj
 0001:00042280       disable_c26_VCU_CS75_12_16_Test 0000000180043280 f   c26_VCU_CS75_12_16_Test.obj
 0001:000422b0       sf_opaque_gateway_c26_VCU_CS75_12_16_Test 00000001800432b0 f   c26_VCU_CS75_12_16_Test.obj
 0001:000422d0       sf_gateway_c26_VCU_CS75_12_16_Test 00000001800432d0 f   c26_VCU_CS75_12_16_Test.obj
 0001:00042ce0       sf_opaque_get_sim_state_c26_VCU_CS75_12_16_Test 0000000180043ce0 f   c26_VCU_CS75_12_16_Test.obj
 0001:00042d00       sf_opaque_set_sim_state_c26_VCU_CS75_12_16_Test 0000000180043d00 f   c26_VCU_CS75_12_16_Test.obj
 0001:00042d30       sf_opaque_terminate_c26_VCU_CS75_12_16_Test 0000000180043d30 f   c26_VCU_CS75_12_16_Test.obj
 0001:00042dd0       finalize_c26_VCU_CS75_12_16_Test 0000000180043dd0 f   c26_VCU_CS75_12_16_Test.obj
 0001:00042de0       sf_opaque_init_subchart_simstructs 0000000180043de0 f   c26_VCU_CS75_12_16_Test.obj
 0001:00042e00       initSimStructsc26_VCU_CS75_12_16_Test 0000000180043e00 f   c26_VCU_CS75_12_16_Test.obj
 0001:00042e10       mdlRTW_c26_VCU_CS75_12_16_Test 0000000180043e10 f   c26_VCU_CS75_12_16_Test.obj
 0001:00042ec0       c27_info_helper            0000000180043ec0 f   c27_VCU_CS75_12_16_Test.obj
 0001:00043f90       c27_emlrt_marshallOut      0000000180044f90 f   c27_VCU_CS75_12_16_Test.obj
 0001:00044020       c27_b_emlrt_marshallOut    0000000180045020 f   c27_VCU_CS75_12_16_Test.obj
 0001:00044690       get_sim_state_c27_VCU_CS75_12_16_Test 0000000180045690 f   c27_VCU_CS75_12_16_Test.obj
 0001:00044840       sf_get_sim_state_info_c27_VCU_CS75_12_16_Test 0000000180045840 f   c27_VCU_CS75_12_16_Test.obj
 0001:00044a10       set_sim_state_c27_VCU_CS75_12_16_Test 0000000180045a10 f   c27_VCU_CS75_12_16_Test.obj
 0001:00044af0       c27_update_debugger_state_c27_VCU_CS75_12_16_Test 0000000180045af0 f   c27_VCU_CS75_12_16_Test.obj
 0001:00044b00       c27_emlrt_marshallIn       0000000180045b00 f   c27_VCU_CS75_12_16_Test.obj
 0001:00044b70       c27_b_emlrt_marshallIn     0000000180045b70 f   c27_VCU_CS75_12_16_Test.obj
 0001:00044c00       c27_d_emlrt_marshallIn     0000000180045c00 f   c27_VCU_CS75_12_16_Test.obj
 0001:00044c60       c27_e_emlrt_marshallIn     0000000180045c60 f   c27_VCU_CS75_12_16_Test.obj
 0001:00044d60       mdlProcessParameters_c27_VCU_CS75_12_16_Test 0000000180045d60 f   c27_VCU_CS75_12_16_Test.obj
 0001:00044e40       initialize_params_c27_VCU_CS75_12_16_Test 0000000180045e40 f   c27_VCU_CS75_12_16_Test.obj
 0001:00044e50       mdlSetWorkWidths_c27_VCU_CS75_12_16_Test 0000000180045e50 f   c27_VCU_CS75_12_16_Test.obj
 0001:00045320       sf_get_instance_specialization 0000000180046320 f   c27_VCU_CS75_12_16_Test.obj
 0001:00045330       mdlStart_c27_VCU_CS75_12_16_Test 0000000180046330 f   c27_VCU_CS75_12_16_Test.obj
 0001:00045560       init_dsm_address_info      0000000180046560 f   c27_VCU_CS75_12_16_Test.obj
 0001:00045570       chart_debug_initialization 0000000180046570 f   c27_VCU_CS75_12_16_Test.obj
 0001:00045d20       init_script_number_translation 0000000180046d20 f   c27_VCU_CS75_12_16_Test.obj
 0001:00045d40       c27_sf_marshallOut         0000000180046d40 f   c27_VCU_CS75_12_16_Test.obj
 0001:00045df0       c27_sf_marshallIn          0000000180046df0 f   c27_VCU_CS75_12_16_Test.obj
 0001:00045e90       sf_opaque_initialize_c27_VCU_CS75_12_16_Test 0000000180046e90 f   c27_VCU_CS75_12_16_Test.obj
 0001:00045ed0       initialize_c27_VCU_CS75_12_16_Test 0000000180046ed0 f   c27_VCU_CS75_12_16_Test.obj
 0001:00045f20       sf_opaque_enable_c27_VCU_CS75_12_16_Test 0000000180046f20 f   c27_VCU_CS75_12_16_Test.obj
 0001:00045f40       enable_c27_VCU_CS75_12_16_Test 0000000180046f40 f   c27_VCU_CS75_12_16_Test.obj
 0001:00045f70       sf_opaque_disable_c27_VCU_CS75_12_16_Test 0000000180046f70 f   c27_VCU_CS75_12_16_Test.obj
 0001:00045f90       disable_c27_VCU_CS75_12_16_Test 0000000180046f90 f   c27_VCU_CS75_12_16_Test.obj
 0001:00045fc0       sf_opaque_gateway_c27_VCU_CS75_12_16_Test 0000000180046fc0 f   c27_VCU_CS75_12_16_Test.obj
 0001:00045fe0       sf_gateway_c27_VCU_CS75_12_16_Test 0000000180046fe0 f   c27_VCU_CS75_12_16_Test.obj
 0001:00046750       sf_opaque_get_sim_state_c27_VCU_CS75_12_16_Test 0000000180047750 f   c27_VCU_CS75_12_16_Test.obj
 0001:00046770       sf_opaque_set_sim_state_c27_VCU_CS75_12_16_Test 0000000180047770 f   c27_VCU_CS75_12_16_Test.obj
 0001:000467a0       sf_opaque_terminate_c27_VCU_CS75_12_16_Test 00000001800477a0 f   c27_VCU_CS75_12_16_Test.obj
 0001:00046840       finalize_c27_VCU_CS75_12_16_Test 0000000180047840 f   c27_VCU_CS75_12_16_Test.obj
 0001:00046850       sf_opaque_init_subchart_simstructs 0000000180047850 f   c27_VCU_CS75_12_16_Test.obj
 0001:00046870       initSimStructsc27_VCU_CS75_12_16_Test 0000000180047870 f   c27_VCU_CS75_12_16_Test.obj
 0001:00046880       mdlRTW_c27_VCU_CS75_12_16_Test 0000000180047880 f   c27_VCU_CS75_12_16_Test.obj
 0001:00047090       get_sim_state_c28_VCU_CS75_12_16_Test 0000000180048090 f   c28_VCU_CS75_12_16_Test.obj
 0001:00047240       sf_get_sim_state_info_c28_VCU_CS75_12_16_Test 0000000180048240 f   c28_VCU_CS75_12_16_Test.obj
 0001:00047410       set_sim_state_c28_VCU_CS75_12_16_Test 0000000180048410 f   c28_VCU_CS75_12_16_Test.obj
 0001:000474f0       c28_update_debugger_state_c28_VCU_CS75_12_16_Test 00000001800484f0 f   c28_VCU_CS75_12_16_Test.obj
 0001:00047500       c28_emlrt_marshallIn       0000000180048500 f   c28_VCU_CS75_12_16_Test.obj
 0001:00047570       c28_b_emlrt_marshallIn     0000000180048570 f   c28_VCU_CS75_12_16_Test.obj
 0001:00047600       c28_d_emlrt_marshallIn     0000000180048600 f   c28_VCU_CS75_12_16_Test.obj
 0001:00047660       c28_e_emlrt_marshallIn     0000000180048660 f   c28_VCU_CS75_12_16_Test.obj
 0001:00047760       mdlProcessParameters_c28_VCU_CS75_12_16_Test 0000000180048760 f   c28_VCU_CS75_12_16_Test.obj
 0001:00047840       initialize_params_c28_VCU_CS75_12_16_Test 0000000180048840 f   c28_VCU_CS75_12_16_Test.obj
 0001:00047850       mdlSetWorkWidths_c28_VCU_CS75_12_16_Test 0000000180048850 f   c28_VCU_CS75_12_16_Test.obj
 0001:00047d50       sf_get_instance_specialization 0000000180048d50 f   c28_VCU_CS75_12_16_Test.obj
 0001:00047d60       mdlStart_c28_VCU_CS75_12_16_Test 0000000180048d60 f   c28_VCU_CS75_12_16_Test.obj
 0001:00047f90       init_dsm_address_info      0000000180048f90 f   c28_VCU_CS75_12_16_Test.obj
 0001:00047fa0       chart_debug_initialization 0000000180048fa0 f   c28_VCU_CS75_12_16_Test.obj
 0001:00048910       init_script_number_translation 0000000180049910 f   c28_VCU_CS75_12_16_Test.obj
 0001:00048930       c28_sf_marshallOut         0000000180049930 f   c28_VCU_CS75_12_16_Test.obj
 0001:000489e0       c28_sf_marshallIn          00000001800499e0 f   c28_VCU_CS75_12_16_Test.obj
 0001:00048a80       sf_opaque_initialize_c28_VCU_CS75_12_16_Test 0000000180049a80 f   c28_VCU_CS75_12_16_Test.obj
 0001:00048ac0       initialize_c28_VCU_CS75_12_16_Test 0000000180049ac0 f   c28_VCU_CS75_12_16_Test.obj
 0001:00048b10       sf_opaque_enable_c28_VCU_CS75_12_16_Test 0000000180049b10 f   c28_VCU_CS75_12_16_Test.obj
 0001:00048b30       enable_c28_VCU_CS75_12_16_Test 0000000180049b30 f   c28_VCU_CS75_12_16_Test.obj
 0001:00048b60       sf_opaque_disable_c28_VCU_CS75_12_16_Test 0000000180049b60 f   c28_VCU_CS75_12_16_Test.obj
 0001:00048b80       disable_c28_VCU_CS75_12_16_Test 0000000180049b80 f   c28_VCU_CS75_12_16_Test.obj
 0001:00048bb0       sf_opaque_gateway_c28_VCU_CS75_12_16_Test 0000000180049bb0 f   c28_VCU_CS75_12_16_Test.obj
 0001:00048bd0       sf_gateway_c28_VCU_CS75_12_16_Test 0000000180049bd0 f   c28_VCU_CS75_12_16_Test.obj
 0001:00049540       sf_opaque_get_sim_state_c28_VCU_CS75_12_16_Test 000000018004a540 f   c28_VCU_CS75_12_16_Test.obj
 0001:00049560       sf_opaque_set_sim_state_c28_VCU_CS75_12_16_Test 000000018004a560 f   c28_VCU_CS75_12_16_Test.obj
 0001:00049590       sf_opaque_terminate_c28_VCU_CS75_12_16_Test 000000018004a590 f   c28_VCU_CS75_12_16_Test.obj
 0001:00049630       finalize_c28_VCU_CS75_12_16_Test 000000018004a630 f   c28_VCU_CS75_12_16_Test.obj
 0001:00049640       sf_opaque_init_subchart_simstructs 000000018004a640 f   c28_VCU_CS75_12_16_Test.obj
 0001:00049660       initSimStructsc28_VCU_CS75_12_16_Test 000000018004a660 f   c28_VCU_CS75_12_16_Test.obj
 0001:00049670       mdlRTW_c28_VCU_CS75_12_16_Test 000000018004a670 f   c28_VCU_CS75_12_16_Test.obj
 0001:00049d30       get_sim_state_c29_VCU_CS75_12_16_Test 000000018004ad30 f   c29_VCU_CS75_12_16_Test.obj
 0001:00049ed0       sf_get_sim_state_info_c29_VCU_CS75_12_16_Test 000000018004aed0 f   c29_VCU_CS75_12_16_Test.obj
 0001:0004a0a0       set_sim_state_c29_VCU_CS75_12_16_Test 000000018004b0a0 f   c29_VCU_CS75_12_16_Test.obj
 0001:0004a180       c29_update_debugger_state_c29_VCU_CS75_12_16_Test 000000018004b180 f   c29_VCU_CS75_12_16_Test.obj
 0001:0004a190       c29_emlrt_marshallIn       000000018004b190 f   c29_VCU_CS75_12_16_Test.obj
 0001:0004a200       c29_b_emlrt_marshallIn     000000018004b200 f   c29_VCU_CS75_12_16_Test.obj
 0001:0004a290       c29_d_emlrt_marshallIn     000000018004b290 f   c29_VCU_CS75_12_16_Test.obj
 0001:0004a2f0       c29_e_emlrt_marshallIn     000000018004b2f0 f   c29_VCU_CS75_12_16_Test.obj
 0001:0004a3f0       mdlProcessParameters_c29_VCU_CS75_12_16_Test 000000018004b3f0 f   c29_VCU_CS75_12_16_Test.obj
 0001:0004a4d0       initialize_params_c29_VCU_CS75_12_16_Test 000000018004b4d0 f   c29_VCU_CS75_12_16_Test.obj
 0001:0004a4e0       mdlSetWorkWidths_c29_VCU_CS75_12_16_Test 000000018004b4e0 f   c29_VCU_CS75_12_16_Test.obj
 0001:0004a9b0       sf_get_instance_specialization 000000018004b9b0 f   c29_VCU_CS75_12_16_Test.obj
 0001:0004a9c0       mdlStart_c29_VCU_CS75_12_16_Test 000000018004b9c0 f   c29_VCU_CS75_12_16_Test.obj
 0001:0004abf0       init_dsm_address_info      000000018004bbf0 f   c29_VCU_CS75_12_16_Test.obj
 0001:0004ac00       chart_debug_initialization 000000018004bc00 f   c29_VCU_CS75_12_16_Test.obj
 0001:0004b3b0       init_script_number_translation 000000018004c3b0 f   c29_VCU_CS75_12_16_Test.obj
 0001:0004b3d0       c29_sf_marshallOut         000000018004c3d0 f   c29_VCU_CS75_12_16_Test.obj
 0001:0004b480       c29_sf_marshallIn          000000018004c480 f   c29_VCU_CS75_12_16_Test.obj
 0001:0004b520       sf_opaque_initialize_c29_VCU_CS75_12_16_Test 000000018004c520 f   c29_VCU_CS75_12_16_Test.obj
 0001:0004b560       initialize_c29_VCU_CS75_12_16_Test 000000018004c560 f   c29_VCU_CS75_12_16_Test.obj
 0001:0004b5b0       sf_opaque_enable_c29_VCU_CS75_12_16_Test 000000018004c5b0 f   c29_VCU_CS75_12_16_Test.obj
 0001:0004b5d0       enable_c29_VCU_CS75_12_16_Test 000000018004c5d0 f   c29_VCU_CS75_12_16_Test.obj
 0001:0004b600       sf_opaque_disable_c29_VCU_CS75_12_16_Test 000000018004c600 f   c29_VCU_CS75_12_16_Test.obj
 0001:0004b620       disable_c29_VCU_CS75_12_16_Test 000000018004c620 f   c29_VCU_CS75_12_16_Test.obj
 0001:0004b650       sf_opaque_gateway_c29_VCU_CS75_12_16_Test 000000018004c650 f   c29_VCU_CS75_12_16_Test.obj
 0001:0004b670       sf_gateway_c29_VCU_CS75_12_16_Test 000000018004c670 f   c29_VCU_CS75_12_16_Test.obj
 0001:0004bd90       sf_opaque_get_sim_state_c29_VCU_CS75_12_16_Test 000000018004cd90 f   c29_VCU_CS75_12_16_Test.obj
 0001:0004bdb0       sf_opaque_set_sim_state_c29_VCU_CS75_12_16_Test 000000018004cdb0 f   c29_VCU_CS75_12_16_Test.obj
 0001:0004bde0       sf_opaque_terminate_c29_VCU_CS75_12_16_Test 000000018004cde0 f   c29_VCU_CS75_12_16_Test.obj
 0001:0004be80       finalize_c29_VCU_CS75_12_16_Test 000000018004ce80 f   c29_VCU_CS75_12_16_Test.obj
 0001:0004be90       sf_opaque_init_subchart_simstructs 000000018004ce90 f   c29_VCU_CS75_12_16_Test.obj
 0001:0004beb0       initSimStructsc29_VCU_CS75_12_16_Test 000000018004ceb0 f   c29_VCU_CS75_12_16_Test.obj
 0001:0004bec0       mdlRTW_c29_VCU_CS75_12_16_Test 000000018004cec0 f   c29_VCU_CS75_12_16_Test.obj
 0001:0004c6d0       get_sim_state_c30_VCU_CS75_12_16_Test 000000018004d6d0 f   c30_VCU_CS75_12_16_Test.obj
 0001:0004c870       sf_get_sim_state_info_c30_VCU_CS75_12_16_Test 000000018004d870 f   c30_VCU_CS75_12_16_Test.obj
 0001:0004ca40       set_sim_state_c30_VCU_CS75_12_16_Test 000000018004da40 f   c30_VCU_CS75_12_16_Test.obj
 0001:0004cb20       c30_update_debugger_state_c30_VCU_CS75_12_16_Test 000000018004db20 f   c30_VCU_CS75_12_16_Test.obj
 0001:0004cb30       c30_emlrt_marshallIn       000000018004db30 f   c30_VCU_CS75_12_16_Test.obj
 0001:0004cba0       c30_b_emlrt_marshallIn     000000018004dba0 f   c30_VCU_CS75_12_16_Test.obj
 0001:0004cc30       c30_d_emlrt_marshallIn     000000018004dc30 f   c30_VCU_CS75_12_16_Test.obj
 0001:0004cc90       c30_e_emlrt_marshallIn     000000018004dc90 f   c30_VCU_CS75_12_16_Test.obj
 0001:0004cd90       mdlProcessParameters_c30_VCU_CS75_12_16_Test 000000018004dd90 f   c30_VCU_CS75_12_16_Test.obj
 0001:0004ce70       initialize_params_c30_VCU_CS75_12_16_Test 000000018004de70 f   c30_VCU_CS75_12_16_Test.obj
 0001:0004ce80       mdlSetWorkWidths_c30_VCU_CS75_12_16_Test 000000018004de80 f   c30_VCU_CS75_12_16_Test.obj
 0001:0004d380       sf_get_instance_specialization 000000018004e380 f   c30_VCU_CS75_12_16_Test.obj
 0001:0004d390       mdlStart_c30_VCU_CS75_12_16_Test 000000018004e390 f   c30_VCU_CS75_12_16_Test.obj
 0001:0004d5c0       init_dsm_address_info      000000018004e5c0 f   c30_VCU_CS75_12_16_Test.obj
 0001:0004d5d0       chart_debug_initialization 000000018004e5d0 f   c30_VCU_CS75_12_16_Test.obj
 0001:0004df40       init_script_number_translation 000000018004ef40 f   c30_VCU_CS75_12_16_Test.obj
 0001:0004df60       c30_sf_marshallOut         000000018004ef60 f   c30_VCU_CS75_12_16_Test.obj
 0001:0004e010       c30_sf_marshallIn          000000018004f010 f   c30_VCU_CS75_12_16_Test.obj
 0001:0004e0b0       sf_opaque_initialize_c30_VCU_CS75_12_16_Test 000000018004f0b0 f   c30_VCU_CS75_12_16_Test.obj
 0001:0004e0f0       initialize_c30_VCU_CS75_12_16_Test 000000018004f0f0 f   c30_VCU_CS75_12_16_Test.obj
 0001:0004e140       sf_opaque_enable_c30_VCU_CS75_12_16_Test 000000018004f140 f   c30_VCU_CS75_12_16_Test.obj
 0001:0004e160       enable_c30_VCU_CS75_12_16_Test 000000018004f160 f   c30_VCU_CS75_12_16_Test.obj
 0001:0004e190       sf_opaque_disable_c30_VCU_CS75_12_16_Test 000000018004f190 f   c30_VCU_CS75_12_16_Test.obj
 0001:0004e1b0       disable_c30_VCU_CS75_12_16_Test 000000018004f1b0 f   c30_VCU_CS75_12_16_Test.obj
 0001:0004e1e0       sf_opaque_gateway_c30_VCU_CS75_12_16_Test 000000018004f1e0 f   c30_VCU_CS75_12_16_Test.obj
 0001:0004e200       sf_gateway_c30_VCU_CS75_12_16_Test 000000018004f200 f   c30_VCU_CS75_12_16_Test.obj
 0001:0004eb80       sf_opaque_get_sim_state_c30_VCU_CS75_12_16_Test 000000018004fb80 f   c30_VCU_CS75_12_16_Test.obj
 0001:0004eba0       sf_opaque_set_sim_state_c30_VCU_CS75_12_16_Test 000000018004fba0 f   c30_VCU_CS75_12_16_Test.obj
 0001:0004ebd0       sf_opaque_terminate_c30_VCU_CS75_12_16_Test 000000018004fbd0 f   c30_VCU_CS75_12_16_Test.obj
 0001:0004ec70       finalize_c30_VCU_CS75_12_16_Test 000000018004fc70 f   c30_VCU_CS75_12_16_Test.obj
 0001:0004ec80       sf_opaque_init_subchart_simstructs 000000018004fc80 f   c30_VCU_CS75_12_16_Test.obj
 0001:0004eca0       initSimStructsc30_VCU_CS75_12_16_Test 000000018004fca0 f   c30_VCU_CS75_12_16_Test.obj
 0001:0004ecb0       mdlRTW_c30_VCU_CS75_12_16_Test 000000018004fcb0 f   c30_VCU_CS75_12_16_Test.obj
 0001:0004f620       getChartInfoFromSimStruct  0000000180050620 f   VCU_CS75_12_16_Test_sfun_registry.obj
 0001:00050cc0       _ssFatalError              0000000180051cc0 f   VCU_CS75_12_16_Test_sfun_registry.obj
 0001:00053d70       ProcessMexSfunctionCmdLineCall 0000000180054d70 f   VCU_CS75_12_16_Test_sfun_registry.obj
 0001:00053ea0       sf_debug_api_wrapper       0000000180054ea0 f   VCU_CS75_12_16_Test_sfun_registry.obj
 0001:00053ef0       mdlStart                   0000000180054ef0 f   VCU_CS75_12_16_Test_sfun_registry.obj
 0001:00053f20       mdl_start_processing       0000000180054f20 f   VCU_CS75_12_16_Test_sfun_registry.obj
 0001:00053fb0       mdlTerminate               0000000180054fb0 f   VCU_CS75_12_16_Test_sfun_registry.obj
 0001:00053fe0       mdl_terminate_processing   0000000180054fe0 f   VCU_CS75_12_16_Test_sfun_registry.obj
 0001:00054060       mdlInitializeSampleTimes   0000000180055060 f   VCU_CS75_12_16_Test_sfun_registry.obj
 0001:00054090       mdlZeroCrossings           0000000180055090 f   VCU_CS75_12_16_Test_sfun_registry.obj
 0001:000540c0       mdl_zeroCrossings_processing 00000001800550c0 f   VCU_CS75_12_16_Test_sfun_registry.obj
 0001:00054100       mdlDerivatives             0000000180055100 f   VCU_CS75_12_16_Test_sfun_registry.obj
 0001:00054130       mdl_derivatives_processing 0000000180055130 f   VCU_CS75_12_16_Test_sfun_registry.obj
 0001:00054180       mdlInitializeConditions    0000000180055180 f   VCU_CS75_12_16_Test_sfun_registry.obj
 0001:000541b0       mdl_initialize_conditions_processing 00000001800551b0 f   VCU_CS75_12_16_Test_sfun_registry.obj
 0001:00054200       mdlEnable                  0000000180055200 f   VCU_CS75_12_16_Test_sfun_registry.obj
 0001:00054230       mdl_enable_processing      0000000180055230 f   VCU_CS75_12_16_Test_sfun_registry.obj
 0001:00054270       mdlDisable                 0000000180055270 f   VCU_CS75_12_16_Test_sfun_registry.obj
 0001:000542a0       mdl_disable_processing     00000001800552a0 f   VCU_CS75_12_16_Test_sfun_registry.obj
 0001:000542e0       mdlOutputs                 00000001800552e0 f   VCU_CS75_12_16_Test_sfun_registry.obj
 0001:00054310       mdl_outputs_processing     0000000180055310 f   VCU_CS75_12_16_Test_sfun_registry.obj
 0001:000543f0       mdl_outputs_continuous_legacy 00000001800553f0 f   VCU_CS75_12_16_Test_sfun_registry.obj
 0001:000544e0       mdlGetTimeOfNextVarHit     00000001800554e0 f   VCU_CS75_12_16_Test_sfun_registry.obj
 0001:00054530       _ProcessMexSfunctionCmdLineCall 0000000180055530 f   VCU_CS75_12_16_Test_sfun_registry.obj
 0001:00054c80       mdlSetWorkWidths           0000000180055c80 f   VCU_CS75_12_16_Test_sfun_registry.obj
 0001:00054cb0       mdlProcessParameters       0000000180055cb0 f   VCU_CS75_12_16_Test_sfun_registry.obj
 0001:00054ce0       mdlInitializeSizes         0000000180055ce0 f   VCU_CS75_12_16_Test_sfun_registry.obj
 0001:00054d10       mdlExtModeExec             0000000180055d10 f   VCU_CS75_12_16_Test_sfun_registry.obj
 0001:00054d40       mdl_ext_mode_exec_processing 0000000180055d40 f   VCU_CS75_12_16_Test_sfun_registry.obj
 0001:00054d80       mdlRTW                     0000000180055d80 f   VCU_CS75_12_16_Test_sfun_registry.obj
 0001:00054dc0       _CreateSimStruct           0000000180055dc0 f   VCU_CS75_12_16_Test_sfun_registry.obj
 0001:00054f50       _RegNumInputPortsCB        0000000180055f50 f   VCU_CS75_12_16_Test_sfun_registry.obj
 0001:00054fd0       _RegNumOutputPortsCB       0000000180055fd0 f   VCU_CS75_12_16_Test_sfun_registry.obj
 0001:00055528       pre_c_init                 0000000180056528 f   MSVCRT:crtdll.obj
 0001:000557e4       __DllMainCRTStartup        00000001800567e4 f   MSVCRT:crtdll.obj
 0001:00055e50       __DllMainCRTStartup$filt$0 0000000180056e50 f   MSVCRT:crtdll.obj
 0001:00055e80       __DllMainCRTStartup$fin$1  0000000180056e80 f   MSVCRT:crtdll.obj
 0001:00055e9a       _onexit$fin$0              0000000180056e9a f   MSVCRT:atonexit.obj
 0001:00055ec0       _IsNonwritableInCurrentImage$filt$0 0000000180056ec0 f   MSVCRT:pesect.obj
