 VCU_CS75_12_16_Test_sfun

 Timestamp is 5fda034e (Wed Dec 16 20:53:34 2020)

 Preferred load address is 0000000180000000

 Start         Length     Name                   Class
 0001:00000000 00052f34H .text                   CODE
 0001:00052f40 00000092H .text$x                 CODE
 0002:00000000 00000488H .idata$5                DATA
 0002:00000488 00000008H .CRT$XCA                DATA
 0002:00000490 00000008H .CRT$XCZ                DATA
 0002:00000498 00000008H .CRT$XIA                DATA
 0002:000004a0 00000008H .CRT$XIAA               DATA
 0002:000004a8 00000008H .CRT$XIZ                DATA
 0002:000004b0 000008e4H .rdata                  DATA
 0002:00000d98 00000008H .rtc$IAA                DATA
 0002:00000da0 00000008H .rtc$IZZ                DATA
 0002:00000da8 00000008H .rtc$TAA                DATA
 0002:00000db0 00000008H .rtc$TZZ                DATA
 0002:00000db8 00001d90H .xdata                  DATA
 0002:00002b48 0000008cH .idata$2                DATA
 0002:00002bd4 00000014H .idata$3                DATA
 0002:00002be8 00000488H .idata$4                DATA
 0002:00003070 00000cc2H .idata$6                DATA
 0002:00003d40 0000005eH .edata                  DATA
 0003:00000000 0000b6c8H .data                   DATA
 0003:0000b6d0 00000758H .bss                    DATA
 0004:00000000 0000297cH .pdata                  DATA

  Address         Publics by Value              Rva+Base               Lib:Object

 0000:00000000       ___safe_se_handler_table   0000000000000000     <absolute>
 0000:00000000       ___safe_se_handler_count   0000000000000000     <absolute>
 0000:00000000       __ImageBase                0000000180000000     <linker-defined>
 0001:00000000       VCU_CS75_12_16_Test_initializer 0000000180001000 f   VCU_CS75_12_16_Test_sfun.obj
 0001:00000010       VCU_CS75_12_16_Test_terminator 0000000180001010 f   VCU_CS75_12_16_Test_sfun.obj
 0001:00000020       sf_VCU_CS75_12_16_Test_method_dispatcher 0000000180001020 f   VCU_CS75_12_16_Test_sfun.obj
 0001:00000350       sf_VCU_CS75_12_16_Test_process_check_sum_call 0000000180001350 f   VCU_CS75_12_16_Test_sfun.obj
 0001:00000930       sf_VCU_CS75_12_16_Test_autoinheritance_info 0000000180001930 f   VCU_CS75_12_16_Test_sfun.obj
 0001:000010f0       sf_VCU_CS75_12_16_Test_get_eml_resolved_functions_info 00000001800020f0 f   VCU_CS75_12_16_Test_sfun.obj
 0001:00001740       sf_VCU_CS75_12_16_Test_third_party_uses_info 0000000180002740 f   VCU_CS75_12_16_Test_sfun.obj
 0001:00001ca0       sf_VCU_CS75_12_16_Test_updateBuildInfo_args_info 0000000180002ca0 f   VCU_CS75_12_16_Test_sfun.obj
 0001:00002200       VCU_CS75_12_16_Test_debug_initialize 0000000180003200 f   VCU_CS75_12_16_Test_sfun.obj
 0001:00002280       VCU_CS75_12_16_Test_register_exported_symbols 0000000180003280 f   VCU_CS75_12_16_Test_sfun.obj
 0001:00002290       load_VCU_CS75_12_16_Test_optimization_info 0000000180003290 f   VCU_CS75_12_16_Test_sfun.obj
 0001:000022e0       unload_VCU_CS75_12_16_Test_optimization_info 00000001800032e0 f   VCU_CS75_12_16_Test_sfun.obj
 0001:00002310       sf_c1_VCU_CS75_12_16_Test_get_eml_resolved_functions_info 0000000180003310 f   c1_VCU_CS75_12_16_Test.obj
 0001:00002390       sf_c1_VCU_CS75_12_16_Test_get_check_sum 0000000180003390 f   c1_VCU_CS75_12_16_Test.obj
 0001:00002410       sf_c1_VCU_CS75_12_16_Test_get_autoinheritance_info 0000000180003410 f   c1_VCU_CS75_12_16_Test.obj
 0001:00002ad0       sf_c1_VCU_CS75_12_16_Test_third_party_uses_info 0000000180003ad0 f   c1_VCU_CS75_12_16_Test.obj
 0001:00002b00       sf_c1_VCU_CS75_12_16_Test_updateBuildInfo_args_info 0000000180003b00 f   c1_VCU_CS75_12_16_Test.obj
 0001:00002b30       sf_internal_get_sim_state_c1_VCU_CS75_12_16_Test 0000000180003b30 f   c1_VCU_CS75_12_16_Test.obj
 0001:00002f60       sf_internal_set_sim_state_c1_VCU_CS75_12_16_Test 0000000180003f60 f   c1_VCU_CS75_12_16_Test.obj
 0001:00003390       c1_VCU_CS75_12_16_Test_method_dispatcher 0000000180004390 f   c1_VCU_CS75_12_16_Test.obj
 0001:00005800       sf_c2_VCU_CS75_12_16_Test_get_eml_resolved_functions_info 0000000180006800 f   c2_VCU_CS75_12_16_Test.obj
 0001:00005880       sf_c2_VCU_CS75_12_16_Test_get_check_sum 0000000180006880 f   c2_VCU_CS75_12_16_Test.obj
 0001:00005900       sf_c2_VCU_CS75_12_16_Test_get_autoinheritance_info 0000000180006900 f   c2_VCU_CS75_12_16_Test.obj
 0001:00006240       sf_c2_VCU_CS75_12_16_Test_third_party_uses_info 0000000180007240 f   c2_VCU_CS75_12_16_Test.obj
 0001:00006270       sf_c2_VCU_CS75_12_16_Test_updateBuildInfo_args_info 0000000180007270 f   c2_VCU_CS75_12_16_Test.obj
 0001:000062a0       sf_internal_get_sim_state_c2_VCU_CS75_12_16_Test 00000001800072a0 f   c2_VCU_CS75_12_16_Test.obj
 0001:000066d0       sf_internal_set_sim_state_c2_VCU_CS75_12_16_Test 00000001800076d0 f   c2_VCU_CS75_12_16_Test.obj
 0001:00006b00       c2_VCU_CS75_12_16_Test_method_dispatcher 0000000180007b00 f   c2_VCU_CS75_12_16_Test.obj
 0001:000091c0       sf_c3_VCU_CS75_12_16_Test_get_eml_resolved_functions_info 000000018000a1c0 f   c3_VCU_CS75_12_16_Test.obj
 0001:00009240       sf_c3_VCU_CS75_12_16_Test_get_check_sum 000000018000a240 f   c3_VCU_CS75_12_16_Test.obj
 0001:000092c0       sf_c3_VCU_CS75_12_16_Test_get_autoinheritance_info 000000018000a2c0 f   c3_VCU_CS75_12_16_Test.obj
 0001:00009c00       sf_c3_VCU_CS75_12_16_Test_third_party_uses_info 000000018000ac00 f   c3_VCU_CS75_12_16_Test.obj
 0001:00009c30       sf_c3_VCU_CS75_12_16_Test_updateBuildInfo_args_info 000000018000ac30 f   c3_VCU_CS75_12_16_Test.obj
 0001:00009c60       sf_internal_get_sim_state_c3_VCU_CS75_12_16_Test 000000018000ac60 f   c3_VCU_CS75_12_16_Test.obj
 0001:0000a090       sf_internal_set_sim_state_c3_VCU_CS75_12_16_Test 000000018000b090 f   c3_VCU_CS75_12_16_Test.obj
 0001:0000a4c0       c3_VCU_CS75_12_16_Test_method_dispatcher 000000018000b4c0 f   c3_VCU_CS75_12_16_Test.obj
 0001:0000cb80       sf_c4_VCU_CS75_12_16_Test_get_eml_resolved_functions_info 000000018000db80 f   c4_VCU_CS75_12_16_Test.obj
 0001:0000cc00       sf_c4_VCU_CS75_12_16_Test_get_check_sum 000000018000dc00 f   c4_VCU_CS75_12_16_Test.obj
 0001:0000cc80       sf_c4_VCU_CS75_12_16_Test_get_autoinheritance_info 000000018000dc80 f   c4_VCU_CS75_12_16_Test.obj
 0001:0000d840       sf_c4_VCU_CS75_12_16_Test_third_party_uses_info 000000018000e840 f   c4_VCU_CS75_12_16_Test.obj
 0001:0000d870       sf_c4_VCU_CS75_12_16_Test_updateBuildInfo_args_info 000000018000e870 f   c4_VCU_CS75_12_16_Test.obj
 0001:0000d8a0       sf_internal_get_sim_state_c4_VCU_CS75_12_16_Test 000000018000e8a0 f   c4_VCU_CS75_12_16_Test.obj
 0001:0000dd40       sf_internal_set_sim_state_c4_VCU_CS75_12_16_Test 000000018000ed40 f   c4_VCU_CS75_12_16_Test.obj
 0001:0000e9d0       c4_VCU_CS75_12_16_Test_method_dispatcher 000000018000f9d0 f   c4_VCU_CS75_12_16_Test.obj
 0001:00016a30       sf_c6_VCU_CS75_12_16_Test_get_eml_resolved_functions_info 0000000180017a30 f   c6_VCU_CS75_12_16_Test.obj
 0001:00016ab0       sf_c6_VCU_CS75_12_16_Test_get_check_sum 0000000180017ab0 f   c6_VCU_CS75_12_16_Test.obj
 0001:00016b30       sf_c6_VCU_CS75_12_16_Test_get_autoinheritance_info 0000000180017b30 f   c6_VCU_CS75_12_16_Test.obj
 0001:00016f50       sf_c6_VCU_CS75_12_16_Test_third_party_uses_info 0000000180017f50 f   c6_VCU_CS75_12_16_Test.obj
 0001:00016f80       sf_c6_VCU_CS75_12_16_Test_updateBuildInfo_args_info 0000000180017f80 f   c6_VCU_CS75_12_16_Test.obj
 0001:00016fb0       sf_internal_get_sim_state_c6_VCU_CS75_12_16_Test 0000000180017fb0 f   c6_VCU_CS75_12_16_Test.obj
 0001:00017310       sf_internal_set_sim_state_c6_VCU_CS75_12_16_Test 0000000180018310 f   c6_VCU_CS75_12_16_Test.obj
 0001:00017700       c6_VCU_CS75_12_16_Test_method_dispatcher 0000000180018700 f   c6_VCU_CS75_12_16_Test.obj
 0001:00019270       sf_c7_VCU_CS75_12_16_Test_get_eml_resolved_functions_info 000000018001a270 f   c7_VCU_CS75_12_16_Test.obj
 0001:000192f0       sf_c7_VCU_CS75_12_16_Test_get_check_sum 000000018001a2f0 f   c7_VCU_CS75_12_16_Test.obj
 0001:00019370       sf_c7_VCU_CS75_12_16_Test_get_autoinheritance_info 000000018001a370 f   c7_VCU_CS75_12_16_Test.obj
 0001:00019790       sf_c7_VCU_CS75_12_16_Test_third_party_uses_info 000000018001a790 f   c7_VCU_CS75_12_16_Test.obj
 0001:000197c0       sf_c7_VCU_CS75_12_16_Test_updateBuildInfo_args_info 000000018001a7c0 f   c7_VCU_CS75_12_16_Test.obj
 0001:000197f0       sf_internal_get_sim_state_c7_VCU_CS75_12_16_Test 000000018001a7f0 f   c7_VCU_CS75_12_16_Test.obj
 0001:00019b50       sf_internal_set_sim_state_c7_VCU_CS75_12_16_Test 000000018001ab50 f   c7_VCU_CS75_12_16_Test.obj
 0001:00019f40       c7_VCU_CS75_12_16_Test_method_dispatcher 000000018001af40 f   c7_VCU_CS75_12_16_Test.obj
 0001:0001bab0       sf_c8_VCU_CS75_12_16_Test_get_eml_resolved_functions_info 000000018001cab0 f   c8_VCU_CS75_12_16_Test.obj
 0001:0001bb30       sf_c8_VCU_CS75_12_16_Test_get_check_sum 000000018001cb30 f   c8_VCU_CS75_12_16_Test.obj
 0001:0001bbb0       sf_c8_VCU_CS75_12_16_Test_get_autoinheritance_info 000000018001cbb0 f   c8_VCU_CS75_12_16_Test.obj
 0001:0001c120       sf_c8_VCU_CS75_12_16_Test_third_party_uses_info 000000018001d120 f   c8_VCU_CS75_12_16_Test.obj
 0001:0001c150       sf_c8_VCU_CS75_12_16_Test_updateBuildInfo_args_info 000000018001d150 f   c8_VCU_CS75_12_16_Test.obj
 0001:0001c180       sf_internal_get_sim_state_c8_VCU_CS75_12_16_Test 000000018001d180 f   c8_VCU_CS75_12_16_Test.obj
 0001:0001c4e0       sf_internal_set_sim_state_c8_VCU_CS75_12_16_Test 000000018001d4e0 f   c8_VCU_CS75_12_16_Test.obj
 0001:0001c8d0       c8_VCU_CS75_12_16_Test_method_dispatcher 000000018001d8d0 f   c8_VCU_CS75_12_16_Test.obj
 0001:0001e950       sf_c9_VCU_CS75_12_16_Test_get_eml_resolved_functions_info 000000018001f950 f   c9_VCU_CS75_12_16_Test.obj
 0001:0001e9d0       sf_c9_VCU_CS75_12_16_Test_get_check_sum 000000018001f9d0 f   c9_VCU_CS75_12_16_Test.obj
 0001:0001ea50       sf_c9_VCU_CS75_12_16_Test_get_autoinheritance_info 000000018001fa50 f   c9_VCU_CS75_12_16_Test.obj
 0001:0001efc0       sf_c9_VCU_CS75_12_16_Test_third_party_uses_info 000000018001ffc0 f   c9_VCU_CS75_12_16_Test.obj
 0001:0001eff0       sf_c9_VCU_CS75_12_16_Test_updateBuildInfo_args_info 000000018001fff0 f   c9_VCU_CS75_12_16_Test.obj
 0001:0001f020       sf_internal_get_sim_state_c9_VCU_CS75_12_16_Test 0000000180020020 f   c9_VCU_CS75_12_16_Test.obj
 0001:0001f390       sf_internal_set_sim_state_c9_VCU_CS75_12_16_Test 0000000180020390 f   c9_VCU_CS75_12_16_Test.obj
 0001:0001f780       c9_VCU_CS75_12_16_Test_method_dispatcher 0000000180020780 f   c9_VCU_CS75_12_16_Test.obj
 0001:000217e0       sf_c10_VCU_CS75_12_16_Test_get_eml_resolved_functions_info 00000001800227e0 f   c10_VCU_CS75_12_16_Test.obj
 0001:00021860       sf_c10_VCU_CS75_12_16_Test_get_check_sum 0000000180022860 f   c10_VCU_CS75_12_16_Test.obj
 0001:000218e0       sf_c10_VCU_CS75_12_16_Test_get_autoinheritance_info 00000001800228e0 f   c10_VCU_CS75_12_16_Test.obj
 0001:00021e50       sf_c10_VCU_CS75_12_16_Test_third_party_uses_info 0000000180022e50 f   c10_VCU_CS75_12_16_Test.obj
 0001:00021e80       sf_c10_VCU_CS75_12_16_Test_updateBuildInfo_args_info 0000000180022e80 f   c10_VCU_CS75_12_16_Test.obj
 0001:00021eb0       sf_internal_get_sim_state_c10_VCU_CS75_12_16_Test 0000000180022eb0 f   c10_VCU_CS75_12_16_Test.obj
 0001:00022210       sf_internal_set_sim_state_c10_VCU_CS75_12_16_Test 0000000180023210 f   c10_VCU_CS75_12_16_Test.obj
 0001:00022600       c10_VCU_CS75_12_16_Test_method_dispatcher 0000000180023600 f   c10_VCU_CS75_12_16_Test.obj
 0001:00024660       sf_c11_VCU_CS75_12_16_Test_get_eml_resolved_functions_info 0000000180025660 f   c11_VCU_CS75_12_16_Test.obj
 0001:000246e0       sf_c11_VCU_CS75_12_16_Test_get_check_sum 00000001800256e0 f   c11_VCU_CS75_12_16_Test.obj
 0001:00024760       sf_c11_VCU_CS75_12_16_Test_get_autoinheritance_info 0000000180025760 f   c11_VCU_CS75_12_16_Test.obj
 0001:00024cd0       sf_c11_VCU_CS75_12_16_Test_third_party_uses_info 0000000180025cd0 f   c11_VCU_CS75_12_16_Test.obj
 0001:00024d00       sf_c11_VCU_CS75_12_16_Test_updateBuildInfo_args_info 0000000180025d00 f   c11_VCU_CS75_12_16_Test.obj
 0001:00024d30       sf_internal_get_sim_state_c11_VCU_CS75_12_16_Test 0000000180025d30 f   c11_VCU_CS75_12_16_Test.obj
 0001:000250a0       sf_internal_set_sim_state_c11_VCU_CS75_12_16_Test 00000001800260a0 f   c11_VCU_CS75_12_16_Test.obj
 0001:00025490       c11_VCU_CS75_12_16_Test_method_dispatcher 0000000180026490 f   c11_VCU_CS75_12_16_Test.obj
 0001:00027520       sf_c12_VCU_CS75_12_16_Test_get_eml_resolved_functions_info 0000000180028520 f   c12_VCU_CS75_12_16_Test.obj
 0001:000275a0       sf_c12_VCU_CS75_12_16_Test_get_check_sum 00000001800285a0 f   c12_VCU_CS75_12_16_Test.obj
 0001:00027620       sf_c12_VCU_CS75_12_16_Test_get_autoinheritance_info 0000000180028620 f   c12_VCU_CS75_12_16_Test.obj
 0001:00027a40       sf_c12_VCU_CS75_12_16_Test_third_party_uses_info 0000000180028a40 f   c12_VCU_CS75_12_16_Test.obj
 0001:00027a70       sf_c12_VCU_CS75_12_16_Test_updateBuildInfo_args_info 0000000180028a70 f   c12_VCU_CS75_12_16_Test.obj
 0001:00027aa0       sf_internal_get_sim_state_c12_VCU_CS75_12_16_Test 0000000180028aa0 f   c12_VCU_CS75_12_16_Test.obj
 0001:00027e00       sf_internal_set_sim_state_c12_VCU_CS75_12_16_Test 0000000180028e00 f   c12_VCU_CS75_12_16_Test.obj
 0001:000281f0       c12_VCU_CS75_12_16_Test_method_dispatcher 00000001800291f0 f   c12_VCU_CS75_12_16_Test.obj
 0001:00029d60       sf_c13_VCU_CS75_12_16_Test_get_eml_resolved_functions_info 000000018002ad60 f   c13_VCU_CS75_12_16_Test.obj
 0001:00029de0       sf_c13_VCU_CS75_12_16_Test_get_check_sum 000000018002ade0 f   c13_VCU_CS75_12_16_Test.obj
 0001:00029e60       sf_c13_VCU_CS75_12_16_Test_get_autoinheritance_info 000000018002ae60 f   c13_VCU_CS75_12_16_Test.obj
 0001:0002a3d0       sf_c13_VCU_CS75_12_16_Test_third_party_uses_info 000000018002b3d0 f   c13_VCU_CS75_12_16_Test.obj
 0001:0002a400       sf_c13_VCU_CS75_12_16_Test_updateBuildInfo_args_info 000000018002b400 f   c13_VCU_CS75_12_16_Test.obj
 0001:0002a430       sf_internal_get_sim_state_c13_VCU_CS75_12_16_Test 000000018002b430 f   c13_VCU_CS75_12_16_Test.obj
 0001:0002a860       sf_internal_set_sim_state_c13_VCU_CS75_12_16_Test 000000018002b860 f   c13_VCU_CS75_12_16_Test.obj
 0001:0002ac90       c13_VCU_CS75_12_16_Test_method_dispatcher 000000018002bc90 f   c13_VCU_CS75_12_16_Test.obj
 0001:0002cb00       sf_c14_VCU_CS75_12_16_Test_get_eml_resolved_functions_info 000000018002db00 f   c14_VCU_CS75_12_16_Test.obj
 0001:0002d340       sf_c14_VCU_CS75_12_16_Test_get_check_sum 000000018002e340 f   c14_VCU_CS75_12_16_Test.obj
 0001:0002d3c0       sf_c14_VCU_CS75_12_16_Test_get_autoinheritance_info 000000018002e3c0 f   c14_VCU_CS75_12_16_Test.obj
 0001:0002d930       sf_c14_VCU_CS75_12_16_Test_third_party_uses_info 000000018002e930 f   c14_VCU_CS75_12_16_Test.obj
 0001:0002d960       sf_c14_VCU_CS75_12_16_Test_updateBuildInfo_args_info 000000018002e960 f   c14_VCU_CS75_12_16_Test.obj
 0001:0002d990       sf_internal_get_sim_state_c14_VCU_CS75_12_16_Test 000000018002e990 f   c14_VCU_CS75_12_16_Test.obj
 0001:0002dcf0       sf_internal_set_sim_state_c14_VCU_CS75_12_16_Test 000000018002ecf0 f   c14_VCU_CS75_12_16_Test.obj
 0001:0002e0e0       c14_VCU_CS75_12_16_Test_method_dispatcher 000000018002f0e0 f   c14_VCU_CS75_12_16_Test.obj
 0001:0002fee0       sf_c16_VCU_CS75_12_16_Test_get_eml_resolved_functions_info 0000000180030ee0 f   c16_VCU_CS75_12_16_Test.obj
 0001:0002ff60       sf_c16_VCU_CS75_12_16_Test_get_check_sum 0000000180030f60 f   c16_VCU_CS75_12_16_Test.obj
 0001:0002ffe0       sf_c16_VCU_CS75_12_16_Test_get_autoinheritance_info 0000000180030fe0 f   c16_VCU_CS75_12_16_Test.obj
 0001:00030690       sf_c16_VCU_CS75_12_16_Test_third_party_uses_info 0000000180031690 f   c16_VCU_CS75_12_16_Test.obj
 0001:000306c0       sf_c16_VCU_CS75_12_16_Test_updateBuildInfo_args_info 00000001800316c0 f   c16_VCU_CS75_12_16_Test.obj
 0001:000306f0       sf_internal_get_sim_state_c16_VCU_CS75_12_16_Test 00000001800316f0 f   c16_VCU_CS75_12_16_Test.obj
 0001:00030a60       sf_internal_set_sim_state_c16_VCU_CS75_12_16_Test 0000000180031a60 f   c16_VCU_CS75_12_16_Test.obj
 0001:00030e50       c16_VCU_CS75_12_16_Test_method_dispatcher 0000000180031e50 f   c16_VCU_CS75_12_16_Test.obj
 0001:00033070       sf_c17_VCU_CS75_12_16_Test_get_eml_resolved_functions_info 0000000180034070 f   c17_VCU_CS75_12_16_Test.obj
 0001:000330f0       sf_c17_VCU_CS75_12_16_Test_get_check_sum 00000001800340f0 f   c17_VCU_CS75_12_16_Test.obj
 0001:00033170       sf_c17_VCU_CS75_12_16_Test_get_autoinheritance_info 0000000180034170 f   c17_VCU_CS75_12_16_Test.obj
 0001:00033590       sf_c17_VCU_CS75_12_16_Test_third_party_uses_info 0000000180034590 f   c17_VCU_CS75_12_16_Test.obj
 0001:000335c0       sf_c17_VCU_CS75_12_16_Test_updateBuildInfo_args_info 00000001800345c0 f   c17_VCU_CS75_12_16_Test.obj
 0001:000335f0       sf_internal_get_sim_state_c17_VCU_CS75_12_16_Test 00000001800345f0 f   c17_VCU_CS75_12_16_Test.obj
 0001:00033950       sf_internal_set_sim_state_c17_VCU_CS75_12_16_Test 0000000180034950 f   c17_VCU_CS75_12_16_Test.obj
 0001:00033d40       c17_VCU_CS75_12_16_Test_method_dispatcher 0000000180034d40 f   c17_VCU_CS75_12_16_Test.obj
 0001:000358c0       sf_c18_VCU_CS75_12_16_Test_get_eml_resolved_functions_info 00000001800368c0 f   c18_VCU_CS75_12_16_Test.obj
 0001:00035940       sf_c18_VCU_CS75_12_16_Test_get_check_sum 0000000180036940 f   c18_VCU_CS75_12_16_Test.obj
 0001:000359c0       sf_c18_VCU_CS75_12_16_Test_get_autoinheritance_info 00000001800369c0 f   c18_VCU_CS75_12_16_Test.obj
 0001:00035de0       sf_c18_VCU_CS75_12_16_Test_third_party_uses_info 0000000180036de0 f   c18_VCU_CS75_12_16_Test.obj
 0001:00035e10       sf_c18_VCU_CS75_12_16_Test_updateBuildInfo_args_info 0000000180036e10 f   c18_VCU_CS75_12_16_Test.obj
 0001:00035e40       sf_internal_get_sim_state_c18_VCU_CS75_12_16_Test 0000000180036e40 f   c18_VCU_CS75_12_16_Test.obj
 0001:000361a0       sf_internal_set_sim_state_c18_VCU_CS75_12_16_Test 00000001800371a0 f   c18_VCU_CS75_12_16_Test.obj
 0001:00036590       c18_VCU_CS75_12_16_Test_method_dispatcher 0000000180037590 f   c18_VCU_CS75_12_16_Test.obj
 0001:00038100       sf_c19_VCU_CS75_12_16_Test_get_eml_resolved_functions_info 0000000180039100 f   c19_VCU_CS75_12_16_Test.obj
 0001:00038180       sf_c19_VCU_CS75_12_16_Test_get_check_sum 0000000180039180 f   c19_VCU_CS75_12_16_Test.obj
 0001:00038200       sf_c19_VCU_CS75_12_16_Test_get_autoinheritance_info 0000000180039200 f   c19_VCU_CS75_12_16_Test.obj
 0001:00038620       sf_c19_VCU_CS75_12_16_Test_third_party_uses_info 0000000180039620 f   c19_VCU_CS75_12_16_Test.obj
 0001:00038650       sf_c19_VCU_CS75_12_16_Test_updateBuildInfo_args_info 0000000180039650 f   c19_VCU_CS75_12_16_Test.obj
 0001:00038680       sf_internal_get_sim_state_c19_VCU_CS75_12_16_Test 0000000180039680 f   c19_VCU_CS75_12_16_Test.obj
 0001:000389e0       sf_internal_set_sim_state_c19_VCU_CS75_12_16_Test 00000001800399e0 f   c19_VCU_CS75_12_16_Test.obj
 0001:00038dd0       c19_VCU_CS75_12_16_Test_method_dispatcher 0000000180039dd0 f   c19_VCU_CS75_12_16_Test.obj
 0001:0003a950       sf_c20_VCU_CS75_12_16_Test_get_eml_resolved_functions_info 000000018003b950 f   c20_VCU_CS75_12_16_Test.obj
 0001:0003a9d0       sf_c20_VCU_CS75_12_16_Test_get_check_sum 000000018003b9d0 f   c20_VCU_CS75_12_16_Test.obj
 0001:0003aa50       sf_c20_VCU_CS75_12_16_Test_get_autoinheritance_info 000000018003ba50 f   c20_VCU_CS75_12_16_Test.obj
 0001:0003bb30       sf_c20_VCU_CS75_12_16_Test_third_party_uses_info 000000018003cb30 f   c20_VCU_CS75_12_16_Test.obj
 0001:0003bb60       sf_c20_VCU_CS75_12_16_Test_updateBuildInfo_args_info 000000018003cb60 f   c20_VCU_CS75_12_16_Test.obj
 0001:0003bb90       sf_internal_get_sim_state_c20_VCU_CS75_12_16_Test 000000018003cb90 f   c20_VCU_CS75_12_16_Test.obj
 0001:0003c080       sf_internal_set_sim_state_c20_VCU_CS75_12_16_Test 000000018003d080 f   c20_VCU_CS75_12_16_Test.obj
 0001:0003c500       c20_VCU_CS75_12_16_Test_method_dispatcher 000000018003d500 f   c20_VCU_CS75_12_16_Test.obj
 0001:0003fe80       sf_c26_VCU_CS75_12_16_Test_get_eml_resolved_functions_info 0000000180040e80 f   c26_VCU_CS75_12_16_Test.obj
 0001:0003ff00       sf_c26_VCU_CS75_12_16_Test_get_check_sum 0000000180040f00 f   c26_VCU_CS75_12_16_Test.obj
 0001:0003ff80       sf_c26_VCU_CS75_12_16_Test_get_autoinheritance_info 0000000180040f80 f   c26_VCU_CS75_12_16_Test.obj
 0001:000404f0       sf_c26_VCU_CS75_12_16_Test_third_party_uses_info 00000001800414f0 f   c26_VCU_CS75_12_16_Test.obj
 0001:00040520       sf_c26_VCU_CS75_12_16_Test_updateBuildInfo_args_info 0000000180041520 f   c26_VCU_CS75_12_16_Test.obj
 0001:00040550       sf_internal_get_sim_state_c26_VCU_CS75_12_16_Test 0000000180041550 f   c26_VCU_CS75_12_16_Test.obj
 0001:000408b0       sf_internal_set_sim_state_c26_VCU_CS75_12_16_Test 00000001800418b0 f   c26_VCU_CS75_12_16_Test.obj
 0001:00040ca0       c26_VCU_CS75_12_16_Test_method_dispatcher 0000000180041ca0 f   c26_VCU_CS75_12_16_Test.obj
 0001:00042d30       sf_c27_VCU_CS75_12_16_Test_get_eml_resolved_functions_info 0000000180043d30 f   c27_VCU_CS75_12_16_Test.obj
 0001:00043f70       sf_c27_VCU_CS75_12_16_Test_get_check_sum 0000000180044f70 f   c27_VCU_CS75_12_16_Test.obj
 0001:00043ff0       sf_c27_VCU_CS75_12_16_Test_get_autoinheritance_info 0000000180044ff0 f   c27_VCU_CS75_12_16_Test.obj
 0001:00044410       sf_c27_VCU_CS75_12_16_Test_third_party_uses_info 0000000180045410 f   c27_VCU_CS75_12_16_Test.obj
 0001:00044440       sf_c27_VCU_CS75_12_16_Test_updateBuildInfo_args_info 0000000180045440 f   c27_VCU_CS75_12_16_Test.obj
 0001:00044470       sf_internal_get_sim_state_c27_VCU_CS75_12_16_Test 0000000180045470 f   c27_VCU_CS75_12_16_Test.obj
 0001:000447e0       sf_internal_set_sim_state_c27_VCU_CS75_12_16_Test 00000001800457e0 f   c27_VCU_CS75_12_16_Test.obj
 0001:00044bd0       c27_VCU_CS75_12_16_Test_method_dispatcher 0000000180045bd0 f   c27_VCU_CS75_12_16_Test.obj
 0001:000467a0       sf_c28_VCU_CS75_12_16_Test_get_eml_resolved_functions_info 00000001800477a0 f   c28_VCU_CS75_12_16_Test.obj
 0001:00046820       sf_c28_VCU_CS75_12_16_Test_get_check_sum 0000000180047820 f   c28_VCU_CS75_12_16_Test.obj
 0001:000468a0       sf_c28_VCU_CS75_12_16_Test_get_autoinheritance_info 00000001800478a0 f   c28_VCU_CS75_12_16_Test.obj
 0001:00046e10       sf_c28_VCU_CS75_12_16_Test_third_party_uses_info 0000000180047e10 f   c28_VCU_CS75_12_16_Test.obj
 0001:00046e40       sf_c28_VCU_CS75_12_16_Test_updateBuildInfo_args_info 0000000180047e40 f   c28_VCU_CS75_12_16_Test.obj
 0001:00046e70       sf_internal_get_sim_state_c28_VCU_CS75_12_16_Test 0000000180047e70 f   c28_VCU_CS75_12_16_Test.obj
 0001:000471e0       sf_internal_set_sim_state_c28_VCU_CS75_12_16_Test 00000001800481e0 f   c28_VCU_CS75_12_16_Test.obj
 0001:000475d0       c28_VCU_CS75_12_16_Test_method_dispatcher 00000001800485d0 f   c28_VCU_CS75_12_16_Test.obj
 0001:00049590       sf_c29_VCU_CS75_12_16_Test_get_eml_resolved_functions_info 000000018004a590 f   c29_VCU_CS75_12_16_Test.obj
 0001:00049610       sf_c29_VCU_CS75_12_16_Test_get_check_sum 000000018004a610 f   c29_VCU_CS75_12_16_Test.obj
 0001:00049690       sf_c29_VCU_CS75_12_16_Test_get_autoinheritance_info 000000018004a690 f   c29_VCU_CS75_12_16_Test.obj
 0001:00049ab0       sf_c29_VCU_CS75_12_16_Test_third_party_uses_info 000000018004aab0 f   c29_VCU_CS75_12_16_Test.obj
 0001:00049ae0       sf_c29_VCU_CS75_12_16_Test_updateBuildInfo_args_info 000000018004aae0 f   c29_VCU_CS75_12_16_Test.obj
 0001:00049b10       sf_internal_get_sim_state_c29_VCU_CS75_12_16_Test 000000018004ab10 f   c29_VCU_CS75_12_16_Test.obj
 0001:00049e70       sf_internal_set_sim_state_c29_VCU_CS75_12_16_Test 000000018004ae70 f   c29_VCU_CS75_12_16_Test.obj
 0001:0004a260       c29_VCU_CS75_12_16_Test_method_dispatcher 000000018004b260 f   c29_VCU_CS75_12_16_Test.obj
 0001:0004bde0       sf_process_check_sum_call  000000018004cde0 f   VCU_CS75_12_16_Test_sfun_registry.obj
 0001:0004be30       sf_process_autoinheritance_call 000000018004ce30 f   VCU_CS75_12_16_Test_sfun_registry.obj
 0001:0004bfd0       sf_process_get_third_party_uses_info_call 000000018004cfd0 f   VCU_CS75_12_16_Test_sfun_registry.obj
 0001:0004c170       sf_process_get_updateBuildInfo_args_info_call 000000018004d170 f   VCU_CS75_12_16_Test_sfun_registry.obj
 0001:0004c310       sf_process_get_eml_resolved_functions_info_call 000000018004d310 f   VCU_CS75_12_16_Test_sfun_registry.obj
 0001:0004c490       sf_mex_unlock_call         000000018004d490 f   VCU_CS75_12_16_Test_sfun_registry.obj
 0001:0004c540       sf_machine_global_initializer_called 000000018004d540 f   VCU_CS75_12_16_Test_sfun_registry.obj
 0001:0004c570       sf_machine_global_method_dispatcher 000000018004d570 f   VCU_CS75_12_16_Test_sfun_registry.obj
 0001:0004c5d0       sf_machine_global_terminator 000000018004d5d0 f   VCU_CS75_12_16_Test_sfun_registry.obj
 0001:0004c620       sf_register_machine_exported_symbols 000000018004d620 f   VCU_CS75_12_16_Test_sfun_registry.obj
 0001:0004c640       callCustomFcn              000000018004d640 f   VCU_CS75_12_16_Test_sfun_registry.obj
 0001:0004c650       sf_machine_global_initializer 000000018004d650 f   VCU_CS75_12_16_Test_sfun_registry.obj
 0001:0004c6d0       mdlGetSimState             000000018004d6d0 f   VCU_CS75_12_16_Test_sfun_registry.obj
 0001:0004c750       mdlSetSimState             000000018004d750 f   VCU_CS75_12_16_Test_sfun_registry.obj
 0001:0004c790       _ssSetStateAbsTol          000000018004d790 f   VCU_CS75_12_16_Test_sfun_registry.obj
 0001:0004c870       _ssGetAbsTol               000000018004d870 f   VCU_CS75_12_16_Test_sfun_registry.obj
 0001:0004c8e0       _ssSetInputPortMatrixDimensions 000000018004d8e0 f   VCU_CS75_12_16_Test_sfun_registry.obj
 0001:0004c9f0       _ssSetOutputPortMatrixDimensions 000000018004d9f0 f   VCU_CS75_12_16_Test_sfun_registry.obj
 0001:0004cb00       _ssSetInputPortVectorDimension 000000018004db00 f   VCU_CS75_12_16_Test_sfun_registry.obj
 0001:0004cbd0       _ssSetOutputPortVectorDimension 000000018004dbd0 f   VCU_CS75_12_16_Test_sfun_registry.obj
 0001:0004cca0       ssIsRunTimeParamTunable    000000018004dca0 f   VCU_CS75_12_16_Test_sfun_registry.obj
 0001:0004cd10       ssGetSFuncBlockHandle      000000018004dd10 f   VCU_CS75_12_16_Test_sfun_registry.obj
 0001:0004cd80       _ssGetCurrentInputPortWidth 000000018004dd80 f   VCU_CS75_12_16_Test_sfun_registry.obj
 0001:0004cea0       _ssGetCurrentOutputPortWidth 000000018004dea0 f   VCU_CS75_12_16_Test_sfun_registry.obj
 0001:0004cfc0       _ssGetCallSystemNumFcnCallDestinations 000000018004dfc0 f   VCU_CS75_12_16_Test_sfun_registry.obj
 0001:0004d030       ssWarning                  000000018004e030 f   VCU_CS75_12_16_Test_sfun_registry.obj
 0001:0004d140       ssGetIsZeroCrossControlDisabled 000000018004e140 f   VCU_CS75_12_16_Test_sfun_registry.obj
 0001:0004d1b0       ssSetIsInputPortUsedForContZcSignal 000000018004e1b0 f   VCU_CS75_12_16_Test_sfun_registry.obj
 0001:0004d220       ssSetZcSignalIsZcElementDisc 000000018004e220 f   VCU_CS75_12_16_Test_sfun_registry.obj
 0001:0004d2d0       ssSetZcSignalName          000000018004e2d0 f   VCU_CS75_12_16_Test_sfun_registry.obj
 0001:0004d340       ssSetZcSignalWidth         000000018004e340 f   VCU_CS75_12_16_Test_sfun_registry.obj
 0001:0004d3b0       ssSetZcSignalZcEventType   000000018004e3b0 f   VCU_CS75_12_16_Test_sfun_registry.obj
 0001:0004d420       ssSetZcSignalType          000000018004e420 f   VCU_CS75_12_16_Test_sfun_registry.obj
 0001:0004d490       ssSetZcSignalZcTol         000000018004e490 f   VCU_CS75_12_16_Test_sfun_registry.obj
 0001:0004d500       ssSetZcSignalNeedsEventNotification 000000018004e500 f   VCU_CS75_12_16_Test_sfun_registry.obj
 0001:0004d570       ssCreateAndAddZcSignalInfo 000000018004e570 f   VCU_CS75_12_16_Test_sfun_registry.obj
 0001:0004d5e0       ssCloneAndAddZcSignalInfo  000000018004e5e0 f   VCU_CS75_12_16_Test_sfun_registry.obj
 0001:0004d650       ssGetNumZcSignals          000000018004e650 f   VCU_CS75_12_16_Test_sfun_registry.obj
 0001:0004d6c0       ssGetZcSignalVector        000000018004e6c0 f   VCU_CS75_12_16_Test_sfun_registry.obj
 0001:0004d730       ssGetZcSignalZcEvents      000000018004e730 f   VCU_CS75_12_16_Test_sfun_registry.obj
 0001:0004d7a0       ssGetZcSignalName          000000018004e7a0 f   VCU_CS75_12_16_Test_sfun_registry.obj
 0001:0004d810       ssGetZcSignalWidth         000000018004e810 f   VCU_CS75_12_16_Test_sfun_registry.obj
 0001:0004d880       ssGetZcSignalZcEventType   000000018004e880 f   VCU_CS75_12_16_Test_sfun_registry.obj
 0001:0004d8f0       ssGetZcSignalType          000000018004e8f0 f   VCU_CS75_12_16_Test_sfun_registry.obj
 0001:0004d960       ssGetZcSignalZcTol         000000018004e960 f   VCU_CS75_12_16_Test_sfun_registry.obj
 0001:0004d9e0       ssGetZcSignalNeedsEventNotification 000000018004e9e0 f   VCU_CS75_12_16_Test_sfun_registry.obj
 0001:0004da50       ssGetZcSignalIsZcElementDisc 000000018004ea50 f   VCU_CS75_12_16_Test_sfun_registry.obj
 0001:0004daf0       ssGetIsInputPortElementContinuous 000000018004eaf0 f   VCU_CS75_12_16_Test_sfun_registry.obj
 0001:0004db90       _ssGetInputPortSignalPtrsFcn 000000018004eb90 f   VCU_CS75_12_16_Test_sfun_registry.obj
 0001:0004de50       _ssGetInputPortSignalFcn   000000018004ee50 f   VCU_CS75_12_16_Test_sfun_registry.obj
 0001:0004e070       _ssSetInputPortDirectFeedThroughFcn 000000018004f070 f   VCU_CS75_12_16_Test_sfun_registry.obj
 0001:0004e1d0       _ssSetInputPortReusableFcn 000000018004f1d0 f   VCU_CS75_12_16_Test_sfun_registry.obj
 0001:0004e2c0       _ssSetOutputPortReusableFcn 000000018004f2c0 f   VCU_CS75_12_16_Test_sfun_registry.obj
 0001:0004e3a0       ssGetDTypeIdFromMxArray    000000018004f3a0 f   VCU_CS75_12_16_Test_sfun_registry.obj
 0001:0004e4c0       ssWriteRTWStr              000000018004f4c0 f   VCU_CS75_12_16_Test_sfun_registry.obj
 0001:0004e520       ssWriteRTWMxVectParam      000000018004f520 f   VCU_CS75_12_16_Test_sfun_registry.obj
 0001:0004e580       ssWriteRTWMx2dMatParam     000000018004f580 f   VCU_CS75_12_16_Test_sfun_registry.obj
 0001:0004e600       ssWriteRTWNameValuePair    000000018004f600 f   VCU_CS75_12_16_Test_sfun_registry.obj
 0001:0004eaf0       ssWriteRTWParameters       000000018004faf0 f   VCU_CS75_12_16_Test_sfun_registry.obj
 0001:0004f0f0       ssWriteRTWParamSettings    00000001800500f0 f   VCU_CS75_12_16_Test_sfun_registry.obj
 0001:0004f7c0       ssWriteRTWWorkVect         00000001800507c0 f   VCU_CS75_12_16_Test_sfun_registry.obj
 0001:0004fcc0       mexFunction                0000000180050cc0 f   VCU_CS75_12_16_Test_sfun_registry.obj
 0001:00052140       ProcessMexSfunctionEveryCall 0000000180053140 f   VCU_CS75_12_16_Test_sfun_registry.obj
 0001:000522c2       sf_debug_set_machine_data_thresholds 00000001800532c2 f   sf_runtime:sf_runtime.dll
 0001:000522c8       sf_debug_set_machine_event_thresholds 00000001800532c8 f   sf_runtime:sf_runtime.dll
 0001:000522ce       sf_debug_initialize_machine 00000001800532ce f   sf_runtime:sf_runtime.dll
 0001:000522d4       sf_load_rtw_optimization_info 00000001800532d4 f   sf_runtime:sf_runtime.dll
 0001:000522da       sf_mex_assign              00000001800532da f   sf_runtime:sf_runtime.dll
 0001:000522e0       sf_mex_create              00000001800532e0 f   sf_runtime:sf_runtime.dll
 0001:000522e6       sf_mex_error_message       00000001800532e6 f   sf_runtime:sf_runtime.dll
 0001:000522ec       sf_mex_call_matlab         00000001800532ec f   sf_runtime:sf_runtime.dll
 0001:000522f2       sf_mex_setcell             00000001800532f2 f   sf_runtime:sf_runtime.dll
 0001:000522f8       sf_mex_createcellmatrix    00000001800532f8 f   sf_runtime:sf_runtime.dll
 0001:000522fe       sf_mex_decode_encoded_mx_struct_array 00000001800532fe f   sf_runtime:sf_runtime.dll
 0001:00052304       sf_mex_destroy             0000000180053304 f   sf_runtime:sf_runtime.dll
 0001:0005230a       sf_mex_getcell             000000018005330a f   sf_runtime:sf_runtime.dll
 0001:00052310       sf_mex_dup                 0000000180053310 f   sf_runtime:sf_runtime.dll
 0001:00052316       sf_mex_import              0000000180053316 f   sf_runtime:sf_runtime.dll
 0001:0005231c       sf_set_rtw_dwork_info      000000018005331c f   sf_runtime:sf_runtime.dll
 0001:00052322       sf_mark_chart_reusable_outputs 0000000180053322 f   sf_runtime:sf_runtime.dll
 0001:00052328       sf_mark_chart_expressionable_inputs 0000000180053328 f   sf_runtime:sf_runtime.dll
 0001:0005232e       sf_update_buildInfo        000000018005332e f   sf_runtime:sf_runtime.dll
 0001:00052334       sf_rtw_info_uint_prop      0000000180053334 f   sf_runtime:sf_runtime.dll
 0001:0005233a       sf_is_chart_inlinable      000000018005333a f   sf_runtime:sf_runtime.dll
 0001:00052340       sim_mode_is_external       0000000180053340 f   sf_runtime:sf_runtime.dll
 0001:00052346       sim_mode_is_rtw_gen        0000000180053346 f   sf_runtime:sf_runtime.dll
 0001:0005234c       sf_debug_reset_current_state_configuration 000000018005334c f   sf_runtime:sf_runtime.dll
 0001:00052352       sf_debug_set_instance_data_value_ptr 0000000180053352 f   sf_runtime:sf_runtime.dll
 0001:00052358       sf_debug_set_chart_data_compiled_props 0000000180053358 f   sf_runtime:sf_runtime.dll
 0001:0005235e       cv_eml_init_mcdc           000000018005335e f   sf_runtime:sf_runtime.dll
 0001:00052364       cv_eml_init_if             0000000180053364 f   sf_runtime:sf_runtime.dll
 0001:0005236a       cv_eml_init_fcn            000000018005336a f   sf_runtime:sf_runtime.dll
 0001:00052370       cv_eml_init_script         0000000180053370 f   sf_runtime:sf_runtime.dll
 0001:00052376       sf_debug_cv_init_trans     0000000180053376 f   sf_runtime:sf_runtime.dll
 0001:0005237c       sf_debug_cv_init_state     000000018005337c f   sf_runtime:sf_runtime.dll
 0001:00052382       sf_debug_cv_init_chart     0000000180053382 f   sf_runtime:sf_runtime.dll
 0001:00052388       sf_debug_set_chart_decomposition 0000000180053388 f   sf_runtime:sf_runtime.dll
 0001:0005238e       sf_debug_set_chart_substate_count 000000018005338e f   sf_runtime:sf_runtime.dll
 0001:00052394       sf_debug_set_chart_state_info 0000000180053394 f   sf_runtime:sf_runtime.dll
 0001:0005239a       sf_debug_set_chart_data_props 000000018005339a f   sf_runtime:sf_runtime.dll
 0001:000523a0       sf_debug_set_chart_event_thresholds 00000001800533a0 f   sf_runtime:sf_runtime.dll
 0001:000523a6       sf_debug_set_chart_disable_implicit_casting 00000001800533a6 f   sf_runtime:sf_runtime.dll
 0001:000523ac       sf_debug_initialize_chart  00000001800533ac f   sf_runtime:sf_runtime.dll
 0001:000523b2       sf_get_time                00000001800533b2 f   sf_runtime:sf_runtime.dll
 0001:000523b8       sf_debug_data_range_wrapper 00000001800533b8 f   sf_runtime:sf_runtime.dll
 0001:000523be       sf_debug_check_for_state_inconsistency 00000001800533be f   sf_runtime:sf_runtime.dll
 0001:000523c4       sf_debug_symbol_scope_pop  00000001800533c4 f   sf_runtime:sf_runtime.dll
 0001:000523ca       eml_debug_line_call        00000001800533ca f   sf_runtime:sf_runtime.dll
 0001:000523d0       cv_eml_eval                00000001800533d0 f   sf_runtime:sf_runtime.dll
 0001:000523d6       sf_debug_symbol_scope_add_eml 00000001800533d6 f   sf_runtime:sf_runtime.dll
 0001:000523dc       sf_debug_symbol_scope_add_eml_importable 00000001800533dc f   sf_runtime:sf_runtime.dll
 0001:000523e2       sf_debug_symbol_scope_push_eml 00000001800533e2 f   sf_runtime:sf_runtime.dll
 0001:000523e8       sf_debug_call              00000001800533e8 f   sf_runtime:sf_runtime.dll
 0001:000523ee       sf_debug_symbol_scope_push 00000001800533ee f   sf_runtime:sf_runtime.dll
 0001:000523f4       sf_clear_rtw_identifier    00000001800533f4 f   sf_runtime:sf_runtime.dll
 0001:000523fa       sf_debug_animate           00000001800533fa f   sf_runtime:sf_runtime.dll
 0001:00052400       sf_debug_set_honor_breakpoints 0000000180053400 f   sf_runtime:sf_runtime.dll
 0001:00052406       sf_debug_set_animation     0000000180053406 f   sf_runtime:sf_runtime.dll
 0001:0005240c       sf_debug_get_animation     000000018005340c f   sf_runtime:sf_runtime.dll
 0001:00052412       sf_mex_duplicatearraysafe  0000000180053412 f   sf_runtime:sf_runtime.dll
 0001:00052418       sf_debug_set_chart_state_substate_index 0000000180053418 f   sf_runtime:sf_runtime.dll
 0001:0005241e       sf_debug_set_chart_state_substate_count 000000018005341e f   sf_runtime:sf_runtime.dll
 0001:00052424       sf_debug_set_chart_substate_index 0000000180053424 f   sf_runtime:sf_runtime.dll
 0001:0005242a       cv_eval_point              000000018005342a f   sf_runtime:sf_runtime.dll
 0001:00052430       sf_debug_eml_data_array_bounds_error_check 0000000180053430 f   sf_runtime:sf_runtime.dll
 0001:00052436       sf_mex_emlrtNameCapturePostProcessR2012a 0000000180053436 f   sf_runtime:sf_runtime.dll
 0001:0005243c       sf_mex_createstruct        000000018005343c f   sf_runtime:sf_runtime.dll
 0001:00052442       sf_mex_addfield            0000000180053442 f   sf_runtime:sf_runtime.dll
 0001:00052448       sf_debug_terminate         0000000180053448 f   sf_runtime:sf_runtime.dll
 0001:0005244e       sf_debug_create_debug_instance_struct 000000018005344e f   sf_runtime:sf_runtime.dll
 0001:00052454       sf_debug_api               0000000180053454 f   sf_runtime:sf_runtime.dll
 0001:0005245a       callMdlMethodAndReportError 000000018005345a f   sf_runtime:sf_runtime.dll
 0001:00052460       call_sf_machine_global_method_dispatcher 0000000180053460 f   sf_runtime:sf_runtime.dll
 0001:00052466       sf_clear_error_manager_info 0000000180053466 f   sf_runtime:sf_runtime.dll
 0001:0005246c       sf_mex_error_direct_call   000000018005346c f   sf_runtime:sf_runtime.dll
 0001:00052472       mxGetScalar                0000000180053472 f   libmx:libmx.dll
 0001:00052478       mxGetPr                    0000000180053478 f   libmx:libmx.dll
 0001:0005247e       mxCreateDoubleMatrix_730   000000018005347e f   libmx:libmx.dll
 0001:00052484       mxGetString_730            0000000180053484 f   libmx:libmx.dll
 0001:0005248a       mxIsChar                   000000018005348a f   libmx:libmx.dll
 0001:00052490       mxDestroyArray             0000000180053490 f   libmx:libmx.dll
 0001:00052496       mxDuplicateArray           0000000180053496 f   libmx:libmx.dll
 0001:0005249c       mxCreateDoubleScalar       000000018005349c f   libmx:libmx.dll
 0001:000524a2       mxSetField_730             00000001800534a2 f   libmx:libmx.dll
 0001:000524a8       mxCreateString             00000001800534a8 f   libmx:libmx.dll
 0001:000524ae       mxCreateStructMatrix_730   00000001800534ae f   libmx:libmx.dll
 0001:000524b4       mxCreateCellMatrix_730     00000001800534b4 f   libmx:libmx.dll
 0001:000524ba       mxGetClassID               00000001800534ba f   libmx:libmx.dll
 0001:000524c0       mxIsNumeric                00000001800534c0 f   libmx:libmx.dll
 0001:000524c6       mxIsComplex                00000001800534c6 f   libmx:libmx.dll
 0001:000524cc       mxGetN                     00000001800534cc f   libmx:libmx.dll
 0001:000524d2       mxGetM                     00000001800534d2 f   libmx:libmx.dll
 0001:000524d8       mxCalloc                   00000001800534d8 f   libmx:libmx.dll
 0001:000524de       mexMakeArrayPersistent     00000001800534de f   libmex:libmex.dll
 0001:000524e4       mexUnlock                  00000001800534e4 f   libmex:libmex.dll
 0001:000524ea       mexIsLocked                00000001800534ea f   libmex:libmex.dll
 0001:000524f0       mexWarnMsgTxt              00000001800534f0 f   libmex:libmex.dll
 0001:000524f6       mexCallMATLAB              00000001800534f6 f   libmex:libmex.dll
 0001:000524fc       mexErrMsgTxt               00000001800534fc f   libmex:libmex.dll
 0001:00052502       mexLock                    0000000180053502 f   libmex:libmex.dll
 0001:00052508       utMalloc                   0000000180053508 f   libut:libut.dll
 0001:0005250e       utFree                     000000018005350e f   libut:libut.dll
 0001:00052514       muDoubleScalarAbs          0000000180053514 f   libmwmathutil:libmwmathutil.dll
 0001:0005251c       __GSHandlerCheckCommon     000000018005351c f   MSVCRT:gshandler.obj
 0001:00052580       __GSHandlerCheck           0000000180053580 f   MSVCRT:gshandler.obj
 0001:0005259e       strcmp                     000000018005359e f   MSVCRT:MSVCR100.dll
 0001:000525c0       __security_check_cookie    00000001800535c0 f   MSVCRT:amdsecgs.obj
 0001:000525e0       memset                     00000001800535e0 f   MSVCRT:MSVCR100.dll
 0001:000525e6       strlen                     00000001800535e6 f   MSVCRT:MSVCR100.dll
 0001:000525ec       free                       00000001800535ec f   MSVCRT:MSVCR100.dll
 0001:000525f2       sprintf                    00000001800535f2 f   MSVCRT:MSVCR100.dll
 0001:000525f8       malloc                     00000001800535f8 f   MSVCRT:MSVCR100.dll
 0001:000525fe       strcat                     00000001800535fe f   MSVCRT:MSVCR100.dll
 0001:00052604       memcpy                     0000000180053604 f   MSVCRT:MSVCR100.dll
 0001:0005260c       NtCurrentTeb               000000018005360c f i MSVCRT:crtdll.obj
 0001:00052678       _CRT_INIT                  0000000180053678 f   MSVCRT:crtdll.obj
 0001:00052a10       _DllMainCRTStartup         0000000180053a10 f   MSVCRT:crtdll.obj
 0001:00052a50       __report_gsfailure         0000000180053a50 f   MSVCRT:gs_report.obj
 0001:00052b9c       __clean_type_info_names    0000000180053b9c f   MSVCRT:tncleanup.obj
 0001:00052ba8       _onexit                    0000000180053ba8 f   MSVCRT:atonexit.obj
 0001:00052c58       atexit                     0000000180053c58 f   MSVCRT:atonexit.obj
 0001:00052c70       _RTC_Initialize            0000000180053c70 f   MSVCRT:_initsect_.obj
 0001:00052ca8       _RTC_Terminate             0000000180053ca8 f   MSVCRT:_initsect_.obj
 0001:00052ce0       _malloc_crt                0000000180053ce0 f   MSVCRT:MSVCR100.dll
 0001:00052cf0       _ValidateImageBase         0000000180053cf0 f   MSVCRT:pesect.obj
 0001:00052d20       _FindPESection             0000000180053d20 f   MSVCRT:pesect.obj
 0001:00052d70       _IsNonwritableInCurrentImage 0000000180053d70 f   MSVCRT:pesect.obj
 0001:00052db2       _initterm                  0000000180053db2 f   MSVCRT:MSVCR100.dll
 0001:00052db8       _initterm_e                0000000180053db8 f   MSVCRT:MSVCR100.dll
 0001:00052dbe       _encoded_null              0000000180053dbe f   MSVCRT:MSVCR100.dll
 0001:00052dc4       _amsg_exit                 0000000180053dc4 f   MSVCRT:MSVCR100.dll
 0001:00052dca       __C_specific_handler       0000000180053dca f   MSVCRT:MSVCR100.dll
 0001:00052dd0       __CppXcptFilter            0000000180053dd0 f   MSVCRT:MSVCR100.dll
 0001:00052dd8       DllMain                    0000000180053dd8 f   MSVCRT:dllmain.obj
 0001:00052dfc       __security_init_cookie     0000000180053dfc f   MSVCRT:gs_support.obj
 0001:00052eb0       __crt_debugger_hook        0000000180053eb0 f   MSVCRT:MSVCR100.dll
 0001:00052eb6       __clean_type_info_names_internal 0000000180053eb6 f   MSVCRT:MSVCR100.dll
 0001:00052ebc       _unlock                    0000000180053ebc f   MSVCRT:MSVCR100.dll
 0001:00052ec2       __dllonexit                0000000180053ec2 f   MSVCRT:MSVCR100.dll
 0001:00052ec8       _lock                      0000000180053ec8 f   MSVCRT:MSVCR100.dll
 0001:00052ece       EncodePointer              0000000180053ece f   kernel32:KERNEL32.dll
 0001:00052ed4       DecodePointer              0000000180053ed4 f   kernel32:KERNEL32.dll
 0001:00052eda       Sleep                      0000000180053eda f   kernel32:KERNEL32.dll
 0001:00052ee0       TerminateProcess           0000000180053ee0 f   kernel32:KERNEL32.dll
 0001:00052ee6       GetCurrentProcess          0000000180053ee6 f   kernel32:KERNEL32.dll
 0001:00052eec       UnhandledExceptionFilter   0000000180053eec f   kernel32:KERNEL32.dll
 0001:00052ef2       SetUnhandledExceptionFilter 0000000180053ef2 f   kernel32:KERNEL32.dll
 0001:00052ef8       IsDebuggerPresent          0000000180053ef8 f   kernel32:KERNEL32.dll
 0001:00052efe       RtlVirtualUnwind           0000000180053efe f   kernel32:KERNEL32.dll
 0001:00052f04       RtlLookupFunctionEntry     0000000180053f04 f   kernel32:KERNEL32.dll
 0001:00052f0a       RtlCaptureContext          0000000180053f0a f   kernel32:KERNEL32.dll
 0001:00052f10       DisableThreadLibraryCalls  0000000180053f10 f   kernel32:KERNEL32.dll
 0001:00052f16       QueryPerformanceCounter    0000000180053f16 f   kernel32:KERNEL32.dll
 0001:00052f1c       GetTickCount               0000000180053f1c f   kernel32:KERNEL32.dll
 0001:00052f22       GetCurrentThreadId         0000000180053f22 f   kernel32:KERNEL32.dll
 0001:00052f28       GetCurrentProcessId        0000000180053f28 f   kernel32:KERNEL32.dll
 0001:00052f2e       GetSystemTimeAsFileTime    0000000180053f2e f   kernel32:KERNEL32.dll
 0002:00000000       __imp_GetCurrentProcessId  0000000180054000     kernel32:KERNEL32.dll
 0002:00000008       __imp_GetCurrentThreadId   0000000180054008     kernel32:KERNEL32.dll
 0002:00000010       __imp_GetTickCount         0000000180054010     kernel32:KERNEL32.dll
 0002:00000018       __imp_QueryPerformanceCounter 0000000180054018     kernel32:KERNEL32.dll
 0002:00000020       __imp_DisableThreadLibraryCalls 0000000180054020     kernel32:KERNEL32.dll
 0002:00000028       __imp_RtlCaptureContext    0000000180054028     kernel32:KERNEL32.dll
 0002:00000030       __imp_RtlLookupFunctionEntry 0000000180054030     kernel32:KERNEL32.dll
 0002:00000038       __imp_RtlVirtualUnwind     0000000180054038     kernel32:KERNEL32.dll
 0002:00000040       __imp_IsDebuggerPresent    0000000180054040     kernel32:KERNEL32.dll
 0002:00000048       __imp_SetUnhandledExceptionFilter 0000000180054048     kernel32:KERNEL32.dll
 0002:00000050       __imp_UnhandledExceptionFilter 0000000180054050     kernel32:KERNEL32.dll
 0002:00000058       __imp_GetCurrentProcess    0000000180054058     kernel32:KERNEL32.dll
 0002:00000060       __imp_TerminateProcess     0000000180054060     kernel32:KERNEL32.dll
 0002:00000068       __imp_Sleep                0000000180054068     kernel32:KERNEL32.dll
 0002:00000070       __imp_DecodePointer        0000000180054070     kernel32:KERNEL32.dll
 0002:00000078       __imp_EncodePointer        0000000180054078     kernel32:KERNEL32.dll
 0002:00000080       __imp_GetSystemTimeAsFileTime 0000000180054080     kernel32:KERNEL32.dll
 0002:00000088       \177KERNEL32_NULL_THUNK_DATA 0000000180054088     kernel32:KERNEL32.dll
 0002:00000090       __imp__onexit              0000000180054090     MSVCRT:MSVCR100.dll
 0002:00000098       __imp__lock                0000000180054098     MSVCRT:MSVCR100.dll
 0002:000000a0       __imp___dllonexit          00000001800540a0     MSVCRT:MSVCR100.dll
 0002:000000a8       __imp__unlock              00000001800540a8     MSVCRT:MSVCR100.dll
 0002:000000b0       __imp___clean_type_info_names_internal 00000001800540b0     MSVCRT:MSVCR100.dll
 0002:000000b8       __imp___crt_debugger_hook  00000001800540b8     MSVCRT:MSVCR100.dll
 0002:000000c0       __imp___CppXcptFilter      00000001800540c0     MSVCRT:MSVCR100.dll
 0002:000000c8       __imp___C_specific_handler 00000001800540c8     MSVCRT:MSVCR100.dll
 0002:000000d0       __imp__amsg_exit           00000001800540d0     MSVCRT:MSVCR100.dll
 0002:000000d8       __imp__encoded_null        00000001800540d8     MSVCRT:MSVCR100.dll
 0002:000000e0       __imp__initterm_e          00000001800540e0     MSVCRT:MSVCR100.dll
 0002:000000e8       __imp__initterm            00000001800540e8     MSVCRT:MSVCR100.dll
 0002:000000f0       __imp__malloc_crt          00000001800540f0     MSVCRT:MSVCR100.dll
 0002:000000f8       __imp_memcpy               00000001800540f8     MSVCRT:MSVCR100.dll
 0002:00000100       __imp_strcat               0000000180054100     MSVCRT:MSVCR100.dll
 0002:00000108       __imp_malloc               0000000180054108     MSVCRT:MSVCR100.dll
 0002:00000110       __imp_sprintf              0000000180054110     MSVCRT:MSVCR100.dll
 0002:00000118       __imp_free                 0000000180054118     MSVCRT:MSVCR100.dll
 0002:00000120       __imp_strlen               0000000180054120     MSVCRT:MSVCR100.dll
 0002:00000128       __imp_memset               0000000180054128     MSVCRT:MSVCR100.dll
 0002:00000130       __imp_strcmp               0000000180054130     MSVCRT:MSVCR100.dll
 0002:00000138       \177MSVCR100_NULL_THUNK_DATA 0000000180054138     MSVCRT:MSVCR100.dll
 0002:00000140       __imp_mexCallMATLAB        0000000180054140     libmex:libmex.dll
 0002:00000148       __imp_mexUnlock            0000000180054148     libmex:libmex.dll
 0002:00000150       __imp_mexLock              0000000180054150     libmex:libmex.dll
 0002:00000158       __imp_mexErrMsgTxt         0000000180054158     libmex:libmex.dll
 0002:00000160       __imp_mexMakeArrayPersistent 0000000180054160     libmex:libmex.dll
 0002:00000168       __imp_mexWarnMsgTxt        0000000180054168     libmex:libmex.dll
 0002:00000170       __imp_mexIsLocked          0000000180054170     libmex:libmex.dll
 0002:00000178       \177libmex_NULL_THUNK_DATA 0000000180054178     libmex:libmex.dll
 0002:00000180       __imp_muDoubleScalarAbs    0000000180054180     libmwmathutil:libmwmathutil.dll
 0002:00000188       \177libmwmathutil_NULL_THUNK_DATA 0000000180054188     libmwmathutil:libmwmathutil.dll
 0002:00000190       __imp_mxCalloc             0000000180054190     libmx:libmx.dll
 0002:00000198       __imp_mxGetM               0000000180054198     libmx:libmx.dll
 0002:000001a0       __imp_mxGetN               00000001800541a0     libmx:libmx.dll
 0002:000001a8       __imp_mxIsComplex          00000001800541a8     libmx:libmx.dll
 0002:000001b0       __imp_mxIsNumeric          00000001800541b0     libmx:libmx.dll
 0002:000001b8       __imp_mxGetClassID         00000001800541b8     libmx:libmx.dll
 0002:000001c0       __imp_mxCreateCellMatrix_730 00000001800541c0     libmx:libmx.dll
 0002:000001c8       __imp_mxCreateStructMatrix_730 00000001800541c8     libmx:libmx.dll
 0002:000001d0       __imp_mxCreateString       00000001800541d0     libmx:libmx.dll
 0002:000001d8       __imp_mxCreateDoubleScalar 00000001800541d8     libmx:libmx.dll
 0002:000001e0       __imp_mxDuplicateArray     00000001800541e0     libmx:libmx.dll
 0002:000001e8       __imp_mxDestroyArray       00000001800541e8     libmx:libmx.dll
 0002:000001f0       __imp_mxIsChar             00000001800541f0     libmx:libmx.dll
 0002:000001f8       __imp_mxGetString_730      00000001800541f8     libmx:libmx.dll
 0002:00000200       __imp_mxCreateDoubleMatrix_730 0000000180054200     libmx:libmx.dll
 0002:00000208       __imp_mxGetPr              0000000180054208     libmx:libmx.dll
 0002:00000210       __imp_mxGetScalar          0000000180054210     libmx:libmx.dll
 0002:00000218       __imp_mxSetField_730       0000000180054218     libmx:libmx.dll
 0002:00000220       \177libmx_NULL_THUNK_DATA  0000000180054220     libmx:libmx.dll
 0002:00000228       __imp_utMalloc             0000000180054228     libut:libut.dll
 0002:00000230       __imp_utFree               0000000180054230     libut:libut.dll
 0002:00000238       \177libut_NULL_THUNK_DATA  0000000180054238     libut:libut.dll
 0002:00000240       __imp_callMdlMethodAndReportError 0000000180054240     sf_runtime:sf_runtime.dll
 0002:00000248       __imp_sf_debug_api         0000000180054248     sf_runtime:sf_runtime.dll
 0002:00000250       __imp_sf_debug_create_debug_instance_struct 0000000180054250     sf_runtime:sf_runtime.dll
 0002:00000258       __imp_sf_debug_terminate   0000000180054258     sf_runtime:sf_runtime.dll
 0002:00000260       __imp_sf_mex_addfield      0000000180054260     sf_runtime:sf_runtime.dll
 0002:00000268       __imp_sf_mex_createstruct  0000000180054268     sf_runtime:sf_runtime.dll
 0002:00000270       __imp_sf_mex_emlrtNameCapturePostProcessR2012a 0000000180054270     sf_runtime:sf_runtime.dll
 0002:00000278       __imp_sf_debug_eml_data_array_bounds_error_check 0000000180054278     sf_runtime:sf_runtime.dll
 0002:00000280       __imp_cv_eval_point        0000000180054280     sf_runtime:sf_runtime.dll
 0002:00000288       __imp_sf_update_buildInfo  0000000180054288     sf_runtime:sf_runtime.dll
 0002:00000290       __imp_sf_debug_set_chart_substate_index 0000000180054290     sf_runtime:sf_runtime.dll
 0002:00000298       __imp_sf_debug_set_chart_state_substate_count 0000000180054298     sf_runtime:sf_runtime.dll
 0002:000002a0       __imp_sf_debug_set_chart_state_substate_index 00000001800542a0     sf_runtime:sf_runtime.dll
 0002:000002a8       __imp_sf_mex_error_direct_call 00000001800542a8     sf_runtime:sf_runtime.dll
 0002:000002b0       __imp_sf_debug_get_animation 00000001800542b0     sf_runtime:sf_runtime.dll
 0002:000002b8       __imp_sf_debug_set_animation 00000001800542b8     sf_runtime:sf_runtime.dll
 0002:000002c0       __imp_sf_debug_set_honor_breakpoints 00000001800542c0     sf_runtime:sf_runtime.dll
 0002:000002c8       __imp_sf_debug_animate     00000001800542c8     sf_runtime:sf_runtime.dll
 0002:000002d0       __imp_sf_clear_rtw_identifier 00000001800542d0     sf_runtime:sf_runtime.dll
 0002:000002d8       __imp_sf_debug_symbol_scope_push 00000001800542d8     sf_runtime:sf_runtime.dll
 0002:000002e0       __imp_sf_debug_call        00000001800542e0     sf_runtime:sf_runtime.dll
 0002:000002e8       __imp_sf_debug_symbol_scope_push_eml 00000001800542e8     sf_runtime:sf_runtime.dll
 0002:000002f0       __imp_sf_debug_symbol_scope_add_eml_importable 00000001800542f0     sf_runtime:sf_runtime.dll
 0002:000002f8       __imp_sf_debug_symbol_scope_add_eml 00000001800542f8     sf_runtime:sf_runtime.dll
 0002:00000300       __imp_cv_eml_eval          0000000180054300     sf_runtime:sf_runtime.dll
 0002:00000308       __imp_eml_debug_line_call  0000000180054308     sf_runtime:sf_runtime.dll
 0002:00000310       __imp_sf_debug_symbol_scope_pop 0000000180054310     sf_runtime:sf_runtime.dll
 0002:00000318       __imp_sf_debug_check_for_state_inconsistency 0000000180054318     sf_runtime:sf_runtime.dll
 0002:00000320       __imp_sf_clear_error_manager_info 0000000180054320     sf_runtime:sf_runtime.dll
 0002:00000328       __imp_sf_mex_duplicatearraysafe 0000000180054328     sf_runtime:sf_runtime.dll
 0002:00000330       __imp_call_sf_machine_global_method_dispatcher 0000000180054330     sf_runtime:sf_runtime.dll
 0002:00000338       __imp_sf_debug_data_range_wrapper 0000000180054338     sf_runtime:sf_runtime.dll
 0002:00000340       __imp_sf_get_time          0000000180054340     sf_runtime:sf_runtime.dll
 0002:00000348       __imp_sf_debug_initialize_chart 0000000180054348     sf_runtime:sf_runtime.dll
 0002:00000350       __imp_sf_debug_set_chart_disable_implicit_casting 0000000180054350     sf_runtime:sf_runtime.dll
 0002:00000358       __imp_sf_debug_set_chart_event_thresholds 0000000180054358     sf_runtime:sf_runtime.dll
 0002:00000360       __imp_sf_debug_set_chart_data_props 0000000180054360     sf_runtime:sf_runtime.dll
 0002:00000368       __imp_sf_debug_set_chart_state_info 0000000180054368     sf_runtime:sf_runtime.dll
 0002:00000370       __imp_sf_debug_set_chart_substate_count 0000000180054370     sf_runtime:sf_runtime.dll
 0002:00000378       __imp_sf_debug_set_chart_decomposition 0000000180054378     sf_runtime:sf_runtime.dll
 0002:00000380       __imp_sf_debug_cv_init_chart 0000000180054380     sf_runtime:sf_runtime.dll
 0002:00000388       __imp_sf_debug_cv_init_state 0000000180054388     sf_runtime:sf_runtime.dll
 0002:00000390       __imp_sf_debug_cv_init_trans 0000000180054390     sf_runtime:sf_runtime.dll
 0002:00000398       __imp_cv_eml_init_script   0000000180054398     sf_runtime:sf_runtime.dll
 0002:000003a0       __imp_cv_eml_init_fcn      00000001800543a0     sf_runtime:sf_runtime.dll
 0002:000003a8       __imp_cv_eml_init_if       00000001800543a8     sf_runtime:sf_runtime.dll
 0002:000003b0       __imp_cv_eml_init_mcdc     00000001800543b0     sf_runtime:sf_runtime.dll
 0002:000003b8       __imp_sf_debug_set_chart_data_compiled_props 00000001800543b8     sf_runtime:sf_runtime.dll
 0002:000003c0       __imp_sf_debug_set_instance_data_value_ptr 00000001800543c0     sf_runtime:sf_runtime.dll
 0002:000003c8       __imp_sf_debug_reset_current_state_configuration 00000001800543c8     sf_runtime:sf_runtime.dll
 0002:000003d0       __imp_sim_mode_is_rtw_gen  00000001800543d0     sf_runtime:sf_runtime.dll
 0002:000003d8       __imp_sim_mode_is_external 00000001800543d8     sf_runtime:sf_runtime.dll
 0002:000003e0       __imp_sf_is_chart_inlinable 00000001800543e0     sf_runtime:sf_runtime.dll
 0002:000003e8       __imp_sf_rtw_info_uint_prop 00000001800543e8     sf_runtime:sf_runtime.dll
 0002:000003f0       __imp_sf_mark_chart_expressionable_inputs 00000001800543f0     sf_runtime:sf_runtime.dll
 0002:000003f8       __imp_sf_mark_chart_reusable_outputs 00000001800543f8     sf_runtime:sf_runtime.dll
 0002:00000400       __imp_sf_set_rtw_dwork_info 0000000180054400     sf_runtime:sf_runtime.dll
 0002:00000408       __imp_sf_mex_import        0000000180054408     sf_runtime:sf_runtime.dll
 0002:00000410       __imp_sf_mex_dup           0000000180054410     sf_runtime:sf_runtime.dll
 0002:00000418       __imp_sf_mex_getcell       0000000180054418     sf_runtime:sf_runtime.dll
 0002:00000420       __imp_sf_mex_destroy       0000000180054420     sf_runtime:sf_runtime.dll
 0002:00000428       __imp_sf_mex_decode_encoded_mx_struct_array 0000000180054428     sf_runtime:sf_runtime.dll
 0002:00000430       __imp_sf_mex_createcellmatrix 0000000180054430     sf_runtime:sf_runtime.dll
 0002:00000438       __imp_sf_mex_setcell       0000000180054438     sf_runtime:sf_runtime.dll
 0002:00000440       __imp_sf_mex_call_matlab   0000000180054440     sf_runtime:sf_runtime.dll
 0002:00000448       __imp_sf_mex_error_message 0000000180054448     sf_runtime:sf_runtime.dll
 0002:00000450       __imp_sf_mex_create        0000000180054450     sf_runtime:sf_runtime.dll
 0002:00000458       __imp_sf_mex_assign        0000000180054458     sf_runtime:sf_runtime.dll
 0002:00000460       __imp_sf_load_rtw_optimization_info 0000000180054460     sf_runtime:sf_runtime.dll
 0002:00000468       __imp_sf_debug_initialize_machine 0000000180054468     sf_runtime:sf_runtime.dll
 0002:00000470       __imp_sf_debug_set_machine_event_thresholds 0000000180054470     sf_runtime:sf_runtime.dll
 0002:00000478       __imp_sf_debug_set_machine_data_thresholds 0000000180054478     sf_runtime:sf_runtime.dll
 0002:00000480       \177sf_runtime_NULL_THUNK_DATA 0000000180054480     sf_runtime:sf_runtime.dll
 0002:00000488       __xc_a                     0000000180054488     MSVCRT:cinitexe.obj
 0002:00000490       __xc_z                     0000000180054490     MSVCRT:cinitexe.obj
 0002:00000498       __xi_a                     0000000180054498     MSVCRT:cinitexe.obj
 0002:000004a8       __xi_z                     00000001800544a8     MSVCRT:cinitexe.obj
 0002:000004b0       __real@41e1b56a99800000    00000001800544b0     VCU_CS75_12_16_Test_sfun.obj
 0002:000004b8       __real@41ec0992b7400000    00000001800544b8     VCU_CS75_12_16_Test_sfun.obj
 0002:000004c0       __real@41b208b769000000    00000001800544c0     VCU_CS75_12_16_Test_sfun.obj
 0002:000004c8       __real@41ee1af7de400000    00000001800544c8     VCU_CS75_12_16_Test_sfun.obj
 0002:000004d0       __real@41c8d9806a800000    00000001800544d0     VCU_CS75_12_16_Test_sfun.obj
 0002:000004d8       __real@41d1f38be6c00000    00000001800544d8     VCU_CS75_12_16_Test_sfun.obj
 0002:000004e0       __real@41e341355f400000    00000001800544e0     VCU_CS75_12_16_Test_sfun.obj
 0002:000004e8       __real@41b03b3216000000    00000001800544e8     VCU_CS75_12_16_Test_sfun.obj
 0002:000004f0       __real@41ec4c5f2d800000    00000001800544f0     VCU_CS75_12_16_Test_sfun.obj
 0002:000004f8       __real@41e227932aa00000    00000001800544f8     VCU_CS75_12_16_Test_sfun.obj
 0002:00000500       __real@41d11ed942400000    0000000180054500     VCU_CS75_12_16_Test_sfun.obj
 0002:00000508       __real@41e7bfe2fea00000    0000000180054508     VCU_CS75_12_16_Test_sfun.obj
 0002:00000510       __real@41b6848333000000    0000000180054510     VCU_CS75_12_16_Test_sfun.obj
 0002:00000518       __real@41e5123338800000    0000000180054518     VCU_CS75_12_16_Test_sfun.obj
 0002:00000520       __real@41e6459c1b800000    0000000180054520     VCU_CS75_12_16_Test_sfun.obj
 0002:00000528       __real@41a9d6a522000000    0000000180054528     VCU_CS75_12_16_Test_sfun.obj
 0002:00000530       __real@41ca31e714800000    0000000180054530     c1_VCU_CS75_12_16_Test.obj
 0002:00000538       __real@41e281aba3a00000    0000000180054538     c1_VCU_CS75_12_16_Test.obj
 0002:00000540       __real@41eb479af1200000    0000000180054540     c1_VCU_CS75_12_16_Test.obj
 0002:00000548       __real@41933a70d8000000    0000000180054548     c1_VCU_CS75_12_16_Test.obj
 0002:00000550       __real@4024000000000000    0000000180054550     c1_VCU_CS75_12_16_Test.obj
 0002:00000558       __real@3ff0000000000000    0000000180054558     c1_VCU_CS75_12_16_Test.obj
 0002:00000560       __real@0000000000000000    0000000180054560     c1_VCU_CS75_12_16_Test.obj
 0002:00000568       __real@4000000000000000    0000000180054568     c1_VCU_CS75_12_16_Test.obj
 0002:00000570       __real@41e2b2f330a00000    0000000180054570     c2_VCU_CS75_12_16_Test.obj
 0002:00000578       __real@41cd2460fe800000    0000000180054578     c2_VCU_CS75_12_16_Test.obj
 0002:00000580       __real@41ed4786cf200000    0000000180054580     c2_VCU_CS75_12_16_Test.obj
 0002:00000588       __real@41e54d2b36200000    0000000180054588     c2_VCU_CS75_12_16_Test.obj
 0002:00000590       __real@4034000000000000    0000000180054590     c2_VCU_CS75_12_16_Test.obj
 0002:00000598       __real@4010000000000000    0000000180054598     c2_VCU_CS75_12_16_Test.obj
 0002:000005a0       __real@41e8aea24c400000    00000001800545a0     c4_VCU_CS75_12_16_Test.obj
 0002:000005a8       __real@41debef7a4400000    00000001800545a8     c4_VCU_CS75_12_16_Test.obj
 0002:000005b0       __real@41d0b8eece400000    00000001800545b0     c4_VCU_CS75_12_16_Test.obj
 0002:000005b8       __real@41e1799204200000    00000001800545b8     c4_VCU_CS75_12_16_Test.obj
 0002:000005c0       __real@4008000000000000    00000001800545c0     c4_VCU_CS75_12_16_Test.obj
 0002:000005c8       __real@41e544cfe1400000    00000001800545c8     c6_VCU_CS75_12_16_Test.obj
 0002:000005d0       __real@41e9a666a9000000    00000001800545d0     c6_VCU_CS75_12_16_Test.obj
 0002:000005d8       __real@41ecb1566f200000    00000001800545d8     c6_VCU_CS75_12_16_Test.obj
 0002:000005e0       __real@41dc72b6b5800000    00000001800545e0     c6_VCU_CS75_12_16_Test.obj
 0002:000005e8       __real@41ee44396b400000    00000001800545e8     c7_VCU_CS75_12_16_Test.obj
 0002:000005f0       __real@41cbaa955f800000    00000001800545f0     c7_VCU_CS75_12_16_Test.obj
 0002:000005f8       __real@41d3f0a631000000    00000001800545f8     c7_VCU_CS75_12_16_Test.obj
 0002:00000600       __real@41d769c57ec00000    0000000180054600     c7_VCU_CS75_12_16_Test.obj
 0002:00000608       __real@41ed6ac0d7c00000    0000000180054608     c8_VCU_CS75_12_16_Test.obj
 0002:00000610       __real@41cda190f1000000    0000000180054610     c8_VCU_CS75_12_16_Test.obj
 0002:00000618       __real@41e174ecdb200000    0000000180054618     c8_VCU_CS75_12_16_Test.obj
 0002:00000620       __real@41ba29d6d5000000    0000000180054620     c8_VCU_CS75_12_16_Test.obj
 0002:00000628       __real@41e89dc479600000    0000000180054628     c9_VCU_CS75_12_16_Test.obj
 0002:00000630       __real@41eb82f19b400000    0000000180054630     c9_VCU_CS75_12_16_Test.obj
 0002:00000638       __real@41e8ec88e5200000    0000000180054638     c9_VCU_CS75_12_16_Test.obj
 0002:00000640       __real@41ce21495c800000    0000000180054640     c9_VCU_CS75_12_16_Test.obj
 0002:00000648       __real@402e000000000000    0000000180054648     c9_VCU_CS75_12_16_Test.obj
 0002:00000650       __real@41ee71df13400000    0000000180054650     c11_VCU_CS75_12_16_Test.obj
 0002:00000658       __real@41df45fffb400000    0000000180054658     c11_VCU_CS75_12_16_Test.obj
 0002:00000660       __real@41c3db3e7d000000    0000000180054660     c11_VCU_CS75_12_16_Test.obj
 0002:00000668       __real@41db0b8bbac00000    0000000180054668     c11_VCU_CS75_12_16_Test.obj
 0002:00000670       __real@41eedddcbee00000    0000000180054670     c12_VCU_CS75_12_16_Test.obj
 0002:00000678       __real@41db9f725e000000    0000000180054678     c12_VCU_CS75_12_16_Test.obj
 0002:00000680       __real@41e57da0dbe00000    0000000180054680     c12_VCU_CS75_12_16_Test.obj
 0002:00000688       __real@41ea9da464000000    0000000180054688     c12_VCU_CS75_12_16_Test.obj
 0002:00000690       __real@41ce9923be000000    0000000180054690     c13_VCU_CS75_12_16_Test.obj
 0002:00000698       __real@41e3647141e00000    0000000180054698     c13_VCU_CS75_12_16_Test.obj
 0002:000006a0       __real@41dfed0b7f000000    00000001800546a0     c13_VCU_CS75_12_16_Test.obj
 0002:000006a8       __real@41e379970fa00000    00000001800546a8     c13_VCU_CS75_12_16_Test.obj
 0002:000006b0       __real@41d62fd756800000    00000001800546b0     c14_VCU_CS75_12_16_Test.obj
 0002:000006b8       __real@41e4a50c8ea00000    00000001800546b8     c14_VCU_CS75_12_16_Test.obj
 0002:000006c0       __real@41e5c16029e00000    00000001800546c0     c14_VCU_CS75_12_16_Test.obj
 0002:000006c8       __real@41dce0f445000000    00000001800546c8     c14_VCU_CS75_12_16_Test.obj
 0002:000006d0       __real@41e3ecbf93800000    00000001800546d0     c16_VCU_CS75_12_16_Test.obj
 0002:000006d8       __real@41e9d1052ae00000    00000001800546d8     c16_VCU_CS75_12_16_Test.obj
 0002:000006e0       __real@41ee44b1a0600000    00000001800546e0     c16_VCU_CS75_12_16_Test.obj
 0002:000006e8       __real@41d4df3dce400000    00000001800546e8     c16_VCU_CS75_12_16_Test.obj
 0002:000006f0       __mask@@NegDouble@         00000001800546f0     c16_VCU_CS75_12_16_Test.obj
 0002:00000700       __real@41efc613e2600000    0000000180054700     c17_VCU_CS75_12_16_Test.obj
 0002:00000708       __real@41d7d12b5e800000    0000000180054708     c17_VCU_CS75_12_16_Test.obj
 0002:00000710       __real@41ea67e0bd400000    0000000180054710     c17_VCU_CS75_12_16_Test.obj
 0002:00000718       __real@41d97a4cff400000    0000000180054718     c17_VCU_CS75_12_16_Test.obj
 0002:00000720       __real@41d320b53ec00000    0000000180054720     c20_VCU_CS75_12_16_Test.obj
 0002:00000728       __real@41e52d7613e00000    0000000180054728     c20_VCU_CS75_12_16_Test.obj
 0002:00000730       __real@41d6b89871400000    0000000180054730     c20_VCU_CS75_12_16_Test.obj
 0002:00000738       __real@41d00bddb2c00000    0000000180054738     c20_VCU_CS75_12_16_Test.obj
 0002:00000740       __real@4022000000000000    0000000180054740     c20_VCU_CS75_12_16_Test.obj
 0002:00000748       __real@41de76ad77400000    0000000180054748     c26_VCU_CS75_12_16_Test.obj
 0002:00000750       __real@41caebc84e800000    0000000180054750     c26_VCU_CS75_12_16_Test.obj
 0002:00000758       __real@41e3cb59ece00000    0000000180054758     c26_VCU_CS75_12_16_Test.obj
 0002:00000760       __real@41ec7c465dc00000    0000000180054760     c26_VCU_CS75_12_16_Test.obj
 0002:00000768       __real@41e0769c97000000    0000000180054768     c27_VCU_CS75_12_16_Test.obj
 0002:00000770       __real@41d6a8a634000000    0000000180054770     c27_VCU_CS75_12_16_Test.obj
 0002:00000778       __real@41e08c98b0800000    0000000180054778     c27_VCU_CS75_12_16_Test.obj
 0002:00000780       __real@41ee09157c200000    0000000180054780     c27_VCU_CS75_12_16_Test.obj
 0002:00000788       __real@41d4fdd2a4400000    0000000180054788     c28_VCU_CS75_12_16_Test.obj
 0002:00000790       __real@41b1b7c101000000    0000000180054790     c28_VCU_CS75_12_16_Test.obj
 0002:00000798       __real@41d312f6c5c00000    0000000180054798     c28_VCU_CS75_12_16_Test.obj
 0002:000007a0       __real@41db751814400000    00000001800547a0     c28_VCU_CS75_12_16_Test.obj
 0002:000007a8       __real@41ea5a6401a00000    00000001800547a8     c29_VCU_CS75_12_16_Test.obj
 0002:000007b0       __real@41e5f5ad76c00000    00000001800547b0     c29_VCU_CS75_12_16_Test.obj
 0002:000007b8       __real@41e1139ea8800000    00000001800547b8     c29_VCU_CS75_12_16_Test.obj
 0002:000007c0       __real@41e59fd112000000    00000001800547c0     c29_VCU_CS75_12_16_Test.obj
 0002:000007d0       DYNAMIC_DIMENSION_DEF      00000001800547d0     VCU_CS75_12_16_Test_sfun_registry.obj
 0002:000007f0       _ssBadLevel2InputAccessMsg 00000001800547f0     VCU_CS75_12_16_Test_sfun_registry.obj
 0002:00000980       _ssBadLevel2DirectFeedMsg  0000000180054980     VCU_CS75_12_16_Test_sfun_registry.obj
 0002:00000ac0       _ssBadLevel2DirectFeedSolutionMsg 0000000180054ac0     VCU_CS75_12_16_Test_sfun_registry.obj
 0002:00000b30       _ssBadLevel2ZeroDirectFeedMsg 0000000180054b30     VCU_CS75_12_16_Test_sfun_registry.obj
 0002:00000c70       _ssBadLevel2ZeroDirectFeedMsg2 0000000180054c70     VCU_CS75_12_16_Test_sfun_registry.obj
 0002:00000d58       __real@bff0000000000000    0000000180054d58     VCU_CS75_12_16_Test_sfun_registry.obj
 0002:00000d60       __real@41602cbca0000000    0000000180054d60     VCU_CS75_12_16_Test_sfun_registry.obj
 0002:00000d68       _pRawDllMain               0000000180054d68     MSVCRT:crtdll.obj
 0002:00000d68       _pDefaultRawDllMain        0000000180054d68     MSVCRT:crtdll.obj
 0002:00000d80       ?ProcessDetach@NativeDll@<CrtImplementationDetails>@@0IB 0000000180054d80     MSVCRT:tncleanup.obj
 0002:00000d84       ?ProcessAttach@NativeDll@<CrtImplementationDetails>@@0IB 0000000180054d84     MSVCRT:tncleanup.obj
 0002:00000d88       ?ThreadAttach@NativeDll@<CrtImplementationDetails>@@0IB 0000000180054d88     MSVCRT:tncleanup.obj
 0002:00000d8c       ?ThreadDetach@NativeDll@<CrtImplementationDetails>@@0IB 0000000180054d8c     MSVCRT:tncleanup.obj
 0002:00000d90       ?ProcessVerifier@NativeDll@<CrtImplementationDetails>@@0IB 0000000180054d90     MSVCRT:tncleanup.obj
 0002:00000d98       __rtc_iaa                  0000000180054d98     MSVCRT:_initsect_.obj
 0002:00000da0       __rtc_izz                  0000000180054da0     MSVCRT:_initsect_.obj
 0002:00000da8       __rtc_taa                  0000000180054da8     MSVCRT:_initsect_.obj
 0002:00000db0       __rtc_tzz                  0000000180054db0     MSVCRT:_initsect_.obj
 0002:00002b48       __IMPORT_DESCRIPTOR_sf_runtime 0000000180056b48     sf_runtime:sf_runtime.dll
 0002:00002b5c       __IMPORT_DESCRIPTOR_libmx  0000000180056b5c     libmx:libmx.dll
 0002:00002b70       __IMPORT_DESCRIPTOR_libmex 0000000180056b70     libmex:libmex.dll
 0002:00002b84       __IMPORT_DESCRIPTOR_libut  0000000180056b84     libut:libut.dll
 0002:00002b98       __IMPORT_DESCRIPTOR_libmwmathutil 0000000180056b98     libmwmathutil:libmwmathutil.dll
 0002:00002bac       __IMPORT_DESCRIPTOR_MSVCR100 0000000180056bac     MSVCRT:MSVCR100.dll
 0002:00002bc0       __IMPORT_DESCRIPTOR_KERNEL32 0000000180056bc0     kernel32:KERNEL32.dll
 0002:00002bd4       __NULL_IMPORT_DESCRIPTOR   0000000180056bd4     sf_runtime:sf_runtime.dll
 0003:0000aaa0       DYNAMIC_DIMENSION          0000000180062aa0     VCU_CS75_12_16_Test_sfun_registry.obj
 0003:0000b6a8       __security_cookie          00000001800636a8     MSVCRT:gs_cookie.obj
 0003:0000b6b0       __security_cookie_complement 00000001800636b0     MSVCRT:gs_cookie.obj
 0003:0000b6b8       _fltused                   00000001800636b8     MSVCRT:dllsupp.obj
 0003:0000b6c0       __native_dllmain_reason    00000001800636c0     MSVCRT:natstart.obj
 0003:0000b6c4       __native_vcclrit_reason    00000001800636c4     MSVCRT:natstart.obj
 0003:0000b868       sfGlobalDebugInstanceStruct 0000000180063868     VCU_CS75_12_16_Test_sfun_registry.obj
 0003:0000bdf0       ?__type_info_root_node@@3U__type_info_node@@A 0000000180063df0     MSVCRT:tncleanup.obj
 0003:0000be00       _VCU_CS75_12_16_TestMachineNumber_ 0000000180063e00     <common>
 0003:0000be04       __native_startup_state     0000000180063e04     <common>
 0003:0000be08       __native_startup_lock      0000000180063e08     <common>
 0003:0000be10       __onexitend                0000000180063e10     <common>
 0003:0000be18       __onexitbegin              0000000180063e18     <common>
 0003:0000be20       __dyn_tls_init_callback    0000000180063e20     <common>

 entry point at        0001:00052a10

 Static symbols

 0001:00002c30       get_sim_state_c1_VCU_CS75_12_16_Test 0000000180003c30 f   c1_VCU_CS75_12_16_Test.obj
 0001:00002ea0       sf_get_sim_state_info_c1_VCU_CS75_12_16_Test 0000000180003ea0 f   c1_VCU_CS75_12_16_Test.obj
 0001:00003070       set_sim_state_c1_VCU_CS75_12_16_Test 0000000180004070 f   c1_VCU_CS75_12_16_Test.obj
 0001:00003190       c1_update_debugger_state_c1_VCU_CS75_12_16_Test 0000000180004190 f   c1_VCU_CS75_12_16_Test.obj
 0001:000031a0       c1_emlrt_marshallIn        00000001800041a0 f   c1_VCU_CS75_12_16_Test.obj
 0001:00003210       c1_b_emlrt_marshallIn      0000000180004210 f   c1_VCU_CS75_12_16_Test.obj
 0001:000032a0       c1_d_emlrt_marshallIn      00000001800042a0 f   c1_VCU_CS75_12_16_Test.obj
 0001:00003300       c1_e_emlrt_marshallIn      0000000180004300 f   c1_VCU_CS75_12_16_Test.obj
 0001:00003400       mdlProcessParameters_c1_VCU_CS75_12_16_Test 0000000180004400 f   c1_VCU_CS75_12_16_Test.obj
 0001:000034e0       initialize_params_c1_VCU_CS75_12_16_Test 00000001800044e0 f   c1_VCU_CS75_12_16_Test.obj
 0001:000034f0       mdlSetWorkWidths_c1_VCU_CS75_12_16_Test 00000001800044f0 f   c1_VCU_CS75_12_16_Test.obj
 0001:000039f0       sf_get_instance_specialization 00000001800049f0 f   c1_VCU_CS75_12_16_Test.obj
 0001:00003a00       mdlStart_c1_VCU_CS75_12_16_Test 0000000180004a00 f   c1_VCU_CS75_12_16_Test.obj
 0001:00003c30       init_dsm_address_info      0000000180004c30 f   c1_VCU_CS75_12_16_Test.obj
 0001:00003c40       chart_debug_initialization 0000000180004c40 f   c1_VCU_CS75_12_16_Test.obj
 0001:00004740       init_script_number_translation 0000000180005740 f   c1_VCU_CS75_12_16_Test.obj
 0001:00004760       c1_sf_marshallOut          0000000180005760 f   c1_VCU_CS75_12_16_Test.obj
 0001:00004810       c1_sf_marshallIn           0000000180005810 f   c1_VCU_CS75_12_16_Test.obj
 0001:000048b0       sf_opaque_initialize_c1_VCU_CS75_12_16_Test 00000001800058b0 f   c1_VCU_CS75_12_16_Test.obj
 0001:000048f0       initialize_c1_VCU_CS75_12_16_Test 00000001800058f0 f   c1_VCU_CS75_12_16_Test.obj
 0001:00004940       sf_opaque_enable_c1_VCU_CS75_12_16_Test 0000000180005940 f   c1_VCU_CS75_12_16_Test.obj
 0001:00004960       enable_c1_VCU_CS75_12_16_Test 0000000180005960 f   c1_VCU_CS75_12_16_Test.obj
 0001:00004990       sf_opaque_disable_c1_VCU_CS75_12_16_Test 0000000180005990 f   c1_VCU_CS75_12_16_Test.obj
 0001:000049b0       disable_c1_VCU_CS75_12_16_Test 00000001800059b0 f   c1_VCU_CS75_12_16_Test.obj
 0001:000049e0       sf_opaque_gateway_c1_VCU_CS75_12_16_Test 00000001800059e0 f   c1_VCU_CS75_12_16_Test.obj
 0001:00004a00       sf_gateway_c1_VCU_CS75_12_16_Test 0000000180005a00 f   c1_VCU_CS75_12_16_Test.obj
 0001:00005690       sf_opaque_get_sim_state_c1_VCU_CS75_12_16_Test 0000000180006690 f   c1_VCU_CS75_12_16_Test.obj
 0001:000056b0       sf_opaque_set_sim_state_c1_VCU_CS75_12_16_Test 00000001800066b0 f   c1_VCU_CS75_12_16_Test.obj
 0001:000056e0       sf_opaque_terminate_c1_VCU_CS75_12_16_Test 00000001800066e0 f   c1_VCU_CS75_12_16_Test.obj
 0001:00005780       finalize_c1_VCU_CS75_12_16_Test 0000000180006780 f   c1_VCU_CS75_12_16_Test.obj
 0001:00005790       sf_opaque_init_subchart_simstructs 0000000180006790 f   c1_VCU_CS75_12_16_Test.obj
 0001:000057b0       initSimStructsc1_VCU_CS75_12_16_Test 00000001800067b0 f   c1_VCU_CS75_12_16_Test.obj
 0001:000057c0       mdlRTW_c1_VCU_CS75_12_16_Test 00000001800067c0 f   c1_VCU_CS75_12_16_Test.obj
 0001:000063a0       get_sim_state_c2_VCU_CS75_12_16_Test 00000001800073a0 f   c2_VCU_CS75_12_16_Test.obj
 0001:00006610       sf_get_sim_state_info_c2_VCU_CS75_12_16_Test 0000000180007610 f   c2_VCU_CS75_12_16_Test.obj
 0001:000067e0       set_sim_state_c2_VCU_CS75_12_16_Test 00000001800077e0 f   c2_VCU_CS75_12_16_Test.obj
 0001:00006900       c2_update_debugger_state_c2_VCU_CS75_12_16_Test 0000000180007900 f   c2_VCU_CS75_12_16_Test.obj
 0001:00006910       c2_emlrt_marshallIn        0000000180007910 f   c2_VCU_CS75_12_16_Test.obj
 0001:00006980       c2_b_emlrt_marshallIn      0000000180007980 f   c2_VCU_CS75_12_16_Test.obj
 0001:00006a10       c2_d_emlrt_marshallIn      0000000180007a10 f   c2_VCU_CS75_12_16_Test.obj
 0001:00006a70       c2_e_emlrt_marshallIn      0000000180007a70 f   c2_VCU_CS75_12_16_Test.obj
 0001:00006b70       mdlProcessParameters_c2_VCU_CS75_12_16_Test 0000000180007b70 f   c2_VCU_CS75_12_16_Test.obj
 0001:00006c50       initialize_params_c2_VCU_CS75_12_16_Test 0000000180007c50 f   c2_VCU_CS75_12_16_Test.obj
 0001:00006c60       mdlSetWorkWidths_c2_VCU_CS75_12_16_Test 0000000180007c60 f   c2_VCU_CS75_12_16_Test.obj
 0001:000071c0       sf_get_instance_specialization 00000001800081c0 f   c2_VCU_CS75_12_16_Test.obj
 0001:000071d0       mdlStart_c2_VCU_CS75_12_16_Test 00000001800081d0 f   c2_VCU_CS75_12_16_Test.obj
 0001:00007400       init_dsm_address_info      0000000180008400 f   c2_VCU_CS75_12_16_Test.obj
 0001:00007410       chart_debug_initialization 0000000180008410 f   c2_VCU_CS75_12_16_Test.obj
 0001:000081a0       init_script_number_translation 00000001800091a0 f   c2_VCU_CS75_12_16_Test.obj
 0001:000081c0       c2_sf_marshallOut          00000001800091c0 f   c2_VCU_CS75_12_16_Test.obj
 0001:00008270       c2_sf_marshallIn           0000000180009270 f   c2_VCU_CS75_12_16_Test.obj
 0001:00008310       sf_opaque_initialize_c2_VCU_CS75_12_16_Test 0000000180009310 f   c2_VCU_CS75_12_16_Test.obj
 0001:00008350       initialize_c2_VCU_CS75_12_16_Test 0000000180009350 f   c2_VCU_CS75_12_16_Test.obj
 0001:000083a0       sf_opaque_enable_c2_VCU_CS75_12_16_Test 00000001800093a0 f   c2_VCU_CS75_12_16_Test.obj
 0001:000083c0       enable_c2_VCU_CS75_12_16_Test 00000001800093c0 f   c2_VCU_CS75_12_16_Test.obj
 0001:000083f0       sf_opaque_disable_c2_VCU_CS75_12_16_Test 00000001800093f0 f   c2_VCU_CS75_12_16_Test.obj
 0001:00008410       disable_c2_VCU_CS75_12_16_Test 0000000180009410 f   c2_VCU_CS75_12_16_Test.obj
 0001:00008440       sf_opaque_gateway_c2_VCU_CS75_12_16_Test 0000000180009440 f   c2_VCU_CS75_12_16_Test.obj
 0001:00008460       sf_gateway_c2_VCU_CS75_12_16_Test 0000000180009460 f   c2_VCU_CS75_12_16_Test.obj
 0001:00009050       sf_opaque_get_sim_state_c2_VCU_CS75_12_16_Test 000000018000a050 f   c2_VCU_CS75_12_16_Test.obj
 0001:00009070       sf_opaque_set_sim_state_c2_VCU_CS75_12_16_Test 000000018000a070 f   c2_VCU_CS75_12_16_Test.obj
 0001:000090a0       sf_opaque_terminate_c2_VCU_CS75_12_16_Test 000000018000a0a0 f   c2_VCU_CS75_12_16_Test.obj
 0001:00009140       finalize_c2_VCU_CS75_12_16_Test 000000018000a140 f   c2_VCU_CS75_12_16_Test.obj
 0001:00009150       sf_opaque_init_subchart_simstructs 000000018000a150 f   c2_VCU_CS75_12_16_Test.obj
 0001:00009170       initSimStructsc2_VCU_CS75_12_16_Test 000000018000a170 f   c2_VCU_CS75_12_16_Test.obj
 0001:00009180       mdlRTW_c2_VCU_CS75_12_16_Test 000000018000a180 f   c2_VCU_CS75_12_16_Test.obj
 0001:00009d60       get_sim_state_c3_VCU_CS75_12_16_Test 000000018000ad60 f   c3_VCU_CS75_12_16_Test.obj
[...]
 0001:0003e750       initialize_c20_VCU_CS75_12_16_Test 000000018003f750 f   c20_VCU_CS75_12_16_Test.obj
 0001:0003e7a0       sf_opaque_enable_c20_VCU_CS75_12_16_Test 000000018003f7a0 f   c20_VCU_CS75_12_16_Test.obj
 0001:0003e7c0       enable_c20_VCU_CS75_12_16_Test 000000018003f7c0 f   c20_VCU_CS75_12_16_Test.obj
 0001:0003e7f0       sf_opaque_disable_c20_VCU_CS75_12_16_Test 000000018003f7f0 f   c20_VCU_CS75_12_16_Test.obj
 0001:0003e810       disable_c20_VCU_CS75_12_16_Test 000000018003f810 f   c20_VCU_CS75_12_16_Test.obj
 0001:0003e840       sf_opaque_gateway_c20_VCU_CS75_12_16_Test 000000018003f840 f   c20_VCU_CS75_12_16_Test.obj
 0001:0003e860       sf_gateway_c20_VCU_CS75_12_16_Test 000000018003f860 f   c20_VCU_CS75_12_16_Test.obj
 0001:0003fd10       sf_opaque_get_sim_state_c20_VCU_CS75_12_16_Test 0000000180040d10 f   c20_VCU_CS75_12_16_Test.obj
 0001:0003fd30       sf_opaque_set_sim_state_c20_VCU_CS75_12_16_Test 0000000180040d30 f   c20_VCU_CS75_12_16_Test.obj
 0001:0003fd60       sf_opaque_terminate_c20_VCU_CS75_12_16_Test 0000000180040d60 f   c20_VCU_CS75_12_16_Test.obj
 0001:0003fe00       finalize_c20_VCU_CS75_12_16_Test 0000000180040e00 f   c20_VCU_CS75_12_16_Test.obj
 0001:0003fe10       sf_opaque_init_subchart_simstructs 0000000180040e10 f   c20_VCU_CS75_12_16_Test.obj
 0001:0003fe30       initSimStructsc20_VCU_CS75_12_16_Test 0000000180040e30 f   c20_VCU_CS75_12_16_Test.obj
 0001:0003fe40       mdlRTW_c20_VCU_CS75_12_16_Test 0000000180040e40 f   c20_VCU_CS75_12_16_Test.obj
 0001:00040650       get_sim_state_c26_VCU_CS75_12_16_Test 0000000180041650 f   c26_VCU_CS75_12_16_Test.obj
 0001:000407f0       sf_get_sim_state_info_c26_VCU_CS75_12_16_Test 00000001800417f0 f   c26_VCU_CS75_12_16_Test.obj
 0001:000409c0       set_sim_state_c26_VCU_CS75_12_16_Test 00000001800419c0 f   c26_VCU_CS75_12_16_Test.obj
 0001:00040aa0       c26_update_debugger_state_c26_VCU_CS75_12_16_Test 0000000180041aa0 f   c26_VCU_CS75_12_16_Test.obj
 0001:00040ab0       c26_emlrt_marshallIn       0000000180041ab0 f   c26_VCU_CS75_12_16_Test.obj
 0001:00040b20       c26_b_emlrt_marshallIn     0000000180041b20 f   c26_VCU_CS75_12_16_Test.obj
 0001:00040bb0       c26_d_emlrt_marshallIn     0000000180041bb0 f   c26_VCU_CS75_12_16_Test.obj
 0001:00040c10       c26_e_emlrt_marshallIn     0000000180041c10 f   c26_VCU_CS75_12_16_Test.obj
 0001:00040d10       mdlProcessParameters_c26_VCU_CS75_12_16_Test 0000000180041d10 f   c26_VCU_CS75_12_16_Test.obj
 0001:00040df0       initialize_params_c26_VCU_CS75_12_16_Test 0000000180041df0 f   c26_VCU_CS75_12_16_Test.obj
 0001:00040e00       mdlSetWorkWidths_c26_VCU_CS75_12_16_Test 0000000180041e00 f   c26_VCU_CS75_12_16_Test.obj
 0001:00041300       sf_get_instance_specialization 0000000180042300 f   c26_VCU_CS75_12_16_Test.obj
 0001:00041310       mdlStart_c26_VCU_CS75_12_16_Test 0000000180042310 f   c26_VCU_CS75_12_16_Test.obj
 0001:00041540       init_dsm_address_info      0000000180042540 f   c26_VCU_CS75_12_16_Test.obj
 0001:00041550       chart_debug_initialization 0000000180042550 f   c26_VCU_CS75_12_16_Test.obj
 0001:00041ef0       init_script_number_translation 0000000180042ef0 f   c26_VCU_CS75_12_16_Test.obj
 0001:00041f10       c26_sf_marshallOut         0000000180042f10 f   c26_VCU_CS75_12_16_Test.obj
 0001:00041fc0       c26_sf_marshallIn          0000000180042fc0 f   c26_VCU_CS75_12_16_Test.obj
 0001:00042060       sf_opaque_initialize_c26_VCU_CS75_12_16_Test 0000000180043060 f   c26_VCU_CS75_12_16_Test.obj
 0001:000420a0       initialize_c26_VCU_CS75_12_16_Test 00000001800430a0 f   c26_VCU_CS75_12_16_Test.obj
 0001:000420f0       sf_opaque_enable_c26_VCU_CS75_12_16_Test 00000001800430f0 f   c26_VCU_CS75_12_16_Test.obj
 0001:00042110       enable_c26_VCU_CS75_12_16_Test 0000000180043110 f   c26_VCU_CS75_12_16_Test.obj
 0001:00042140       sf_opaque_disable_c26_VCU_CS75_12_16_Test 0000000180043140 f   c26_VCU_CS75_12_16_Test.obj
 0001:00042160       disable_c26_VCU_CS75_12_16_Test 0000000180043160 f   c26_VCU_CS75_12_16_Test.obj
 0001:00042190       sf_opaque_gateway_c26_VCU_CS75_12_16_Test 0000000180043190 f   c26_VCU_CS75_12_16_Test.obj
 0001:000421b0       sf_gateway_c26_VCU_CS75_12_16_Test 00000001800431b0 f   c26_VCU_CS75_12_16_Test.obj
 0001:00042bc0       sf_opaque_get_sim_state_c26_VCU_CS75_12_16_Test 0000000180043bc0 f   c26_VCU_CS75_12_16_Test.obj
 0001:00042be0       sf_opaque_set_sim_state_c26_VCU_CS75_12_16_Test 0000000180043be0 f   c26_VCU_CS75_12_16_Test.obj
 0001:00042c10       sf_opaque_terminate_c26_VCU_CS75_12_16_Test 0000000180043c10 f   c26_VCU_CS75_12_16_Test.obj
 0001:00042cb0       finalize_c26_VCU_CS75_12_16_Test 0000000180043cb0 f   c26_VCU_CS75_12_16_Test.obj
 0001:00042cc0       sf_opaque_init_subchart_simstructs 0000000180043cc0 f   c26_VCU_CS75_12_16_Test.obj
 0001:00042ce0       initSimStructsc26_VCU_CS75_12_16_Test 0000000180043ce0 f   c26_VCU_CS75_12_16_Test.obj
 0001:00042cf0       mdlRTW_c26_VCU_CS75_12_16_Test 0000000180043cf0 f   c26_VCU_CS75_12_16_Test.obj
 0001:00042da0       c27_info_helper            0000000180043da0 f   c27_VCU_CS75_12_16_Test.obj
 0001:00043e70       c27_emlrt_marshallOut      0000000180044e70 f   c27_VCU_CS75_12_16_Test.obj
 0001:00043f00       c27_b_emlrt_marshallOut    0000000180044f00 f   c27_VCU_CS75_12_16_Test.obj
 0001:00044570       get_sim_state_c27_VCU_CS75_12_16_Test 0000000180045570 f   c27_VCU_CS75_12_16_Test.obj
 0001:00044720       sf_get_sim_state_info_c27_VCU_CS75_12_16_Test 0000000180045720 f   c27_VCU_CS75_12_16_Test.obj
 0001:000448f0       set_sim_state_c27_VCU_CS75_12_16_Test 00000001800458f0 f   c27_VCU_CS75_12_16_Test.obj
 0001:000449d0       c27_update_debugger_state_c27_VCU_CS75_12_16_Test 00000001800459d0 f   c27_VCU_CS75_12_16_Test.obj
 0001:000449e0       c27_emlrt_marshallIn       00000001800459e0 f   c27_VCU_CS75_12_16_Test.obj
 0001:00044a50       c27_b_emlrt_marshallIn     0000000180045a50 f   c27_VCU_CS75_12_16_Test.obj
 0001:00044ae0       c27_d_emlrt_marshallIn     0000000180045ae0 f   c27_VCU_CS75_12_16_Test.obj
 0001:00044b40       c27_e_emlrt_marshallIn     0000000180045b40 f   c27_VCU_CS75_12_16_Test.obj
 0001:00044c40       mdlProcessParameters_c27_VCU_CS75_12_16_Test 0000000180045c40 f   c27_VCU_CS75_12_16_Test.obj
 0001:00044d20       initialize_params_c27_VCU_CS75_12_16_Test 0000000180045d20 f   c27_VCU_CS75_12_16_Test.obj
 0001:00044d30       mdlSetWorkWidths_c27_VCU_CS75_12_16_Test 0000000180045d30 f   c27_VCU_CS75_12_16_Test.obj
 0001:00045200       sf_get_instance_specialization 0000000180046200 f   c27_VCU_CS75_12_16_Test.obj
 0001:00045210       mdlStart_c27_VCU_CS75_12_16_Test 0000000180046210 f   c27_VCU_CS75_12_16_Test.obj
 0001:00045440       init_dsm_address_info      0000000180046440 f   c27_VCU_CS75_12_16_Test.obj
 0001:00045450       chart_debug_initialization 0000000180046450 f   c27_VCU_CS75_12_16_Test.obj
 0001:00045c00       init_script_number_translation 0000000180046c00 f   c27_VCU_CS75_12_16_Test.obj
 0001:00045c20       c27_sf_marshallOut         0000000180046c20 f   c27_VCU_CS75_12_16_Test.obj
 0001:00045cd0       c27_sf_marshallIn          0000000180046cd0 f   c27_VCU_CS75_12_16_Test.obj
 0001:00045d70       sf_opaque_initialize_c27_VCU_CS75_12_16_Test 0000000180046d70 f   c27_VCU_CS75_12_16_Test.obj
 0001:00045db0       initialize_c27_VCU_CS75_12_16_Test 0000000180046db0 f   c27_VCU_CS75_12_16_Test.obj
 0001:00045e00       sf_opaque_enable_c27_VCU_CS75_12_16_Test 0000000180046e00 f   c27_VCU_CS75_12_16_Test.obj
 0001:00045e20       enable_c27_VCU_CS75_12_16_Test 0000000180046e20 f   c27_VCU_CS75_12_16_Test.obj
 0001:00045e50       sf_opaque_disable_c27_VCU_CS75_12_16_Test 0000000180046e50 f   c27_VCU_CS75_12_16_Test.obj
 0001:00045e70       disable_c27_VCU_CS75_12_16_Test 0000000180046e70 f   c27_VCU_CS75_12_16_Test.obj
 0001:00045ea0       sf_opaque_gateway_c27_VCU_CS75_12_16_Test 0000000180046ea0 f   c27_VCU_CS75_12_16_Test.obj
 0001:00045ec0       sf_gateway_c27_VCU_CS75_12_16_Test 0000000180046ec0 f   c27_VCU_CS75_12_16_Test.obj
 0001:00046630       sf_opaque_get_sim_state_c27_VCU_CS75_12_16_Test 0000000180047630 f   c27_VCU_CS75_12_16_Test.obj
 0001:00046650       sf_opaque_set_sim_state_c27_VCU_CS75_12_16_Test 0000000180047650 f   c27_VCU_CS75_12_16_Test.obj
 0001:00046680       sf_opaque_terminate_c27_VCU_CS75_12_16_Test 0000000180047680 f   c27_VCU_CS75_12_16_Test.obj
 0001:00046720       finalize_c27_VCU_CS75_12_16_Test 0000000180047720 f   c27_VCU_CS75_12_16_Test.obj
 0001:00046730       sf_opaque_init_subchart_simstructs 0000000180047730 f   c27_VCU_CS75_12_16_Test.obj
 0001:00046750       initSimStructsc27_VCU_CS75_12_16_Test 0000000180047750 f   c27_VCU_CS75_12_16_Test.obj
 0001:00046760       mdlRTW_c27_VCU_CS75_12_16_Test 0000000180047760 f   c27_VCU_CS75_12_16_Test.obj
 0001:00046f70       get_sim_state_c28_VCU_CS75_12_16_Test 0000000180047f70 f   c28_VCU_CS75_12_16_Test.obj
 0001:00047120       sf_get_sim_state_info_c28_VCU_CS75_12_16_Test 0000000180048120 f   c28_VCU_CS75_12_16_Test.obj
 0001:000472f0       set_sim_state_c28_VCU_CS75_12_16_Test 00000001800482f0 f   c28_VCU_CS75_12_16_Test.obj
 0001:000473d0       c28_update_debugger_state_c28_VCU_CS75_12_16_Test 00000001800483d0 f   c28_VCU_CS75_12_16_Test.obj
 0001:000473e0       c28_emlrt_marshallIn       00000001800483e0 f   c28_VCU_CS75_12_16_Test.obj
 0001:00047450       c28_b_emlrt_marshallIn     0000000180048450 f   c28_VCU_CS75_12_16_Test.obj
 0001:000474e0       c28_d_emlrt_marshallIn     00000001800484e0 f   c28_VCU_CS75_12_16_Test.obj
 0001:00047540       c28_e_emlrt_marshallIn     0000000180048540 f   c28_VCU_CS75_12_16_Test.obj
 0001:00047640       mdlProcessParameters_c28_VCU_CS75_12_16_Test 0000000180048640 f   c28_VCU_CS75_12_16_Test.obj
 0001:00047720       initialize_params_c28_VCU_CS75_12_16_Test 0000000180048720 f   c28_VCU_CS75_12_16_Test.obj
 0001:00047730       mdlSetWorkWidths_c28_VCU_CS75_12_16_Test 0000000180048730 f   c28_VCU_CS75_12_16_Test.obj
 0001:00047c30       sf_get_instance_specialization 0000000180048c30 f   c28_VCU_CS75_12_16_Test.obj
 0001:00047c40       mdlStart_c28_VCU_CS75_12_16_Test 0000000180048c40 f   c28_VCU_CS75_12_16_Test.obj
 0001:00047e70       init_dsm_address_info      0000000180048e70 f   c28_VCU_CS75_12_16_Test.obj
 0001:00047e80       chart_debug_initialization 0000000180048e80 f   c28_VCU_CS75_12_16_Test.obj
 0001:000487f0       init_script_number_translation 00000001800497f0 f   c28_VCU_CS75_12_16_Test.obj
 0001:00048810       c28_sf_marshallOut         0000000180049810 f   c28_VCU_CS75_12_16_Test.obj
 0001:000488c0       c28_sf_marshallIn          00000001800498c0 f   c28_VCU_CS75_12_16_Test.obj
 0001:00048960       sf_opaque_initialize_c28_VCU_CS75_12_16_Test 0000000180049960 f   c28_VCU_CS75_12_16_Test.obj
 0001:000489a0       initialize_c28_VCU_CS75_12_16_Test 00000001800499a0 f   c28_VCU_CS75_12_16_Test.obj
 0001:000489f0       sf_opaque_enable_c28_VCU_CS75_12_16_Test 00000001800499f0 f   c28_VCU_CS75_12_16_Test.obj
 0001:00048a10       enable_c28_VCU_CS75_12_16_Test 0000000180049a10 f   c28_VCU_CS75_12_16_Test.obj
 0001:00048a40       sf_opaque_disable_c28_VCU_CS75_12_16_Test 0000000180049a40 f   c28_VCU_CS75_12_16_Test.obj
 0001:00048a60       disable_c28_VCU_CS75_12_16_Test 0000000180049a60 f   c28_VCU_CS75_12_16_Test.obj
 0001:00048a90       sf_opaque_gateway_c28_VCU_CS75_12_16_Test 0000000180049a90 f   c28_VCU_CS75_12_16_Test.obj
 0001:00048ab0       sf_gateway_c28_VCU_CS75_12_16_Test 0000000180049ab0 f   c28_VCU_CS75_12_16_Test.obj
 0001:00049420       sf_opaque_get_sim_state_c28_VCU_CS75_12_16_Test 000000018004a420 f   c28_VCU_CS75_12_16_Test.obj
 0001:00049440       sf_opaque_set_sim_state_c28_VCU_CS75_12_16_Test 000000018004a440 f   c28_VCU_CS75_12_16_Test.obj
 0001:00049470       sf_opaque_terminate_c28_VCU_CS75_12_16_Test 000000018004a470 f   c28_VCU_CS75_12_16_Test.obj
 0001:00049510       finalize_c28_VCU_CS75_12_16_Test 000000018004a510 f   c28_VCU_CS75_12_16_Test.obj
 0001:00049520       sf_opaque_init_subchart_simstructs 000000018004a520 f   c28_VCU_CS75_12_16_Test.obj
 0001:00049540       initSimStructsc28_VCU_CS75_12_16_Test 000000018004a540 f   c28_VCU_CS75_12_16_Test.obj
 0001:00049550       mdlRTW_c28_VCU_CS75_12_16_Test 000000018004a550 f   c28_VCU_CS75_12_16_Test.obj
 0001:00049c10       get_sim_state_c29_VCU_CS75_12_16_Test 000000018004ac10 f   c29_VCU_CS75_12_16_Test.obj
 0001:00049db0       sf_get_sim_state_info_c29_VCU_CS75_12_16_Test 000000018004adb0 f   c29_VCU_CS75_12_16_Test.obj
 0001:00049f80       set_sim_state_c29_VCU_CS75_12_16_Test 000000018004af80 f   c29_VCU_CS75_12_16_Test.obj
 0001:0004a060       c29_update_debugger_state_c29_VCU_CS75_12_16_Test 000000018004b060 f   c29_VCU_CS75_12_16_Test.obj
 0001:0004a070       c29_emlrt_marshallIn       000000018004b070 f   c29_VCU_CS75_12_16_Test.obj
 0001:0004a0e0       c29_b_emlrt_marshallIn     000000018004b0e0 f   c29_VCU_CS75_12_16_Test.obj
 0001:0004a170       c29_d_emlrt_marshallIn     000000018004b170 f   c29_VCU_CS75_12_16_Test.obj
 0001:0004a1d0       c29_e_emlrt_marshallIn     000000018004b1d0 f   c29_VCU_CS75_12_16_Test.obj
 0001:0004a2d0       mdlProcessParameters_c29_VCU_CS75_12_16_Test 000000018004b2d0 f   c29_VCU_CS75_12_16_Test.obj
 0001:0004a3b0       initialize_params_c29_VCU_CS75_12_16_Test 000000018004b3b0 f   c29_VCU_CS75_12_16_Test.obj
 0001:0004a3c0       mdlSetWorkWidths_c29_VCU_CS75_12_16_Test 000000018004b3c0 f   c29_VCU_CS75_12_16_Test.obj
 0001:0004a890       sf_get_instance_specialization 000000018004b890 f   c29_VCU_CS75_12_16_Test.obj
 0001:0004a8a0       mdlStart_c29_VCU_CS75_12_16_Test 000000018004b8a0 f   c29_VCU_CS75_12_16_Test.obj
 0001:0004aad0       init_dsm_address_info      000000018004bad0 f   c29_VCU_CS75_12_16_Test.obj
 0001:0004aae0       chart_debug_initialization 000000018004bae0 f   c29_VCU_CS75_12_16_Test.obj
 0001:0004b290       init_script_number_translation 000000018004c290 f   c29_VCU_CS75_12_16_Test.obj
 0001:0004b2b0       c29_sf_marshallOut         000000018004c2b0 f   c29_VCU_CS75_12_16_Test.obj
 0001:0004b360       c29_sf_marshallIn          000000018004c360 f   c29_VCU_CS75_12_16_Test.obj
 0001:0004b400       sf_opaque_initialize_c29_VCU_CS75_12_16_Test 000000018004c400 f   c29_VCU_CS75_12_16_Test.obj
 0001:0004b440       initialize_c29_VCU_CS75_12_16_Test 000000018004c440 f   c29_VCU_CS75_12_16_Test.obj
 0001:0004b490       sf_opaque_enable_c29_VCU_CS75_12_16_Test 000000018004c490 f   c29_VCU_CS75_12_16_Test.obj
 0001:0004b4b0       enable_c29_VCU_CS75_12_16_Test 000000018004c4b0 f   c29_VCU_CS75_12_16_Test.obj
 0001:0004b4e0       sf_opaque_disable_c29_VCU_CS75_12_16_Test 000000018004c4e0 f   c29_VCU_CS75_12_16_Test.obj
 0001:0004b500       disable_c29_VCU_CS75_12_16_Test 000000018004c500 f   c29_VCU_CS75_12_16_Test.obj
 0001:0004b530       sf_opaque_gateway_c29_VCU_CS75_12_16_Test 000000018004c530 f   c29_VCU_CS75_12_16_Test.obj
 0001:0004b550       sf_gateway_c29_VCU_CS75_12_16_Test 000000018004c550 f   c29_VCU_CS75_12_16_Test.obj
 0001:0004bc70       sf_opaque_get_sim_state_c29_VCU_CS75_12_16_Test 000000018004cc70 f   c29_VCU_CS75_12_16_Test.obj
 0001:0004bc90       sf_opaque_set_sim_state_c29_VCU_CS75_12_16_Test 000000018004cc90 f   c29_VCU_CS75_12_16_Test.obj
 0001:0004bcc0       sf_opaque_terminate_c29_VCU_CS75_12_16_Test 000000018004ccc0 f   c29_VCU_CS75_12_16_Test.obj
 0001:0004bd60       finalize_c29_VCU_CS75_12_16_Test 000000018004cd60 f   c29_VCU_CS75_12_16_Test.obj
 0001:0004bd70       sf_opaque_init_subchart_simstructs 000000018004cd70 f   c29_VCU_CS75_12_16_Test.obj
 0001:0004bd90       initSimStructsc29_VCU_CS75_12_16_Test 000000018004cd90 f   c29_VCU_CS75_12_16_Test.obj
 0001:0004bda0       mdlRTW_c29_VCU_CS75_12_16_Test 000000018004cda0 f   c29_VCU_CS75_12_16_Test.obj
 0001:0004c710       getChartInfoFromSimStruct  000000018004d710 f   VCU_CS75_12_16_Test_sfun_registry.obj
 0001:0004ddb0       _ssFatalError              000000018004edb0 f   VCU_CS75_12_16_Test_sfun_registry.obj
 0001:00050e60       ProcessMexSfunctionCmdLineCall 0000000180051e60 f   VCU_CS75_12_16_Test_sfun_registry.obj
 0001:00050f90       sf_debug_api_wrapper       0000000180051f90 f   VCU_CS75_12_16_Test_sfun_registry.obj
 0001:00050fe0       mdlStart                   0000000180051fe0 f   VCU_CS75_12_16_Test_sfun_registry.obj
 0001:00051010       mdl_start_processing       0000000180052010 f   VCU_CS75_12_16_Test_sfun_registry.obj
 0001:000510a0       mdlTerminate               00000001800520a0 f   VCU_CS75_12_16_Test_sfun_registry.obj
 0001:000510d0       mdl_terminate_processing   00000001800520d0 f   VCU_CS75_12_16_Test_sfun_registry.obj
 0001:00051150       mdlInitializeSampleTimes   0000000180052150 f   VCU_CS75_12_16_Test_sfun_registry.obj
 0001:00051180       mdlZeroCrossings           0000000180052180 f   VCU_CS75_12_16_Test_sfun_registry.obj
 0001:000511b0       mdl_zeroCrossings_processing 00000001800521b0 f   VCU_CS75_12_16_Test_sfun_registry.obj
 0001:000511f0       mdlDerivatives             00000001800521f0 f   VCU_CS75_12_16_Test_sfun_registry.obj
 0001:00051220       mdl_derivatives_processing 0000000180052220 f   VCU_CS75_12_16_Test_sfun_registry.obj
 0001:00051270       mdlInitializeConditions    0000000180052270 f   VCU_CS75_12_16_Test_sfun_registry.obj
 0001:000512a0       mdl_initialize_conditions_processing 00000001800522a0 f   VCU_CS75_12_16_Test_sfun_registry.obj
 0001:000512f0       mdlEnable                  00000001800522f0 f   VCU_CS75_12_16_Test_sfun_registry.obj
 0001:00051320       mdl_enable_processing      0000000180052320 f   VCU_CS75_12_16_Test_sfun_registry.obj
 0001:00051360       mdlDisable                 0000000180052360 f   VCU_CS75_12_16_Test_sfun_registry.obj
 0001:00051390       mdl_disable_processing     0000000180052390 f   VCU_CS75_12_16_Test_sfun_registry.obj
 0001:000513d0       mdlOutputs                 00000001800523d0 f   VCU_CS75_12_16_Test_sfun_registry.obj
 0001:00051400       mdl_outputs_processing     0000000180052400 f   VCU_CS75_12_16_Test_sfun_registry.obj
 0001:000514e0       mdl_outputs_continuous_legacy 00000001800524e0 f   VCU_CS75_12_16_Test_sfun_registry.obj
 0001:000515d0       mdlGetTimeOfNextVarHit     00000001800525d0 f   VCU_CS75_12_16_Test_sfun_registry.obj
 0001:00051620       _ProcessMexSfunctionCmdLineCall 0000000180052620 f   VCU_CS75_12_16_Test_sfun_registry.obj
 0001:00051d70       mdlSetWorkWidths           0000000180052d70 f   VCU_CS75_12_16_Test_sfun_registry.obj
 0001:00051da0       mdlProcessParameters       0000000180052da0 f   VCU_CS75_12_16_Test_sfun_registry.obj
 0001:00051dd0       mdlInitializeSizes         0000000180052dd0 f   VCU_CS75_12_16_Test_sfun_registry.obj
 0001:00051e00       mdlExtModeExec             0000000180052e00 f   VCU_CS75_12_16_Test_sfun_registry.obj
 0001:00051e30       mdl_ext_mode_exec_processing 0000000180052e30 f   VCU_CS75_12_16_Test_sfun_registry.obj
 0001:00051e70       mdlRTW                     0000000180052e70 f   VCU_CS75_12_16_Test_sfun_registry.obj
 0001:00051eb0       _CreateSimStruct           0000000180052eb0 f   VCU_CS75_12_16_Test_sfun_registry.obj
 0001:00052040       _RegNumInputPortsCB        0000000180053040 f   VCU_CS75_12_16_Test_sfun_registry.obj
 0001:000520c0       _RegNumOutputPortsCB       00000001800530c0 f   VCU_CS75_12_16_Test_sfun_registry.obj
 0001:00052618       pre_c_init                 0000000180053618 f   MSVCRT:crtdll.obj
 0001:000528d4       __DllMainCRTStartup        00000001800538d4 f   MSVCRT:crtdll.obj
 0001:00052f40       __DllMainCRTStartup$filt$0 0000000180053f40 f   MSVCRT:crtdll.obj
 0001:00052f70       __DllMainCRTStartup$fin$1  0000000180053f70 f   MSVCRT:crtdll.obj
 0001:00052f8a       _onexit$fin$0              0000000180053f8a f   MSVCRT:atonexit.obj
 0001:00052fb0       _IsNonwritableInCurrentImage$filt$0 0000000180053fb0 f   MSVCRT:pesect.obj
