 VCU_CS75_9_30_sfun

 Timestamp is 5ff5372f (Wed Jan 06 12:06:07 2021)

 Preferred load address is 0000000180000000

 Start         Length     Name                   Class
 0001:00000000 0004a134H .text                   CODE
 0001:0004a140 00000092H .text$x                 CODE
 0002:00000000 00000488H .idata$5                DATA
 0002:00000488 00000008H .CRT$XCA                DATA
 0002:00000490 00000008H .CRT$XCZ                DATA
 0002:00000498 00000008H .CRT$XIA                DATA
 0002:000004a0 00000008H .CRT$XIAA               DATA
 0002:000004a8 00000008H .CRT$XIZ                DATA
 0002:000004b0 00000884H .rdata                  DATA
 0002:00000d38 00000008H .rtc$IAA                DATA
 0002:00000d40 00000008H .rtc$IZZ                DATA
 0002:00000d48 00000008H .rtc$TAA                DATA
 0002:00000d50 00000008H .rtc$TZZ                DATA
 0002:00000d58 00001b60H .xdata                  DATA
 0002:000028b8 0000008cH .idata$2                DATA
 0002:00002944 00000014H .idata$3                DATA
 0002:00002958 00000488H .idata$4                DATA
 0002:00002de0 00000cc2H .idata$6                DATA
 0002:00003ab0 00000058H .edata                  DATA
 0003:00000000 0000a288H .data                   DATA
 0003:0000a290 00000748H .bss                    DATA
 0004:00000000 0000264cH .pdata                  DATA

  Address         Publics by Value              Rva+Base               Lib:Object

 0000:00000000       ___safe_se_handler_count   0000000000000000     <absolute>
 0000:00000000       ___safe_se_handler_table   0000000000000000     <absolute>
 0000:00000000       __ImageBase                0000000180000000     <linker-defined>
 0001:00000000       VCU_CS75_9_30_initializer  0000000180001000 f   VCU_CS75_9_30_sfun.obj
 0001:00000010       VCU_CS75_9_30_terminator   0000000180001010 f   VCU_CS75_9_30_sfun.obj
 0001:00000020       sf_VCU_CS75_9_30_method_dispatcher 0000000180001020 f   VCU_CS75_9_30_sfun.obj
 0001:00000310       sf_VCU_CS75_9_30_process_check_sum_call 0000000180001310 f   VCU_CS75_9_30_sfun.obj
 0001:000008d0       sf_VCU_CS75_9_30_autoinheritance_info 00000001800018d0 f   VCU_CS75_9_30_sfun.obj
 0001:00001010       sf_VCU_CS75_9_30_get_eml_resolved_functions_info 0000000180002010 f   VCU_CS75_9_30_sfun.obj
 0001:000015f0       sf_VCU_CS75_9_30_third_party_uses_info 00000001800025f0 f   VCU_CS75_9_30_sfun.obj
 0001:00001b00       sf_VCU_CS75_9_30_updateBuildInfo_args_info 0000000180002b00 f   VCU_CS75_9_30_sfun.obj
 0001:00002010       VCU_CS75_9_30_debug_initialize 0000000180003010 f   VCU_CS75_9_30_sfun.obj
 0001:00002090       VCU_CS75_9_30_register_exported_symbols 0000000180003090 f   VCU_CS75_9_30_sfun.obj
 0001:000020a0       load_VCU_CS75_9_30_optimization_info 00000001800030a0 f   VCU_CS75_9_30_sfun.obj
 0001:000020f0       unload_VCU_CS75_9_30_optimization_info 00000001800030f0 f   VCU_CS75_9_30_sfun.obj
 0001:00002120       sf_c1_VCU_CS75_9_30_get_eml_resolved_functions_info 0000000180003120 f   c1_VCU_CS75_9_30.obj
 0001:000021a0       sf_c1_VCU_CS75_9_30_get_check_sum 00000001800031a0 f   c1_VCU_CS75_9_30.obj
 0001:00002220       sf_c1_VCU_CS75_9_30_get_autoinheritance_info 0000000180003220 f   c1_VCU_CS75_9_30.obj
 0001:00002790       sf_c1_VCU_CS75_9_30_third_party_uses_info 0000000180003790 f   c1_VCU_CS75_9_30.obj
 0001:000027c0       sf_c1_VCU_CS75_9_30_updateBuildInfo_args_info 00000001800037c0 f   c1_VCU_CS75_9_30.obj
 0001:000027f0       sf_internal_get_sim_state_c1_VCU_CS75_9_30 00000001800037f0 f   c1_VCU_CS75_9_30.obj
 0001:00002b60       sf_internal_set_sim_state_c1_VCU_CS75_9_30 0000000180003b60 f   c1_VCU_CS75_9_30.obj
 0001:00002f50       c1_VCU_CS75_9_30_method_dispatcher 0000000180003f50 f   c1_VCU_CS75_9_30.obj
 0001:000050c0       sf_c2_VCU_CS75_9_30_get_eml_resolved_functions_info 00000001800060c0 f   c2_VCU_CS75_9_30.obj
 0001:00005140       sf_c2_VCU_CS75_9_30_get_check_sum 0000000180006140 f   c2_VCU_CS75_9_30.obj
 0001:000051c0       sf_c2_VCU_CS75_9_30_get_autoinheritance_info 00000001800061c0 f   c2_VCU_CS75_9_30.obj
 0001:00005b00       sf_c2_VCU_CS75_9_30_third_party_uses_info 0000000180006b00 f   c2_VCU_CS75_9_30.obj
 0001:00005b30       sf_c2_VCU_CS75_9_30_updateBuildInfo_args_info 0000000180006b30 f   c2_VCU_CS75_9_30.obj
 0001:00005b60       sf_internal_get_sim_state_c2_VCU_CS75_9_30 0000000180006b60 f   c2_VCU_CS75_9_30.obj
 0001:00005f90       sf_internal_set_sim_state_c2_VCU_CS75_9_30 0000000180006f90 f   c2_VCU_CS75_9_30.obj
 0001:000063c0       c2_VCU_CS75_9_30_method_dispatcher 00000001800073c0 f   c2_VCU_CS75_9_30.obj
 0001:00008a80       sf_c3_VCU_CS75_9_30_get_eml_resolved_functions_info 0000000180009a80 f   c3_VCU_CS75_9_30.obj
 0001:00008b00       sf_c3_VCU_CS75_9_30_get_check_sum 0000000180009b00 f   c3_VCU_CS75_9_30.obj
 0001:00008b80       sf_c3_VCU_CS75_9_30_get_autoinheritance_info 0000000180009b80 f   c3_VCU_CS75_9_30.obj
 0001:000094c0       sf_c3_VCU_CS75_9_30_third_party_uses_info 000000018000a4c0 f   c3_VCU_CS75_9_30.obj
 0001:000094f0       sf_c3_VCU_CS75_9_30_updateBuildInfo_args_info 000000018000a4f0 f   c3_VCU_CS75_9_30.obj
 0001:00009520       sf_internal_get_sim_state_c3_VCU_CS75_9_30 000000018000a520 f   c3_VCU_CS75_9_30.obj
 0001:00009950       sf_internal_set_sim_state_c3_VCU_CS75_9_30 000000018000a950 f   c3_VCU_CS75_9_30.obj
 0001:00009d80       c3_VCU_CS75_9_30_method_dispatcher 000000018000ad80 f   c3_VCU_CS75_9_30.obj
 0001:0000c440       sf_c4_VCU_CS75_9_30_get_eml_resolved_functions_info 000000018000d440 f   c4_VCU_CS75_9_30.obj
 0001:0000c4c0       sf_c4_VCU_CS75_9_30_get_check_sum 000000018000d4c0 f   c4_VCU_CS75_9_30.obj
 0001:0000c540       sf_c4_VCU_CS75_9_30_get_autoinheritance_info 000000018000d540 f   c4_VCU_CS75_9_30.obj
 0001:0000d100       sf_c4_VCU_CS75_9_30_third_party_uses_info 000000018000e100 f   c4_VCU_CS75_9_30.obj
 0001:0000d130       sf_c4_VCU_CS75_9_30_updateBuildInfo_args_info 000000018000e130 f   c4_VCU_CS75_9_30.obj
 0001:0000d160       sf_internal_get_sim_state_c4_VCU_CS75_9_30 000000018000e160 f   c4_VCU_CS75_9_30.obj
 0001:0000d600       sf_internal_set_sim_state_c4_VCU_CS75_9_30 000000018000e600 f   c4_VCU_CS75_9_30.obj
 0001:0000e290       c4_VCU_CS75_9_30_method_dispatcher 000000018000f290 f   c4_VCU_CS75_9_30.obj
 0001:000162f0       sf_c6_VCU_CS75_9_30_get_eml_resolved_functions_info 00000001800172f0 f   c6_VCU_CS75_9_30.obj
 0001:00016370       sf_c6_VCU_CS75_9_30_get_check_sum 0000000180017370 f   c6_VCU_CS75_9_30.obj
 0001:000163f0       sf_c6_VCU_CS75_9_30_get_autoinheritance_info 00000001800173f0 f   c6_VCU_CS75_9_30.obj
 0001:00016810       sf_c6_VCU_CS75_9_30_third_party_uses_info 0000000180017810 f   c6_VCU_CS75_9_30.obj
 0001:00016840       sf_c6_VCU_CS75_9_30_updateBuildInfo_args_info 0000000180017840 f   c6_VCU_CS75_9_30.obj
 0001:00016870       sf_internal_get_sim_state_c6_VCU_CS75_9_30 0000000180017870 f   c6_VCU_CS75_9_30.obj
 0001:00016bd0       sf_internal_set_sim_state_c6_VCU_CS75_9_30 0000000180017bd0 f   c6_VCU_CS75_9_30.obj
 0001:00016fc0       c6_VCU_CS75_9_30_method_dispatcher 0000000180017fc0 f   c6_VCU_CS75_9_30.obj
 0001:00018b30       sf_c7_VCU_CS75_9_30_get_eml_resolved_functions_info 0000000180019b30 f   c7_VCU_CS75_9_30.obj
 0001:00018bb0       sf_c7_VCU_CS75_9_30_get_check_sum 0000000180019bb0 f   c7_VCU_CS75_9_30.obj
 0001:00018c30       sf_c7_VCU_CS75_9_30_get_autoinheritance_info 0000000180019c30 f   c7_VCU_CS75_9_30.obj
 0001:00019050       sf_c7_VCU_CS75_9_30_third_party_uses_info 000000018001a050 f   c7_VCU_CS75_9_30.obj
 0001:00019080       sf_c7_VCU_CS75_9_30_updateBuildInfo_args_info 000000018001a080 f   c7_VCU_CS75_9_30.obj
 0001:000190b0       sf_internal_get_sim_state_c7_VCU_CS75_9_30 000000018001a0b0 f   c7_VCU_CS75_9_30.obj
 0001:00019410       sf_internal_set_sim_state_c7_VCU_CS75_9_30 000000018001a410 f   c7_VCU_CS75_9_30.obj
 0001:00019800       c7_VCU_CS75_9_30_method_dispatcher 000000018001a800 f   c7_VCU_CS75_9_30.obj
 0001:0001b370       sf_c8_VCU_CS75_9_30_get_eml_resolved_functions_info 000000018001c370 f   c8_VCU_CS75_9_30.obj
 0001:0001b3f0       sf_c8_VCU_CS75_9_30_get_check_sum 000000018001c3f0 f   c8_VCU_CS75_9_30.obj
 0001:0001b470       sf_c8_VCU_CS75_9_30_get_autoinheritance_info 000000018001c470 f   c8_VCU_CS75_9_30.obj
 0001:0001b9e0       sf_c8_VCU_CS75_9_30_third_party_uses_info 000000018001c9e0 f   c8_VCU_CS75_9_30.obj
 0001:0001ba10       sf_c8_VCU_CS75_9_30_updateBuildInfo_args_info 000000018001ca10 f   c8_VCU_CS75_9_30.obj
 0001:0001ba40       sf_internal_get_sim_state_c8_VCU_CS75_9_30 000000018001ca40 f   c8_VCU_CS75_9_30.obj
 0001:0001bda0       sf_internal_set_sim_state_c8_VCU_CS75_9_30 000000018001cda0 f   c8_VCU_CS75_9_30.obj
 0001:0001c190       c8_VCU_CS75_9_30_method_dispatcher 000000018001d190 f   c8_VCU_CS75_9_30.obj
 0001:0001e210       sf_c9_VCU_CS75_9_30_get_eml_resolved_functions_info 000000018001f210 f   c9_VCU_CS75_9_30.obj
 0001:0001e290       sf_c9_VCU_CS75_9_30_get_check_sum 000000018001f290 f   c9_VCU_CS75_9_30.obj
 0001:0001e310       sf_c9_VCU_CS75_9_30_get_autoinheritance_info 000000018001f310 f   c9_VCU_CS75_9_30.obj
 0001:0001e880       sf_c9_VCU_CS75_9_30_third_party_uses_info 000000018001f880 f   c9_VCU_CS75_9_30.obj
 0001:0001e8b0       sf_c9_VCU_CS75_9_30_updateBuildInfo_args_info 000000018001f8b0 f   c9_VCU_CS75_9_30.obj
 0001:0001e8e0       sf_internal_get_sim_state_c9_VCU_CS75_9_30 000000018001f8e0 f   c9_VCU_CS75_9_30.obj
 0001:0001ec50       sf_internal_set_sim_state_c9_VCU_CS75_9_30 000000018001fc50 f   c9_VCU_CS75_9_30.obj
 0001:0001f040       c9_VCU_CS75_9_30_method_dispatcher 0000000180020040 f   c9_VCU_CS75_9_30.obj
 0001:000210a0       sf_c10_VCU_CS75_9_30_get_eml_resolved_functions_info 00000001800220a0 f   c10_VCU_CS75_9_30.obj
 0001:00021120       sf_c10_VCU_CS75_9_30_get_check_sum 0000000180022120 f   c10_VCU_CS75_9_30.obj
 0001:000211a0       sf_c10_VCU_CS75_9_30_get_autoinheritance_info 00000001800221a0 f   c10_VCU_CS75_9_30.obj
 0001:00021710       sf_c10_VCU_CS75_9_30_third_party_uses_info 0000000180022710 f   c10_VCU_CS75_9_30.obj
 0001:00021740       sf_c10_VCU_CS75_9_30_updateBuildInfo_args_info 0000000180022740 f   c10_VCU_CS75_9_30.obj
 0001:00021770       sf_internal_get_sim_state_c10_VCU_CS75_9_30 0000000180022770 f   c10_VCU_CS75_9_30.obj
 0001:00021ad0       sf_internal_set_sim_state_c10_VCU_CS75_9_30 0000000180022ad0 f   c10_VCU_CS75_9_30.obj
 0001:00021ec0       c10_VCU_CS75_9_30_method_dispatcher 0000000180022ec0 f   c10_VCU_CS75_9_30.obj
 0001:00023f20       sf_c11_VCU_CS75_9_30_get_eml_resolved_functions_info 0000000180024f20 f   c11_VCU_CS75_9_30.obj
 0001:00023fa0       sf_c11_VCU_CS75_9_30_get_check_sum 0000000180024fa0 f   c11_VCU_CS75_9_30.obj
 0001:00024020       sf_c11_VCU_CS75_9_30_get_autoinheritance_info 0000000180025020 f   c11_VCU_CS75_9_30.obj
 0001:00024590       sf_c11_VCU_CS75_9_30_third_party_uses_info 0000000180025590 f   c11_VCU_CS75_9_30.obj
 0001:000245c0       sf_c11_VCU_CS75_9_30_updateBuildInfo_args_info 00000001800255c0 f   c11_VCU_CS75_9_30.obj
 0001:000245f0       sf_internal_get_sim_state_c11_VCU_CS75_9_30 00000001800255f0 f   c11_VCU_CS75_9_30.obj
 0001:00024960       sf_internal_set_sim_state_c11_VCU_CS75_9_30 0000000180025960 f   c11_VCU_CS75_9_30.obj
 0001:00024d50       c11_VCU_CS75_9_30_method_dispatcher 0000000180025d50 f   c11_VCU_CS75_9_30.obj
 0001:00026de0       sf_c12_VCU_CS75_9_30_get_eml_resolved_functions_info 0000000180027de0 f   c12_VCU_CS75_9_30.obj
 0001:00026e60       sf_c12_VCU_CS75_9_30_get_check_sum 0000000180027e60 f   c12_VCU_CS75_9_30.obj
 0001:00026ee0       sf_c12_VCU_CS75_9_30_get_autoinheritance_info 0000000180027ee0 f   c12_VCU_CS75_9_30.obj
 0001:00027300       sf_c12_VCU_CS75_9_30_third_party_uses_info 0000000180028300 f   c12_VCU_CS75_9_30.obj
 0001:00027330       sf_c12_VCU_CS75_9_30_updateBuildInfo_args_info 0000000180028330 f   c12_VCU_CS75_9_30.obj
 0001:00027360       sf_internal_get_sim_state_c12_VCU_CS75_9_30 0000000180028360 f   c12_VCU_CS75_9_30.obj
 0001:000276c0       sf_internal_set_sim_state_c12_VCU_CS75_9_30 00000001800286c0 f   c12_VCU_CS75_9_30.obj
 0001:00027ab0       c12_VCU_CS75_9_30_method_dispatcher 0000000180028ab0 f   c12_VCU_CS75_9_30.obj
 0001:00029620       sf_c13_VCU_CS75_9_30_get_eml_resolved_functions_info 000000018002a620 f   c13_VCU_CS75_9_30.obj
 0001:000296a0       sf_c13_VCU_CS75_9_30_get_check_sum 000000018002a6a0 f   c13_VCU_CS75_9_30.obj
 0001:00029720       sf_c13_VCU_CS75_9_30_get_autoinheritance_info 000000018002a720 f   c13_VCU_CS75_9_30.obj
 0001:00029c90       sf_c13_VCU_CS75_9_30_third_party_uses_info 000000018002ac90 f   c13_VCU_CS75_9_30.obj
 0001:00029cc0       sf_c13_VCU_CS75_9_30_updateBuildInfo_args_info 000000018002acc0 f   c13_VCU_CS75_9_30.obj
 0001:00029cf0       sf_internal_get_sim_state_c13_VCU_CS75_9_30 000000018002acf0 f   c13_VCU_CS75_9_30.obj
 0001:0002a120       sf_internal_set_sim_state_c13_VCU_CS75_9_30 000000018002b120 f   c13_VCU_CS75_9_30.obj
 0001:0002a550       c13_VCU_CS75_9_30_method_dispatcher 000000018002b550 f   c13_VCU_CS75_9_30.obj
 0001:0002c3c0       sf_c14_VCU_CS75_9_30_get_eml_resolved_functions_info 000000018002d3c0 f   c14_VCU_CS75_9_30.obj
 0001:0002cc00       sf_c14_VCU_CS75_9_30_get_check_sum 000000018002dc00 f   c14_VCU_CS75_9_30.obj
 0001:0002cc80       sf_c14_VCU_CS75_9_30_get_autoinheritance_info 000000018002dc80 f   c14_VCU_CS75_9_30.obj
 0001:0002d1f0       sf_c14_VCU_CS75_9_30_third_party_uses_info 000000018002e1f0 f   c14_VCU_CS75_9_30.obj
 0001:0002d220       sf_c14_VCU_CS75_9_30_updateBuildInfo_args_info 000000018002e220 f   c14_VCU_CS75_9_30.obj
 0001:0002d250       sf_internal_get_sim_state_c14_VCU_CS75_9_30 000000018002e250 f   c14_VCU_CS75_9_30.obj
 0001:0002d5b0       sf_internal_set_sim_state_c14_VCU_CS75_9_30 000000018002e5b0 f   c14_VCU_CS75_9_30.obj
 0001:0002d9a0       c14_VCU_CS75_9_30_method_dispatcher 000000018002e9a0 f   c14_VCU_CS75_9_30.obj
 0001:0002f7a0       sf_c17_VCU_CS75_9_30_get_eml_resolved_functions_info 00000001800307a0 f   c17_VCU_CS75_9_30.obj
 0001:0002f820       sf_c17_VCU_CS75_9_30_get_check_sum 0000000180030820 f   c17_VCU_CS75_9_30.obj
 0001:0002f8a0       sf_c17_VCU_CS75_9_30_get_autoinheritance_info 00000001800308a0 f   c17_VCU_CS75_9_30.obj
 0001:0002fcc0       sf_c17_VCU_CS75_9_30_third_party_uses_info 0000000180030cc0 f   c17_VCU_CS75_9_30.obj
 0001:0002fcf0       sf_c17_VCU_CS75_9_30_updateBuildInfo_args_info 0000000180030cf0 f   c17_VCU_CS75_9_30.obj
 0001:0002fd20       sf_internal_get_sim_state_c17_VCU_CS75_9_30 0000000180030d20 f   c17_VCU_CS75_9_30.obj
 0001:00030080       sf_internal_set_sim_state_c17_VCU_CS75_9_30 0000000180031080 f   c17_VCU_CS75_9_30.obj
 0001:00030470       c17_VCU_CS75_9_30_method_dispatcher 0000000180031470 f   c17_VCU_CS75_9_30.obj
 0001:00031ff0       sf_c18_VCU_CS75_9_30_get_eml_resolved_functions_info 0000000180032ff0 f   c18_VCU_CS75_9_30.obj
 0001:00032070       sf_c18_VCU_CS75_9_30_get_check_sum 0000000180033070 f   c18_VCU_CS75_9_30.obj
 0001:000320f0       sf_c18_VCU_CS75_9_30_get_autoinheritance_info 00000001800330f0 f   c18_VCU_CS75_9_30.obj
 0001:00032510       sf_c18_VCU_CS75_9_30_third_party_uses_info 0000000180033510 f   c18_VCU_CS75_9_30.obj
 0001:00032540       sf_c18_VCU_CS75_9_30_updateBuildInfo_args_info 0000000180033540 f   c18_VCU_CS75_9_30.obj
 0001:00032570       sf_internal_get_sim_state_c18_VCU_CS75_9_30 0000000180033570 f   c18_VCU_CS75_9_30.obj
 0001:000328d0       sf_internal_set_sim_state_c18_VCU_CS75_9_30 00000001800338d0 f   c18_VCU_CS75_9_30.obj
 0001:00032cc0       c18_VCU_CS75_9_30_method_dispatcher 0000000180033cc0 f   c18_VCU_CS75_9_30.obj
 0001:00034830       sf_c19_VCU_CS75_9_30_get_eml_resolved_functions_info 0000000180035830 f   c19_VCU_CS75_9_30.obj
 0001:000348b0       sf_c19_VCU_CS75_9_30_get_check_sum 00000001800358b0 f   c19_VCU_CS75_9_30.obj
 0001:00034930       sf_c19_VCU_CS75_9_30_get_autoinheritance_info 0000000180035930 f   c19_VCU_CS75_9_30.obj
 0001:00034d50       sf_c19_VCU_CS75_9_30_third_party_uses_info 0000000180035d50 f   c19_VCU_CS75_9_30.obj
 0001:00034d80       sf_c19_VCU_CS75_9_30_updateBuildInfo_args_info 0000000180035d80 f   c19_VCU_CS75_9_30.obj
 0001:00034db0       sf_internal_get_sim_state_c19_VCU_CS75_9_30 0000000180035db0 f   c19_VCU_CS75_9_30.obj
 0001:00035110       sf_internal_set_sim_state_c19_VCU_CS75_9_30 0000000180036110 f   c19_VCU_CS75_9_30.obj
 0001:00035500       c19_VCU_CS75_9_30_method_dispatcher 0000000180036500 f   c19_VCU_CS75_9_30.obj
 0001:00037080       sf_c26_VCU_CS75_9_30_get_eml_resolved_functions_info 0000000180038080 f   c26_VCU_CS75_9_30.obj
 0001:00037100       sf_c26_VCU_CS75_9_30_get_check_sum 0000000180038100 f   c26_VCU_CS75_9_30.obj
 0001:00037180       sf_c26_VCU_CS75_9_30_get_autoinheritance_info 0000000180038180 f   c26_VCU_CS75_9_30.obj
 0001:000376f0       sf_c26_VCU_CS75_9_30_third_party_uses_info 00000001800386f0 f   c26_VCU_CS75_9_30.obj
 0001:00037720       sf_c26_VCU_CS75_9_30_updateBuildInfo_args_info 0000000180038720 f   c26_VCU_CS75_9_30.obj
 0001:00037750       sf_internal_get_sim_state_c26_VCU_CS75_9_30 0000000180038750 f   c26_VCU_CS75_9_30.obj
 0001:00037ab0       sf_internal_set_sim_state_c26_VCU_CS75_9_30 0000000180038ab0 f   c26_VCU_CS75_9_30.obj
 0001:00037ea0       c26_VCU_CS75_9_30_method_dispatcher 0000000180038ea0 f   c26_VCU_CS75_9_30.obj
 0001:00039f30       sf_c27_VCU_CS75_9_30_get_eml_resolved_functions_info 000000018003af30 f   c27_VCU_CS75_9_30.obj
 0001:0003b170       sf_c27_VCU_CS75_9_30_get_check_sum 000000018003c170 f   c27_VCU_CS75_9_30.obj
 0001:0003b1f0       sf_c27_VCU_CS75_9_30_get_autoinheritance_info 000000018003c1f0 f   c27_VCU_CS75_9_30.obj
 0001:0003b610       sf_c27_VCU_CS75_9_30_third_party_uses_info 000000018003c610 f   c27_VCU_CS75_9_30.obj
 0001:0003b640       sf_c27_VCU_CS75_9_30_updateBuildInfo_args_info 000000018003c640 f   c27_VCU_CS75_9_30.obj
 0001:0003b670       sf_internal_get_sim_state_c27_VCU_CS75_9_30 000000018003c670 f   c27_VCU_CS75_9_30.obj
 0001:0003b9e0       sf_internal_set_sim_state_c27_VCU_CS75_9_30 000000018003c9e0 f   c27_VCU_CS75_9_30.obj
 0001:0003bdd0       c27_VCU_CS75_9_30_method_dispatcher 000000018003cdd0 f   c27_VCU_CS75_9_30.obj
 0001:0003d9a0       sf_c28_VCU_CS75_9_30_get_eml_resolved_functions_info 000000018003e9a0 f   c28_VCU_CS75_9_30.obj
 0001:0003da20       sf_c28_VCU_CS75_9_30_get_check_sum 000000018003ea20 f   c28_VCU_CS75_9_30.obj
 0001:0003daa0       sf_c28_VCU_CS75_9_30_get_autoinheritance_info 000000018003eaa0 f   c28_VCU_CS75_9_30.obj
 0001:0003e010       sf_c28_VCU_CS75_9_30_third_party_uses_info 000000018003f010 f   c28_VCU_CS75_9_30.obj
 0001:0003e040       sf_c28_VCU_CS75_9_30_updateBuildInfo_args_info 000000018003f040 f   c28_VCU_CS75_9_30.obj
 0001:0003e070       sf_internal_get_sim_state_c28_VCU_CS75_9_30 000000018003f070 f   c28_VCU_CS75_9_30.obj
 0001:0003e3e0       sf_internal_set_sim_state_c28_VCU_CS75_9_30 000000018003f3e0 f   c28_VCU_CS75_9_30.obj
 0001:0003e7d0       c28_VCU_CS75_9_30_method_dispatcher 000000018003f7d0 f   c28_VCU_CS75_9_30.obj
 0001:00040790       sf_c29_VCU_CS75_9_30_get_eml_resolved_functions_info 0000000180041790 f   c29_VCU_CS75_9_30.obj
 0001:00040810       sf_c29_VCU_CS75_9_30_get_check_sum 0000000180041810 f   c29_VCU_CS75_9_30.obj
 0001:00040890       sf_c29_VCU_CS75_9_30_get_autoinheritance_info 0000000180041890 f   c29_VCU_CS75_9_30.obj
 0001:00040cb0       sf_c29_VCU_CS75_9_30_third_party_uses_info 0000000180041cb0 f   c29_VCU_CS75_9_30.obj
 0001:00040ce0       sf_c29_VCU_CS75_9_30_updateBuildInfo_args_info 0000000180041ce0 f   c29_VCU_CS75_9_30.obj
 0001:00040d10       sf_internal_get_sim_state_c29_VCU_CS75_9_30 0000000180041d10 f   c29_VCU_CS75_9_30.obj
 0001:00041070       sf_internal_set_sim_state_c29_VCU_CS75_9_30 0000000180042070 f   c29_VCU_CS75_9_30.obj
 0001:00041460       c29_VCU_CS75_9_30_method_dispatcher 0000000180042460 f   c29_VCU_CS75_9_30.obj
 0001:00042fe0       sf_process_check_sum_call  0000000180043fe0 f   VCU_CS75_9_30_sfun_registry.obj
 0001:00043030       sf_process_autoinheritance_call 0000000180044030 f   VCU_CS75_9_30_sfun_registry.obj
 0001:000431d0       sf_process_get_third_party_uses_info_call 00000001800441d0 f   VCU_CS75_9_30_sfun_registry.obj
 0001:00043370       sf_process_get_updateBuildInfo_args_info_call 0000000180044370 f   VCU_CS75_9_30_sfun_registry.obj
 0001:00043510       sf_process_get_eml_resolved_functions_info_call 0000000180044510 f   VCU_CS75_9_30_sfun_registry.obj
 0001:00043690       sf_mex_unlock_call         0000000180044690 f   VCU_CS75_9_30_sfun_registry.obj
 0001:00043740       sf_machine_global_initializer_called 0000000180044740 f   VCU_CS75_9_30_sfun_registry.obj
 0001:00043770       sf_machine_global_method_dispatcher 0000000180044770 f   VCU_CS75_9_30_sfun_registry.obj
 0001:000437d0       sf_machine_global_terminator 00000001800447d0 f   VCU_CS75_9_30_sfun_registry.obj
 0001:00043820       sf_register_machine_exported_symbols 0000000180044820 f   VCU_CS75_9_30_sfun_registry.obj
 0001:00043840       callCustomFcn              0000000180044840 f   VCU_CS75_9_30_sfun_registry.obj
 0001:00043850       sf_machine_global_initializer 0000000180044850 f   VCU_CS75_9_30_sfun_registry.obj
 0001:000438d0       mdlGetSimState             00000001800448d0 f   VCU_CS75_9_30_sfun_registry.obj
 0001:00043950       mdlSetSimState             0000000180044950 f   VCU_CS75_9_30_sfun_registry.obj
 0001:00043990       _ssSetStateAbsTol          0000000180044990 f   VCU_CS75_9_30_sfun_registry.obj
 0001:00043a70       _ssGetAbsTol               0000000180044a70 f   VCU_CS75_9_30_sfun_registry.obj
 0001:00043ae0       _ssSetInputPortMatrixDimensions 0000000180044ae0 f   VCU_CS75_9_30_sfun_registry.obj
 0001:00043bf0       _ssSetOutputPortMatrixDimensions 0000000180044bf0 f   VCU_CS75_9_30_sfun_registry.obj
 0001:00043d00       _ssSetInputPortVectorDimension 0000000180044d00 f   VCU_CS75_9_30_sfun_registry.obj
 0001:00043dd0       _ssSetOutputPortVectorDimension 0000000180044dd0 f   VCU_CS75_9_30_sfun_registry.obj
 0001:00043ea0       ssIsRunTimeParamTunable    0000000180044ea0 f   VCU_CS75_9_30_sfun_registry.obj
 0001:00043f10       ssGetSFuncBlockHandle      0000000180044f10 f   VCU_CS75_9_30_sfun_registry.obj
 0001:00043f80       _ssGetCurrentInputPortWidth 0000000180044f80 f   VCU_CS75_9_30_sfun_registry.obj
 0001:000440a0       _ssGetCurrentOutputPortWidth 00000001800450a0 f   VCU_CS75_9_30_sfun_registry.obj
 0001:000441c0       _ssGetCallSystemNumFcnCallDestinations 00000001800451c0 f   VCU_CS75_9_30_sfun_registry.obj
 0001:00044230       ssWarning                  0000000180045230 f   VCU_CS75_9_30_sfun_registry.obj
 0001:00044340       ssGetIsZeroCrossControlDisabled 0000000180045340 f   VCU_CS75_9_30_sfun_registry.obj
 0001:000443b0       ssSetIsInputPortUsedForContZcSignal 00000001800453b0 f   VCU_CS75_9_30_sfun_registry.obj
 0001:00044420       ssSetZcSignalIsZcElementDisc 0000000180045420 f   VCU_CS75_9_30_sfun_registry.obj
 0001:000444d0       ssSetZcSignalName          00000001800454d0 f   VCU_CS75_9_30_sfun_registry.obj
 0001:00044540       ssSetZcSignalWidth         0000000180045540 f   VCU_CS75_9_30_sfun_registry.obj
 0001:000445b0       ssSetZcSignalZcEventType   00000001800455b0 f   VCU_CS75_9_30_sfun_registry.obj
 0001:00044620       ssSetZcSignalType          0000000180045620 f   VCU_CS75_9_30_sfun_registry.obj
 0001:00044690       ssSetZcSignalZcTol         0000000180045690 f   VCU_CS75_9_30_sfun_registry.obj
 0001:00044700       ssSetZcSignalNeedsEventNotification 0000000180045700 f   VCU_CS75_9_30_sfun_registry.obj
 0001:00044770       ssCreateAndAddZcSignalInfo 0000000180045770 f   VCU_CS75_9_30_sfun_registry.obj
 0001:000447e0       ssCloneAndAddZcSignalInfo  00000001800457e0 f   VCU_CS75_9_30_sfun_registry.obj
 0001:00044850       ssGetNumZcSignals          0000000180045850 f   VCU_CS75_9_30_sfun_registry.obj
 0001:000448c0       ssGetZcSignalVector        00000001800458c0 f   VCU_CS75_9_30_sfun_registry.obj
 0001:00044930       ssGetZcSignalZcEvents      0000000180045930 f   VCU_CS75_9_30_sfun_registry.obj
 0001:000449a0       ssGetZcSignalName          00000001800459a0 f   VCU_CS75_9_30_sfun_registry.obj
 0001:00044a10       ssGetZcSignalWidth         0000000180045a10 f   VCU_CS75_9_30_sfun_registry.obj
 0001:00044a80       ssGetZcSignalZcEventType   0000000180045a80 f   VCU_CS75_9_30_sfun_registry.obj
 0001:00044af0       ssGetZcSignalType          0000000180045af0 f   VCU_CS75_9_30_sfun_registry.obj
 0001:00044b60       ssGetZcSignalZcTol         0000000180045b60 f   VCU_CS75_9_30_sfun_registry.obj
 0001:00044be0       ssGetZcSignalNeedsEventNotification 0000000180045be0 f   VCU_CS75_9_30_sfun_registry.obj
 0001:00044c50       ssGetZcSignalIsZcElementDisc 0000000180045c50 f   VCU_CS75_9_30_sfun_registry.obj
 0001:00044cf0       ssGetIsInputPortElementContinuous 0000000180045cf0 f   VCU_CS75_9_30_sfun_registry.obj
 0001:00044d90       _ssGetInputPortSignalPtrsFcn 0000000180045d90 f   VCU_CS75_9_30_sfun_registry.obj
 0001:00045050       _ssGetInputPortSignalFcn   0000000180046050 f   VCU_CS75_9_30_sfun_registry.obj
 0001:00045270       _ssSetInputPortDirectFeedThroughFcn 0000000180046270 f   VCU_CS75_9_30_sfun_registry.obj
 0001:000453d0       _ssSetInputPortReusableFcn 00000001800463d0 f   VCU_CS75_9_30_sfun_registry.obj
 0001:000454c0       _ssSetOutputPortReusableFcn 00000001800464c0 f   VCU_CS75_9_30_sfun_registry.obj
 0001:000455a0       ssGetDTypeIdFromMxArray    00000001800465a0 f   VCU_CS75_9_30_sfun_registry.obj
 0001:000456c0       ssWriteRTWStr              00000001800466c0 f   VCU_CS75_9_30_sfun_registry.obj
 0001:00045720       ssWriteRTWMxVectParam      0000000180046720 f   VCU_CS75_9_30_sfun_registry.obj
 0001:00045780       ssWriteRTWMx2dMatParam     0000000180046780 f   VCU_CS75_9_30_sfun_registry.obj
 0001:00045800       ssWriteRTWNameValuePair    0000000180046800 f   VCU_CS75_9_30_sfun_registry.obj
 0001:00045cf0       ssWriteRTWParameters       0000000180046cf0 f   VCU_CS75_9_30_sfun_registry.obj
 0001:000462f0       ssWriteRTWParamSettings    00000001800472f0 f   VCU_CS75_9_30_sfun_registry.obj
 0001:000469c0       ssWriteRTWWorkVect         00000001800479c0 f   VCU_CS75_9_30_sfun_registry.obj
 0001:00046ec0       mexFunction                0000000180047ec0 f   VCU_CS75_9_30_sfun_registry.obj
 0001:00049340       ProcessMexSfunctionEveryCall 000000018004a340 f   VCU_CS75_9_30_sfun_registry.obj
 0001:000494c2       sf_debug_set_machine_data_thresholds 000000018004a4c2 f   sf_runtime:sf_runtime.dll
 0001:000494c8       sf_debug_set_machine_event_thresholds 000000018004a4c8 f   sf_runtime:sf_runtime.dll
 0001:000494ce       sf_debug_initialize_machine 000000018004a4ce f   sf_runtime:sf_runtime.dll
 0001:000494d4       sf_load_rtw_optimization_info 000000018004a4d4 f   sf_runtime:sf_runtime.dll
 0001:000494da       sf_mex_assign              000000018004a4da f   sf_runtime:sf_runtime.dll
 0001:000494e0       sf_mex_create              000000018004a4e0 f   sf_runtime:sf_runtime.dll
 0001:000494e6       sf_mex_error_message       000000018004a4e6 f   sf_runtime:sf_runtime.dll
 0001:000494ec       sf_mex_call_matlab         000000018004a4ec f   sf_runtime:sf_runtime.dll
 0001:000494f2       sf_mex_setcell             000000018004a4f2 f   sf_runtime:sf_runtime.dll
 0001:000494f8       sf_mex_createcellmatrix    000000018004a4f8 f   sf_runtime:sf_runtime.dll
 0001:000494fe       sf_mex_decode_encoded_mx_struct_array 000000018004a4fe f   sf_runtime:sf_runtime.dll
 0001:00049504       sf_mex_destroy             000000018004a504 f   sf_runtime:sf_runtime.dll
 0001:0004950a       sf_mex_getcell             000000018004a50a f   sf_runtime:sf_runtime.dll
 0001:00049510       sf_mex_dup                 000000018004a510 f   sf_runtime:sf_runtime.dll
 0001:00049516       sf_mex_import              000000018004a516 f   sf_runtime:sf_runtime.dll
 0001:0004951c       sf_set_rtw_dwork_info      000000018004a51c f   sf_runtime:sf_runtime.dll
 0001:00049522       sf_mark_chart_reusable_outputs 000000018004a522 f   sf_runtime:sf_runtime.dll
 0001:00049528       sf_mark_chart_expressionable_inputs 000000018004a528 f   sf_runtime:sf_runtime.dll
 0001:0004952e       sf_update_buildInfo        000000018004a52e f   sf_runtime:sf_runtime.dll
 0001:00049534       sf_rtw_info_uint_prop      000000018004a534 f   sf_runtime:sf_runtime.dll
 0001:0004953a       sf_is_chart_inlinable      000000018004a53a f   sf_runtime:sf_runtime.dll
 0001:00049540       sim_mode_is_external       000000018004a540 f   sf_runtime:sf_runtime.dll
 0001:00049546       sim_mode_is_rtw_gen        000000018004a546 f   sf_runtime:sf_runtime.dll
 0001:0004954c       sf_debug_reset_current_state_configuration 000000018004a54c f   sf_runtime:sf_runtime.dll
 0001:00049552       sf_debug_set_instance_data_value_ptr 000000018004a552 f   sf_runtime:sf_runtime.dll
 0001:00049558       sf_debug_set_chart_data_compiled_props 000000018004a558 f   sf_runtime:sf_runtime.dll
 0001:0004955e       cv_eml_init_mcdc           000000018004a55e f   sf_runtime:sf_runtime.dll
 0001:00049564       cv_eml_init_if             000000018004a564 f   sf_runtime:sf_runtime.dll
 0001:0004956a       cv_eml_init_fcn            000000018004a56a f   sf_runtime:sf_runtime.dll
 0001:00049570       cv_eml_init_script         000000018004a570 f   sf_runtime:sf_runtime.dll
 0001:00049576       sf_debug_cv_init_trans     000000018004a576 f   sf_runtime:sf_runtime.dll
 0001:0004957c       sf_debug_cv_init_state     000000018004a57c f   sf_runtime:sf_runtime.dll
 0001:00049582       sf_debug_cv_init_chart     000000018004a582 f   sf_runtime:sf_runtime.dll
 0001:00049588       sf_debug_set_chart_decomposition 000000018004a588 f   sf_runtime:sf_runtime.dll
 0001:0004958e       sf_debug_set_chart_substate_count 000000018004a58e f   sf_runtime:sf_runtime.dll
 0001:00049594       sf_debug_set_chart_state_info 000000018004a594 f   sf_runtime:sf_runtime.dll
 0001:0004959a       sf_debug_set_chart_data_props 000000018004a59a f   sf_runtime:sf_runtime.dll
 0001:000495a0       sf_debug_set_chart_event_thresholds 000000018004a5a0 f   sf_runtime:sf_runtime.dll
 0001:000495a6       sf_debug_set_chart_disable_implicit_casting 000000018004a5a6 f   sf_runtime:sf_runtime.dll
 0001:000495ac       sf_debug_initialize_chart  000000018004a5ac f   sf_runtime:sf_runtime.dll
 0001:000495b2       sf_get_time                000000018004a5b2 f   sf_runtime:sf_runtime.dll
 0001:000495b8       sf_debug_check_for_state_inconsistency 000000018004a5b8 f   sf_runtime:sf_runtime.dll
 0001:000495be       sf_debug_symbol_scope_pop  000000018004a5be f   sf_runtime:sf_runtime.dll
 0001:000495c4       eml_debug_line_call        000000018004a5c4 f   sf_runtime:sf_runtime.dll
 0001:000495ca       cv_eml_eval                000000018004a5ca f   sf_runtime:sf_runtime.dll
 0001:000495d0       sf_debug_symbol_scope_add_eml 000000018004a5d0 f   sf_runtime:sf_runtime.dll
 0001:000495d6       sf_debug_symbol_scope_add_eml_importable 000000018004a5d6 f   sf_runtime:sf_runtime.dll
 0001:000495dc       sf_debug_symbol_scope_push_eml 000000018004a5dc f   sf_runtime:sf_runtime.dll
 0001:000495e2       sf_debug_data_range_wrapper 000000018004a5e2 f   sf_runtime:sf_runtime.dll
 0001:000495e8       sf_debug_call              000000018004a5e8 f   sf_runtime:sf_runtime.dll
 0001:000495ee       sf_debug_symbol_scope_push 000000018004a5ee f   sf_runtime:sf_runtime.dll
 0001:000495f4       sf_clear_rtw_identifier    000000018004a5f4 f   sf_runtime:sf_runtime.dll
 0001:000495fa       sf_debug_animate           000000018004a5fa f   sf_runtime:sf_runtime.dll
 0001:00049600       sf_debug_set_honor_breakpoints 000000018004a600 f   sf_runtime:sf_runtime.dll
 0001:00049606       sf_debug_set_animation     000000018004a606 f   sf_runtime:sf_runtime.dll
 0001:0004960c       sf_debug_get_animation     000000018004a60c f   sf_runtime:sf_runtime.dll
 0001:00049612       sf_mex_duplicatearraysafe  000000018004a612 f   sf_runtime:sf_runtime.dll
 0001:00049618       sf_debug_set_chart_state_substate_index 000000018004a618 f   sf_runtime:sf_runtime.dll
 0001:0004961e       sf_debug_set_chart_state_substate_count 000000018004a61e f   sf_runtime:sf_runtime.dll
 0001:00049624       sf_debug_set_chart_substate_index 000000018004a624 f   sf_runtime:sf_runtime.dll
 0001:0004962a       cv_eval_point              000000018004a62a f   sf_runtime:sf_runtime.dll
 0001:00049630       sf_debug_eml_data_array_bounds_error_check 000000018004a630 f   sf_runtime:sf_runtime.dll
 0001:00049636       sf_mex_emlrtNameCapturePostProcessR2012a 000000018004a636 f   sf_runtime:sf_runtime.dll
 0001:0004963c       sf_mex_createstruct        000000018004a63c f   sf_runtime:sf_runtime.dll
 0001:00049642       sf_mex_addfield            000000018004a642 f   sf_runtime:sf_runtime.dll
 0001:00049648       sf_debug_terminate         000000018004a648 f   sf_runtime:sf_runtime.dll
 0001:0004964e       sf_debug_create_debug_instance_struct 000000018004a64e f   sf_runtime:sf_runtime.dll
 0001:00049654       sf_debug_api               000000018004a654 f   sf_runtime:sf_runtime.dll
 0001:0004965a       callMdlMethodAndReportError 000000018004a65a f   sf_runtime:sf_runtime.dll
 0001:00049660       call_sf_machine_global_method_dispatcher 000000018004a660 f   sf_runtime:sf_runtime.dll
 0001:00049666       sf_clear_error_manager_info 000000018004a666 f   sf_runtime:sf_runtime.dll
 0001:0004966c       sf_mex_error_direct_call   000000018004a66c f   sf_runtime:sf_runtime.dll
 0001:00049672       mxGetScalar                000000018004a672 f   libmx:libmx.dll
 0001:00049678       mxGetPr                    000000018004a678 f   libmx:libmx.dll
 0001:0004967e       mxCreateDoubleMatrix_730   000000018004a67e f   libmx:libmx.dll
 0001:00049684       mxGetString_730            000000018004a684 f   libmx:libmx.dll
 0001:0004968a       mxIsChar                   000000018004a68a f   libmx:libmx.dll
 0001:00049690       mxDestroyArray             000000018004a690 f   libmx:libmx.dll
 0001:00049696       mxDuplicateArray           000000018004a696 f   libmx:libmx.dll
 0001:0004969c       mxCreateDoubleScalar       000000018004a69c f   libmx:libmx.dll
 0001:000496a2       mxSetField_730             000000018004a6a2 f   libmx:libmx.dll
 0001:000496a8       mxCreateString             000000018004a6a8 f   libmx:libmx.dll
 0001:000496ae       mxCreateStructMatrix_730   000000018004a6ae f   libmx:libmx.dll
 0001:000496b4       mxCreateCellMatrix_730     000000018004a6b4 f   libmx:libmx.dll
 0001:000496ba       mxGetClassID               000000018004a6ba f   libmx:libmx.dll
 0001:000496c0       mxIsNumeric                000000018004a6c0 f   libmx:libmx.dll
 0001:000496c6       mxIsComplex                000000018004a6c6 f   libmx:libmx.dll
 0001:000496cc       mxGetN                     000000018004a6cc f   libmx:libmx.dll
 0001:000496d2       mxGetM                     000000018004a6d2 f   libmx:libmx.dll
 0001:000496d8       mxCalloc                   000000018004a6d8 f   libmx:libmx.dll
 0001:000496de       mexMakeArrayPersistent     000000018004a6de f   libmex:libmex.dll
 0001:000496e4       mexUnlock                  000000018004a6e4 f   libmex:libmex.dll
 0001:000496ea       mexIsLocked                000000018004a6ea f   libmex:libmex.dll
 0001:000496f0       mexWarnMsgTxt              000000018004a6f0 f   libmex:libmex.dll
 0001:000496f6       mexCallMATLAB              000000018004a6f6 f   libmex:libmex.dll
 0001:000496fc       mexErrMsgTxt               000000018004a6fc f   libmex:libmex.dll
 0001:00049702       mexLock                    000000018004a702 f   libmex:libmex.dll
 0001:00049708       utMalloc                   000000018004a708 f   libut:libut.dll
 0001:0004970e       utFree                     000000018004a70e f   libut:libut.dll
 0001:00049714       muDoubleScalarAbs          000000018004a714 f   libmwmathutil:libmwmathutil.dll
 0001:0004971c       __GSHandlerCheckCommon     000000018004a71c f   MSVCRT:gshandler.obj
 0001:00049780       __GSHandlerCheck           000000018004a780 f   MSVCRT:gshandler.obj
 0001:0004979e       strcmp                     000000018004a79e f   MSVCRT:MSVCR100.dll
 0001:000497c0       __security_check_cookie    000000018004a7c0 f   MSVCRT:amdsecgs.obj
 0001:000497e0       memset                     000000018004a7e0 f   MSVCRT:MSVCR100.dll
 0001:000497e6       strlen                     000000018004a7e6 f   MSVCRT:MSVCR100.dll
 0001:000497ec       free                       000000018004a7ec f   MSVCRT:MSVCR100.dll
 0001:000497f2       sprintf                    000000018004a7f2 f   MSVCRT:MSVCR100.dll
 0001:000497f8       malloc                     000000018004a7f8 f   MSVCRT:MSVCR100.dll
 0001:000497fe       strcat                     000000018004a7fe f   MSVCRT:MSVCR100.dll
 0001:00049804       memcpy                     000000018004a804 f   MSVCRT:MSVCR100.dll
 0001:0004980c       NtCurrentTeb               000000018004a80c f i MSVCRT:crtdll.obj
 0001:00049878       _CRT_INIT                  000000018004a878 f   MSVCRT:crtdll.obj
 0001:00049c10       _DllMainCRTStartup         000000018004ac10 f   MSVCRT:crtdll.obj
 0001:00049c50       __report_gsfailure         000000018004ac50 f   MSVCRT:gs_report.obj
 0001:00049d9c       __clean_type_info_names    000000018004ad9c f   MSVCRT:tncleanup.obj
 0001:00049da8       _onexit                    000000018004ada8 f   MSVCRT:atonexit.obj
 0001:00049e58       atexit                     000000018004ae58 f   MSVCRT:atonexit.obj
 0001:00049e70       _RTC_Initialize            000000018004ae70 f   MSVCRT:_initsect_.obj
 0001:00049ea8       _RTC_Terminate             000000018004aea8 f   MSVCRT:_initsect_.obj
 0001:00049ee0       _malloc_crt                000000018004aee0 f   MSVCRT:MSVCR100.dll
 0001:00049ef0       _ValidateImageBase         000000018004aef0 f   MSVCRT:pesect.obj
 0001:00049f20       _FindPESection             000000018004af20 f   MSVCRT:pesect.obj
 0001:00049f70       _IsNonwritableInCurrentImage 000000018004af70 f   MSVCRT:pesect.obj
 0001:00049fb2       _initterm                  000000018004afb2 f   MSVCRT:MSVCR100.dll
 0001:00049fb8       _initterm_e                000000018004afb8 f   MSVCRT:MSVCR100.dll
 0001:00049fbe       _encoded_null              000000018004afbe f   MSVCRT:MSVCR100.dll
 0001:00049fc4       _amsg_exit                 000000018004afc4 f   MSVCRT:MSVCR100.dll
 0001:00049fca       __C_specific_handler       000000018004afca f   MSVCRT:MSVCR100.dll
 0001:00049fd0       __CppXcptFilter            000000018004afd0 f   MSVCRT:MSVCR100.dll
 0001:00049fd8       DllMain                    000000018004afd8 f   MSVCRT:dllmain.obj
 0001:00049ffc       __security_init_cookie     000000018004affc f   MSVCRT:gs_support.obj
 0001:0004a0b0       __crt_debugger_hook        000000018004b0b0 f   MSVCRT:MSVCR100.dll
 0001:0004a0b6       __clean_type_info_names_internal 000000018004b0b6 f   MSVCRT:MSVCR100.dll
 0001:0004a0bc       _unlock                    000000018004b0bc f   MSVCRT:MSVCR100.dll
 0001:0004a0c2       __dllonexit                000000018004b0c2 f   MSVCRT:MSVCR100.dll
 0001:0004a0c8       _lock                      000000018004b0c8 f   MSVCRT:MSVCR100.dll
 0001:0004a0ce       EncodePointer              000000018004b0ce f   kernel32:KERNEL32.dll
 0001:0004a0d4       DecodePointer              000000018004b0d4 f   kernel32:KERNEL32.dll
 0001:0004a0da       Sleep                      000000018004b0da f   kernel32:KERNEL32.dll
 0001:0004a0e0       TerminateProcess           000000018004b0e0 f   kernel32:KERNEL32.dll
 0001:0004a0e6       GetCurrentProcess          000000018004b0e6 f   kernel32:KERNEL32.dll
 0001:0004a0ec       UnhandledExceptionFilter   000000018004b0ec f   kernel32:KERNEL32.dll
 0001:0004a0f2       SetUnhandledExceptionFilter 000000018004b0f2 f   kernel32:KERNEL32.dll
 0001:0004a0f8       IsDebuggerPresent          000000018004b0f8 f   kernel32:KERNEL32.dll
 0001:0004a0fe       RtlVirtualUnwind           000000018004b0fe f   kernel32:KERNEL32.dll
 0001:0004a104       RtlLookupFunctionEntry     000000018004b104 f   kernel32:KERNEL32.dll
 0001:0004a10a       RtlCaptureContext          000000018004b10a f   kernel32:KERNEL32.dll
 0001:0004a110       DisableThreadLibraryCalls  000000018004b110 f   kernel32:KERNEL32.dll
 0001:0004a116       QueryPerformanceCounter    000000018004b116 f   kernel32:KERNEL32.dll
 0001:0004a11c       GetTickCount               000000018004b11c f   kernel32:KERNEL32.dll
 0001:0004a122       GetCurrentThreadId         000000018004b122 f   kernel32:KERNEL32.dll
 0001:0004a128       GetCurrentProcessId        000000018004b128 f   kernel32:KERNEL32.dll
 0001:0004a12e       GetSystemTimeAsFileTime    000000018004b12e f   kernel32:KERNEL32.dll
 0002:00000000       __imp_GetCurrentProcessId  000000018004c000     kernel32:KERNEL32.dll
 0002:00000008       __imp_GetCurrentThreadId   000000018004c008     kernel32:KERNEL32.dll
 0002:00000010       __imp_GetTickCount         000000018004c010     kernel32:KERNEL32.dll
 0002:00000018       __imp_QueryPerformanceCounter 000000018004c018     kernel32:KERNEL32.dll
 0002:00000020       __imp_DisableThreadLibraryCalls 000000018004c020     kernel32:KERNEL32.dll
 0002:00000028       __imp_RtlCaptureContext    000000018004c028     kernel32:KERNEL32.dll
 0002:00000030       __imp_RtlLookupFunctionEntry 000000018004c030     kernel32:KERNEL32.dll
 0002:00000038       __imp_RtlVirtualUnwind     000000018004c038     kernel32:KERNEL32.dll
 0002:00000040       __imp_IsDebuggerPresent    000000018004c040     kernel32:KERNEL32.dll
 0002:00000048       __imp_SetUnhandledExceptionFilter 000000018004c048     kernel32:KERNEL32.dll
 0002:00000050       __imp_UnhandledExceptionFilter 000000018004c050     kernel32:KERNEL32.dll
 0002:00000058       __imp_GetCurrentProcess    000000018004c058     kernel32:KERNEL32.dll
 0002:00000060       __imp_TerminateProcess     000000018004c060     kernel32:KERNEL32.dll
 0002:00000068       __imp_Sleep                000000018004c068     kernel32:KERNEL32.dll
 0002:00000070       __imp_DecodePointer        000000018004c070     kernel32:KERNEL32.dll
 0002:00000078       __imp_EncodePointer        000000018004c078     kernel32:KERNEL32.dll
 0002:00000080       __imp_GetSystemTimeAsFileTime 000000018004c080     kernel32:KERNEL32.dll
 0002:00000088       \177KERNEL32_NULL_THUNK_DATA 000000018004c088     kernel32:KERNEL32.dll
 0002:00000090       __imp__onexit              000000018004c090     MSVCRT:MSVCR100.dll
 0002:00000098       __imp__lock                000000018004c098     MSVCRT:MSVCR100.dll
 0002:000000a0       __imp___dllonexit          000000018004c0a0     MSVCRT:MSVCR100.dll
 0002:000000a8       __imp__unlock              000000018004c0a8     MSVCRT:MSVCR100.dll
 0002:000000b0       __imp___clean_type_info_names_internal 000000018004c0b0     MSVCRT:MSVCR100.dll
 0002:000000b8       __imp___crt_debugger_hook  000000018004c0b8     MSVCRT:MSVCR100.dll
 0002:000000c0       __imp___CppXcptFilter      000000018004c0c0     MSVCRT:MSVCR100.dll
 0002:000000c8       __imp___C_specific_handler 000000018004c0c8     MSVCRT:MSVCR100.dll
 0002:000000d0       __imp__amsg_exit           000000018004c0d0     MSVCRT:MSVCR100.dll
 0002:000000d8       __imp__encoded_null        000000018004c0d8     MSVCRT:MSVCR100.dll
 0002:000000e0       __imp__initterm_e          000000018004c0e0     MSVCRT:MSVCR100.dll
 0002:000000e8       __imp__initterm            000000018004c0e8     MSVCRT:MSVCR100.dll
 0002:000000f0       __imp__malloc_crt          000000018004c0f0     MSVCRT:MSVCR100.dll
 0002:000000f8       __imp_memcpy               000000018004c0f8     MSVCRT:MSVCR100.dll
 0002:00000100       __imp_strcat               000000018004c100     MSVCRT:MSVCR100.dll
 0002:00000108       __imp_malloc               000000018004c108     MSVCRT:MSVCR100.dll
 0002:00000110       __imp_sprintf              000000018004c110     MSVCRT:MSVCR100.dll
 0002:00000118       __imp_free                 000000018004c118     MSVCRT:MSVCR100.dll
 0002:00000120       __imp_strlen               000000018004c120     MSVCRT:MSVCR100.dll
 0002:00000128       __imp_memset               000000018004c128     MSVCRT:MSVCR100.dll
 0002:00000130       __imp_strcmp               000000018004c130     MSVCRT:MSVCR100.dll
 0002:00000138       \177MSVCR100_NULL_THUNK_DATA 000000018004c138     MSVCRT:MSVCR100.dll
 0002:00000140       __imp_mexCallMATLAB        000000018004c140     libmex:libmex.dll
 0002:00000148       __imp_mexUnlock            000000018004c148     libmex:libmex.dll
 0002:00000150       __imp_mexLock              000000018004c150     libmex:libmex.dll
 0002:00000158       __imp_mexErrMsgTxt         000000018004c158     libmex:libmex.dll
 0002:00000160       __imp_mexMakeArrayPersistent 000000018004c160     libmex:libmex.dll
 0002:00000168       __imp_mexWarnMsgTxt        000000018004c168     libmex:libmex.dll
 0002:00000170       __imp_mexIsLocked          000000018004c170     libmex:libmex.dll
 0002:00000178       \177libmex_NULL_THUNK_DATA 000000018004c178     libmex:libmex.dll
 0002:00000180       __imp_muDoubleScalarAbs    000000018004c180     libmwmathutil:libmwmathutil.dll
 0002:00000188       \177libmwmathutil_NULL_THUNK_DATA 000000018004c188     libmwmathutil:libmwmathutil.dll
 0002:00000190       __imp_mxCalloc             000000018004c190     libmx:libmx.dll
 0002:00000198       __imp_mxGetM               000000018004c198     libmx:libmx.dll
 0002:000001a0       __imp_mxGetN               000000018004c1a0     libmx:libmx.dll
 0002:000001a8       __imp_mxIsComplex          000000018004c1a8     libmx:libmx.dll
 0002:000001b0       __imp_mxIsNumeric          000000018004c1b0     libmx:libmx.dll
 0002:000001b8       __imp_mxGetClassID         000000018004c1b8     libmx:libmx.dll
 0002:000001c0       __imp_mxCreateCellMatrix_730 000000018004c1c0     libmx:libmx.dll
 0002:000001c8       __imp_mxCreateStructMatrix_730 000000018004c1c8     libmx:libmx.dll
 0002:000001d0       __imp_mxCreateString       000000018004c1d0     libmx:libmx.dll
 0002:000001d8       __imp_mxCreateDoubleScalar 000000018004c1d8     libmx:libmx.dll
 0002:000001e0       __imp_mxDuplicateArray     000000018004c1e0     libmx:libmx.dll
 0002:000001e8       __imp_mxDestroyArray       000000018004c1e8     libmx:libmx.dll
 0002:000001f0       __imp_mxIsChar             000000018004c1f0     libmx:libmx.dll
 0002:000001f8       __imp_mxGetString_730      000000018004c1f8     libmx:libmx.dll
 0002:00000200       __imp_mxCreateDoubleMatrix_730 000000018004c200     libmx:libmx.dll
 0002:00000208       __imp_mxGetPr              000000018004c208     libmx:libmx.dll
 0002:00000210       __imp_mxGetScalar          000000018004c210     libmx:libmx.dll
 0002:00000218       __imp_mxSetField_730       000000018004c218     libmx:libmx.dll
 0002:00000220       \177libmx_NULL_THUNK_DATA  000000018004c220     libmx:libmx.dll
 0002:00000228       __imp_utMalloc             000000018004c228     libut:libut.dll
 0002:00000230       __imp_utFree               000000018004c230     libut:libut.dll
 0002:00000238       \177libut_NULL_THUNK_DATA  000000018004c238     libut:libut.dll
 0002:00000240       __imp_callMdlMethodAndReportError 000000018004c240     sf_runtime:sf_runtime.dll
 0002:00000248       __imp_sf_debug_api         000000018004c248     sf_runtime:sf_runtime.dll
 0002:00000250       __imp_sf_debug_create_debug_instance_struct 000000018004c250     sf_runtime:sf_runtime.dll
 0002:00000258       __imp_sf_debug_terminate   000000018004c258     sf_runtime:sf_runtime.dll
 0002:00000260       __imp_sf_mex_addfield      000000018004c260     sf_runtime:sf_runtime.dll
 0002:00000268       __imp_sf_mex_createstruct  000000018004c268     sf_runtime:sf_runtime.dll
 0002:00000270       __imp_sf_mex_emlrtNameCapturePostProcessR2012a 000000018004c270     sf_runtime:sf_runtime.dll
 0002:00000278       __imp_sf_debug_eml_data_array_bounds_error_check 000000018004c278     sf_runtime:sf_runtime.dll
 0002:00000280       __imp_cv_eval_point        000000018004c280     sf_runtime:sf_runtime.dll
 0002:00000288       __imp_sf_update_buildInfo  000000018004c288     sf_runtime:sf_runtime.dll
 0002:00000290       __imp_sf_debug_set_chart_substate_index 000000018004c290     sf_runtime:sf_runtime.dll
 0002:00000298       __imp_sf_debug_set_chart_state_substate_count 000000018004c298     sf_runtime:sf_runtime.dll
 0002:000002a0       __imp_sf_debug_set_chart_state_substate_index 000000018004c2a0     sf_runtime:sf_runtime.dll
 0002:000002a8       __imp_sf_mex_error_direct_call 000000018004c2a8     sf_runtime:sf_runtime.dll
 0002:000002b0       __imp_sf_debug_get_animation 000000018004c2b0     sf_runtime:sf_runtime.dll
 0002:000002b8       __imp_sf_debug_set_animation 000000018004c2b8     sf_runtime:sf_runtime.dll
 0002:000002c0       __imp_sf_debug_set_honor_breakpoints 000000018004c2c0     sf_runtime:sf_runtime.dll
 0002:000002c8       __imp_sf_debug_animate     000000018004c2c8     sf_runtime:sf_runtime.dll
 0002:000002d0       __imp_sf_clear_rtw_identifier 000000018004c2d0     sf_runtime:sf_runtime.dll
 0002:000002d8       __imp_sf_debug_symbol_scope_push 000000018004c2d8     sf_runtime:sf_runtime.dll
 0002:000002e0       __imp_sf_debug_call        000000018004c2e0     sf_runtime:sf_runtime.dll
 0002:000002e8       __imp_sf_debug_data_range_wrapper 000000018004c2e8     sf_runtime:sf_runtime.dll
 0002:000002f0       __imp_sf_debug_symbol_scope_push_eml 000000018004c2f0     sf_runtime:sf_runtime.dll
 0002:000002f8       __imp_sf_debug_symbol_scope_add_eml_importable 000000018004c2f8     sf_runtime:sf_runtime.dll
 0002:00000300       __imp_sf_debug_symbol_scope_add_eml 000000018004c300     sf_runtime:sf_runtime.dll
 0002:00000308       __imp_cv_eml_eval          000000018004c308     sf_runtime:sf_runtime.dll
 0002:00000310       __imp_eml_debug_line_call  000000018004c310     sf_runtime:sf_runtime.dll
 0002:00000318       __imp_sf_debug_symbol_scope_pop 000000018004c318     sf_runtime:sf_runtime.dll
 0002:00000320       __imp_sf_clear_error_manager_info 000000018004c320     sf_runtime:sf_runtime.dll
 0002:00000328       __imp_sf_mex_duplicatearraysafe 000000018004c328     sf_runtime:sf_runtime.dll
 0002:00000330       __imp_call_sf_machine_global_method_dispatcher 000000018004c330     sf_runtime:sf_runtime.dll
 0002:00000338       __imp_sf_debug_check_for_state_inconsistency 000000018004c338     sf_runtime:sf_runtime.dll
 0002:00000340       __imp_sf_get_time          000000018004c340     sf_runtime:sf_runtime.dll
 0002:00000348       __imp_sf_debug_initialize_chart 000000018004c348     sf_runtime:sf_runtime.dll
 0002:00000350       __imp_sf_debug_set_chart_disable_implicit_casting 000000018004c350     sf_runtime:sf_runtime.dll
 0002:00000358       __imp_sf_debug_set_chart_event_thresholds 000000018004c358     sf_runtime:sf_runtime.dll
 0002:00000360       __imp_sf_debug_set_chart_data_props 000000018004c360     sf_runtime:sf_runtime.dll
 0002:00000368       __imp_sf_debug_set_chart_state_info 000000018004c368     sf_runtime:sf_runtime.dll
 0002:00000370       __imp_sf_debug_set_chart_substate_count 000000018004c370     sf_runtime:sf_runtime.dll
 0002:00000378       __imp_sf_debug_set_chart_decomposition 000000018004c378     sf_runtime:sf_runtime.dll
 0002:00000380       __imp_sf_debug_cv_init_chart 000000018004c380     sf_runtime:sf_runtime.dll
 0002:00000388       __imp_sf_debug_cv_init_state 000000018004c388     sf_runtime:sf_runtime.dll
 0002:00000390       __imp_sf_debug_cv_init_trans 000000018004c390     sf_runtime:sf_runtime.dll
 0002:00000398       __imp_cv_eml_init_script   000000018004c398     sf_runtime:sf_runtime.dll
 0002:000003a0       __imp_cv_eml_init_fcn      000000018004c3a0     sf_runtime:sf_runtime.dll
 0002:000003a8       __imp_cv_eml_init_if       000000018004c3a8     sf_runtime:sf_runtime.dll
 0002:000003b0       __imp_cv_eml_init_mcdc     000000018004c3b0     sf_runtime:sf_runtime.dll
 0002:000003b8       __imp_sf_debug_set_chart_data_compiled_props 000000018004c3b8     sf_runtime:sf_runtime.dll
 0002:000003c0       __imp_sf_debug_set_instance_data_value_ptr 000000018004c3c0     sf_runtime:sf_runtime.dll
 0002:000003c8       __imp_sf_debug_reset_current_state_configuration 000000018004c3c8     sf_runtime:sf_runtime.dll
 0002:000003d0       __imp_sim_mode_is_rtw_gen  000000018004c3d0     sf_runtime:sf_runtime.dll
 0002:000003d8       __imp_sim_mode_is_external 000000018004c3d8     sf_runtime:sf_runtime.dll
 0002:000003e0       __imp_sf_is_chart_inlinable 000000018004c3e0     sf_runtime:sf_runtime.dll
 0002:000003e8       __imp_sf_rtw_info_uint_prop 000000018004c3e8     sf_runtime:sf_runtime.dll
 0002:000003f0       __imp_sf_mark_chart_expressionable_inputs 000000018004c3f0     sf_runtime:sf_runtime.dll
 0002:000003f8       __imp_sf_mark_chart_reusable_outputs 000000018004c3f8     sf_runtime:sf_runtime.dll
 0002:00000400       __imp_sf_set_rtw_dwork_info 000000018004c400     sf_runtime:sf_runtime.dll
 0002:00000408       __imp_sf_mex_import        000000018004c408     sf_runtime:sf_runtime.dll
 0002:00000410       __imp_sf_mex_dup           000000018004c410     sf_runtime:sf_runtime.dll
 0002:00000418       __imp_sf_mex_getcell       000000018004c418     sf_runtime:sf_runtime.dll
 0002:00000420       __imp_sf_mex_destroy       000000018004c420     sf_runtime:sf_runtime.dll
 0002:00000428       __imp_sf_mex_decode_encoded_mx_struct_array 000000018004c428     sf_runtime:sf_runtime.dll
 0002:00000430       __imp_sf_mex_createcellmatrix 000000018004c430     sf_runtime:sf_runtime.dll
 0002:00000438       __imp_sf_mex_setcell       000000018004c438     sf_runtime:sf_runtime.dll
 0002:00000440       __imp_sf_mex_call_matlab   000000018004c440     sf_runtime:sf_runtime.dll
 0002:00000448       __imp_sf_mex_error_message 000000018004c448     sf_runtime:sf_runtime.dll
 0002:00000450       __imp_sf_mex_create        000000018004c450     sf_runtime:sf_runtime.dll
 0002:00000458       __imp_sf_mex_assign        000000018004c458     sf_runtime:sf_runtime.dll
 0002:00000460       __imp_sf_load_rtw_optimization_info 000000018004c460     sf_runtime:sf_runtime.dll
 0002:00000468       __imp_sf_debug_initialize_machine 000000018004c468     sf_runtime:sf_runtime.dll
 0002:00000470       __imp_sf_debug_set_machine_event_thresholds 000000018004c470     sf_runtime:sf_runtime.dll
 0002:00000478       __imp_sf_debug_set_machine_data_thresholds 000000018004c478     sf_runtime:sf_runtime.dll
 0002:00000480       \177sf_runtime_NULL_THUNK_DATA 000000018004c480     sf_runtime:sf_runtime.dll
 0002:00000488       __xc_a                     000000018004c488     MSVCRT:cinitexe.obj
 0002:00000490       __xc_z                     000000018004c490     MSVCRT:cinitexe.obj
 0002:00000498       __xi_a                     000000018004c498     MSVCRT:cinitexe.obj
 0002:000004a8       __xi_z                     000000018004c4a8     MSVCRT:cinitexe.obj
 0002:000004b0       __real@41b351ca4b000000    000000018004c4b0     VCU_CS75_9_30_sfun.obj
 0002:000004b8       __real@41eed72a76c00000    000000018004c4b8     VCU_CS75_9_30_sfun.obj
 0002:000004c0       __real@41da01840b400000    000000018004c4c0     VCU_CS75_9_30_sfun.obj
 0002:000004c8       __real@41e88f36c0800000    000000018004c4c8     VCU_CS75_9_30_sfun.obj
 0002:000004d0       __real@41c8d9806a800000    000000018004c4d0     VCU_CS75_9_30_sfun.obj
 0002:000004d8       __real@41d1f38be6c00000    000000018004c4d8     VCU_CS75_9_30_sfun.obj
 0002:000004e0       __real@41e341355f400000    000000018004c4e0     VCU_CS75_9_30_sfun.obj
 0002:000004e8       __real@41b03b3216000000    000000018004c4e8     VCU_CS75_9_30_sfun.obj
 0002:000004f0       __real@41e0b450b8c00000    000000018004c4f0     VCU_CS75_9_30_sfun.obj
 0002:000004f8       __real@41bad9dd63000000    000000018004c4f8     VCU_CS75_9_30_sfun.obj
 0002:00000500       __real@41c499af96000000    000000018004c500     VCU_CS75_9_30_sfun.obj
 0002:00000508       __real@41e7342704c00000    000000018004c508     VCU_CS75_9_30_sfun.obj
 0002:00000510       __real@41e26b368dc00000    000000018004c510     VCU_CS75_9_30_sfun.obj
 0002:00000518       __real@41e81e96f1600000    000000018004c518     VCU_CS75_9_30_sfun.obj
 0002:00000520       __real@41b9645c50000000    000000018004c520     VCU_CS75_9_30_sfun.obj
 0002:00000528       __real@419433ea80000000    000000018004c528     VCU_CS75_9_30_sfun.obj
 0002:00000530       __real@41bb4833e8000000    000000018004c530     c1_VCU_CS75_9_30.obj
 0002:00000538       __real@41efac087ea00000    000000018004c538     c1_VCU_CS75_9_30.obj
 0002:00000540       __real@41b8e3e302000000    000000018004c540     c1_VCU_CS75_9_30.obj
 0002:00000548       __real@41eb193a13200000    000000018004c548     c1_VCU_CS75_9_30.obj
 0002:00000550       __real@4024000000000000    000000018004c550     c1_VCU_CS75_9_30.obj
 0002:00000558       __real@3ff0000000000000    000000018004c558     c1_VCU_CS75_9_30.obj
 0002:00000560       __real@0000000000000000    000000018004c560     c1_VCU_CS75_9_30.obj
 0002:00000568       __real@4000000000000000    000000018004c568     c1_VCU_CS75_9_30.obj
 0002:00000570       __real@41e2b2f330a00000    000000018004c570     c2_VCU_CS75_9_30.obj
 0002:00000578       __real@41cd2460fe800000    000000018004c578     c2_VCU_CS75_9_30.obj
 0002:00000580       __real@41ed4786cf200000    000000018004c580     c2_VCU_CS75_9_30.obj
 0002:00000588       __real@41e54d2b36200000    000000018004c588     c2_VCU_CS75_9_30.obj
 0002:00000590       __real@4034000000000000    000000018004c590     c2_VCU_CS75_9_30.obj
 0002:00000598       __real@4010000000000000    000000018004c598     c2_VCU_CS75_9_30.obj
 0002:000005a0       __real@41e8aea24c400000    000000018004c5a0     c4_VCU_CS75_9_30.obj
 0002:000005a8       __real@41debef7a4400000    000000018004c5a8     c4_VCU_CS75_9_30.obj
 0002:000005b0       __real@41d0b8eece400000    000000018004c5b0     c4_VCU_CS75_9_30.obj
 0002:000005b8       __real@41e1799204200000    000000018004c5b8     c4_VCU_CS75_9_30.obj
 0002:000005c0       __real@4008000000000000    000000018004c5c0     c4_VCU_CS75_9_30.obj
 0002:000005c8       __real@41e544cfe1400000    000000018004c5c8     c6_VCU_CS75_9_30.obj
 0002:000005d0       __real@41e9a666a9000000    000000018004c5d0     c6_VCU_CS75_9_30.obj
 0002:000005d8       __real@41ecb1566f200000    000000018004c5d8     c6_VCU_CS75_9_30.obj
 0002:000005e0       __real@41dc72b6b5800000    000000018004c5e0     c6_VCU_CS75_9_30.obj
 0002:000005e8       __real@41ee44396b400000    000000018004c5e8     c7_VCU_CS75_9_30.obj
 0002:000005f0       __real@41cbaa955f800000    000000018004c5f0     c7_VCU_CS75_9_30.obj
 0002:000005f8       __real@41d3f0a631000000    000000018004c5f8     c7_VCU_CS75_9_30.obj
 0002:00000600       __real@41d769c57ec00000    000000018004c600     c7_VCU_CS75_9_30.obj
 0002:00000608       __real@41ed6ac0d7c00000    000000018004c608     c8_VCU_CS75_9_30.obj
 0002:00000610       __real@41cda190f1000000    000000018004c610     c8_VCU_CS75_9_30.obj
 0002:00000618       __real@41e174ecdb200000    000000018004c618     c8_VCU_CS75_9_30.obj
 0002:00000620       __real@41ba29d6d5000000    000000018004c620     c8_VCU_CS75_9_30.obj
 0002:00000628       __real@41e89dc479600000    000000018004c628     c9_VCU_CS75_9_30.obj
 0002:00000630       __real@41eb82f19b400000    000000018004c630     c9_VCU_CS75_9_30.obj
 0002:00000638       __real@41e8ec88e5200000    000000018004c638     c9_VCU_CS75_9_30.obj
 0002:00000640       __real@41ce21495c800000    000000018004c640     c9_VCU_CS75_9_30.obj
 0002:00000648       __real@402e000000000000    000000018004c648     c9_VCU_CS75_9_30.obj
 0002:00000650       __real@41ee71df13400000    000000018004c650     c11_VCU_CS75_9_30.obj
 0002:00000658       __real@41df45fffb400000    000000018004c658     c11_VCU_CS75_9_30.obj
 0002:00000660       __real@41c3db3e7d000000    000000018004c660     c11_VCU_CS75_9_30.obj
 0002:00000668       __real@41db0b8bbac00000    000000018004c668     c11_VCU_CS75_9_30.obj
 0002:00000670       __real@41eedddcbee00000    000000018004c670     c12_VCU_CS75_9_30.obj
 0002:00000678       __real@41db9f725e000000    000000018004c678     c12_VCU_CS75_9_30.obj
 0002:00000680       __real@41e57da0dbe00000    000000018004c680     c12_VCU_CS75_9_30.obj
 0002:00000688       __real@41ea9da464000000    000000018004c688     c12_VCU_CS75_9_30.obj
 0002:00000690       __real@41ce9923be000000    000000018004c690     c13_VCU_CS75_9_30.obj
 0002:00000698       __real@41e3647141e00000    000000018004c698     c13_VCU_CS75_9_30.obj
 0002:000006a0       __real@41dfed0b7f000000    000000018004c6a0     c13_VCU_CS75_9_30.obj
 0002:000006a8       __real@41e379970fa00000    000000018004c6a8     c13_VCU_CS75_9_30.obj
 0002:000006b0       __real@41d62fd756800000    000000018004c6b0     c14_VCU_CS75_9_30.obj
 0002:000006b8       __real@41e4a50c8ea00000    000000018004c6b8     c14_VCU_CS75_9_30.obj
 0002:000006c0       __real@41e5c16029e00000    000000018004c6c0     c14_VCU_CS75_9_30.obj
 0002:000006c8       __real@41dce0f445000000    000000018004c6c8     c14_VCU_CS75_9_30.obj
 0002:000006d0       __real@41efc613e2600000    000000018004c6d0     c17_VCU_CS75_9_30.obj
 0002:000006d8       __real@41d7d12b5e800000    000000018004c6d8     c17_VCU_CS75_9_30.obj
 0002:000006e0       __real@41ea67e0bd400000    000000018004c6e0     c17_VCU_CS75_9_30.obj
 0002:000006e8       __real@41d97a4cff400000    000000018004c6e8     c17_VCU_CS75_9_30.obj
 0002:000006f0       __real@41de76ad77400000    000000018004c6f0     c26_VCU_CS75_9_30.obj
 0002:000006f8       __real@41caebc84e800000    000000018004c6f8     c26_VCU_CS75_9_30.obj
 0002:00000700       __real@41e3cb59ece00000    000000018004c700     c26_VCU_CS75_9_30.obj
 0002:00000708       __real@41ec7c465dc00000    000000018004c708     c26_VCU_CS75_9_30.obj
 0002:00000710       __real@41e0769c97000000    000000018004c710     c27_VCU_CS75_9_30.obj
 0002:00000718       __real@41d6a8a634000000    000000018004c718     c27_VCU_CS75_9_30.obj
 0002:00000720       __real@41e08c98b0800000    000000018004c720     c27_VCU_CS75_9_30.obj
 0002:00000728       __real@41ee09157c200000    000000018004c728     c27_VCU_CS75_9_30.obj
 0002:00000730       __real@41d4fdd2a4400000    000000018004c730     c28_VCU_CS75_9_30.obj
 0002:00000738       __real@41b1b7c101000000    000000018004c738     c28_VCU_CS75_9_30.obj
 0002:00000740       __real@41d312f6c5c00000    000000018004c740     c28_VCU_CS75_9_30.obj
 0002:00000748       __real@41db751814400000    000000018004c748     c28_VCU_CS75_9_30.obj
 0002:00000750       __real@41ea5a6401a00000    000000018004c750     c29_VCU_CS75_9_30.obj
 0002:00000758       __real@41e5f5ad76c00000    000000018004c758     c29_VCU_CS75_9_30.obj
 0002:00000760       __real@41e1139ea8800000    000000018004c760     c29_VCU_CS75_9_30.obj
 0002:00000768       __real@41e59fd112000000    000000018004c768     c29_VCU_CS75_9_30.obj
 0002:00000770       DYNAMIC_DIMENSION_DEF      000000018004c770     VCU_CS75_9_30_sfun_registry.obj
 0002:00000790       _ssBadLevel2InputAccessMsg 000000018004c790     VCU_CS75_9_30_sfun_registry.obj
 0002:00000920       _ssBadLevel2DirectFeedMsg  000000018004c920     VCU_CS75_9_30_sfun_registry.obj
 0002:00000a60       _ssBadLevel2DirectFeedSolutionMsg 000000018004ca60     VCU_CS75_9_30_sfun_registry.obj
 0002:00000ad0       _ssBadLevel2ZeroDirectFeedMsg 000000018004cad0     VCU_CS75_9_30_sfun_registry.obj
 0002:00000c10       _ssBadLevel2ZeroDirectFeedMsg2 000000018004cc10     VCU_CS75_9_30_sfun_registry.obj
 0002:00000cf8       __real@bff0000000000000    000000018004ccf8     VCU_CS75_9_30_sfun_registry.obj
 0002:00000d00       __real@41602cbca0000000    000000018004cd00     VCU_CS75_9_30_sfun_registry.obj
 0002:00000d08       _pDefaultRawDllMain        000000018004cd08     MSVCRT:crtdll.obj
 0002:00000d08       _pRawDllMain               000000018004cd08     MSVCRT:crtdll.obj
 0002:00000d20       ?ProcessDetach@NativeDll@<CrtImplementationDetails>@@0IB 000000018004cd20     MSVCRT:tncleanup.obj
 0002:00000d24       ?ProcessAttach@NativeDll@<CrtImplementationDetails>@@0IB 000000018004cd24     MSVCRT:tncleanup.obj
 0002:00000d28       ?ThreadAttach@NativeDll@<CrtImplementationDetails>@@0IB 000000018004cd28     MSVCRT:tncleanup.obj
 0002:00000d2c       ?ThreadDetach@NativeDll@<CrtImplementationDetails>@@0IB 000000018004cd2c     MSVCRT:tncleanup.obj
 0002:00000d30       ?ProcessVerifier@NativeDll@<CrtImplementationDetails>@@0IB 000000018004cd30     MSVCRT:tncleanup.obj
 0002:00000d38       __rtc_iaa                  000000018004cd38     MSVCRT:_initsect_.obj
 0002:00000d40       __rtc_izz                  000000018004cd40     MSVCRT:_initsect_.obj
 0002:00000d48       __rtc_taa                  000000018004cd48     MSVCRT:_initsect_.obj
 0002:00000d50       __rtc_tzz                  000000018004cd50     MSVCRT:_initsect_.obj
 0002:000028b8       __IMPORT_DESCRIPTOR_sf_runtime 000000018004e8b8     sf_runtime:sf_runtime.dll
 0002:000028cc       __IMPORT_DESCRIPTOR_libmx  000000018004e8cc     libmx:libmx.dll
 0002:000028e0       __IMPORT_DESCRIPTOR_libmex 000000018004e8e0     libmex:libmex.dll
 0002:000028f4       __IMPORT_DESCRIPTOR_libut  000000018004e8f4     libut:libut.dll
 0002:00002908       __IMPORT_DESCRIPTOR_libmwmathutil 000000018004e908     libmwmathutil:libmwmathutil.dll
 0002:0000291c       __IMPORT_DESCRIPTOR_MSVCR100 000000018004e91c     MSVCRT:MSVCR100.dll
 0002:00002930       __IMPORT_DESCRIPTOR_KERNEL32 000000018004e930     kernel32:KERNEL32.dll
 0002:00002944       __NULL_IMPORT_DESCRIPTOR   000000018004e944     sf_runtime:sf_runtime.dll
 0003:00009660       DYNAMIC_DIMENSION          0000000180059660     VCU_CS75_9_30_sfun_registry.obj
 0003:0000a268       __security_cookie          000000018005a268     MSVCRT:gs_cookie.obj
 0003:0000a270       __security_cookie_complement 000000018005a270     MSVCRT:gs_cookie.obj
 0003:0000a278       _fltused                   000000018005a278     MSVCRT:dllsupp.obj
 0003:0000a280       __native_dllmain_reason    000000018005a280     MSVCRT:natstart.obj
 0003:0000a284       __native_vcclrit_reason    000000018005a284     MSVCRT:natstart.obj
 0003:0000a418       sfGlobalDebugInstanceStruct 000000018005a418     VCU_CS75_9_30_sfun_registry.obj
 0003:0000a9a0       ?__type_info_root_node@@3U__type_info_node@@A 000000018005a9a0     MSVCRT:tncleanup.obj
 0003:0000a9b0       _VCU_CS75_9_30MachineNumber_ 000000018005a9b0     <common>
 0003:0000a9b4       __native_startup_state     000000018005a9b4     <common>
 0003:0000a9b8       __native_startup_lock      000000018005a9b8     <common>
 0003:0000a9c0       __onexitend                000000018005a9c0     <common>
 0003:0000a9c8       __onexitbegin              000000018005a9c8     <common>
 0003:0000a9d0       __dyn_tls_init_callback    000000018005a9d0     <common>

 entry point at        0001:00049c10

 Static symbols

 0001:000028f0       get_sim_state_c1_VCU_CS75_9_30 00000001800038f0 f   c1_VCU_CS75_9_30.obj
 0001:00002aa0       sf_get_sim_state_info_c1_VCU_CS75_9_30 0000000180003aa0 f   c1_VCU_CS75_9_30.obj
 0001:00002c70       set_sim_state_c1_VCU_CS75_9_30 0000000180003c70 f   c1_VCU_CS75_9_30.obj
 0001:00002d50       c1_update_debugger_state_c1_VCU_CS75_9_30 0000000180003d50 f   c1_VCU_CS75_9_30.obj
 0001:00002d60       c1_emlrt_marshallIn        0000000180003d60 f   c1_VCU_CS75_9_30.obj
 0001:00002dd0       c1_b_emlrt_marshallIn      0000000180003dd0 f   c1_VCU_CS75_9_30.obj
 0001:00002e60       c1_d_emlrt_marshallIn      0000000180003e60 f   c1_VCU_CS75_9_30.obj
 0001:00002ec0       c1_e_emlrt_marshallIn      0000000180003ec0 f   c1_VCU_CS75_9_30.obj
 0001:00002fc0       mdlProcessParameters_c1_VCU_CS75_9_30 0000000180003fc0 f   c1_VCU_CS75_9_30.obj
 0001:000030a0       initialize_params_c1_VCU_CS75_9_30 00000001800040a0 f   c1_VCU_CS75_9_30.obj
 0001:000030b0       mdlSetWorkWidths_c1_VCU_CS75_9_30 00000001800040b0 f   c1_VCU_CS75_9_30.obj
 0001:000035b0       sf_get_instance_specialization 00000001800045b0 f   c1_VCU_CS75_9_30.obj
 0001:000035c0       mdlStart_c1_VCU_CS75_9_30  00000001800045c0 f   c1_VCU_CS75_9_30.obj
 0001:000037f0       init_dsm_address_info      00000001800047f0 f   c1_VCU_CS75_9_30.obj
 0001:00003800       chart_debug_initialization 0000000180004800 f   c1_VCU_CS75_9_30.obj
 0001:000041a0       init_script_number_translation 00000001800051a0 f   c1_VCU_CS75_9_30.obj
 0001:000041c0       c1_sf_marshallOut          00000001800051c0 f   c1_VCU_CS75_9_30.obj
 0001:00004270       c1_sf_marshallIn           0000000180005270 f   c1_VCU_CS75_9_30.obj
 0001:00004310       sf_opaque_initialize_c1_VCU_CS75_9_30 0000000180005310 f   c1_VCU_CS75_9_30.obj
 0001:00004350       initialize_c1_VCU_CS75_9_30 0000000180005350 f   c1_VCU_CS75_9_30.obj
 0001:000043a0       sf_opaque_enable_c1_VCU_CS75_9_30 00000001800053a0 f   c1_VCU_CS75_9_30.obj
 0001:000043c0       enable_c1_VCU_CS75_9_30    00000001800053c0 f   c1_VCU_CS75_9_30.obj
 0001:000043f0       sf_opaque_disable_c1_VCU_CS75_9_30 00000001800053f0 f   c1_VCU_CS75_9_30.obj
 0001:00004410       disable_c1_VCU_CS75_9_30   0000000180005410 f   c1_VCU_CS75_9_30.obj
 0001:00004440       sf_opaque_gateway_c1_VCU_CS75_9_30 0000000180005440 f   c1_VCU_CS75_9_30.obj
 0001:00004460       sf_gateway_c1_VCU_CS75_9_30 0000000180005460 f   c1_VCU_CS75_9_30.obj
 0001:00004f50       sf_opaque_get_sim_state_c1_VCU_CS75_9_30 0000000180005f50 f   c1_VCU_CS75_9_30.obj
 0001:00004f70       sf_opaque_set_sim_state_c1_VCU_CS75_9_30 0000000180005f70 f   c1_VCU_CS75_9_30.obj
 0001:00004fa0       sf_opaque_terminate_c1_VCU_CS75_9_30 0000000180005fa0 f   c1_VCU_CS75_9_30.obj
 0001:00005040       finalize_c1_VCU_CS75_9_30  0000000180006040 f   c1_VCU_CS75_9_30.obj
 0001:00005050       sf_opaque_init_subchart_simstructs 0000000180006050 f   c1_VCU_CS75_9_30.obj
 0001:00005070       initSimStructsc1_VCU_CS75_9_30 0000000180006070 f   c1_VCU_CS75_9_30.obj
 0001:00005080       mdlRTW_c1_VCU_CS75_9_30    0000000180006080 f   c1_VCU_CS75_9_30.obj
 0001:00005c60       get_sim_state_c2_VCU_CS75_9_30 0000000180006c60 f   c2_VCU_CS75_9_30.obj
 0001:00005ed0       sf_get_sim_state_info_c2_VCU_CS75_9_30 0000000180006ed0 f   c2_VCU_CS75_9_30.obj
 0001:000060a0       set_sim_state_c2_VCU_CS75_9_30 00000001800070a0 f   c2_VCU_CS75_9_30.obj
 0001:000061c0       c2_update_debugger_state_c2_VCU_CS75_9_30 00000001800071c0 f   c2_VCU_CS75_9_30.obj
 0001:000061d0       c2_emlrt_marshallIn        00000001800071d0 f   c2_VCU_CS75_9_30.obj
 0001:00006240       c2_b_emlrt_marshallIn      0000000180007240 f   c2_VCU_CS75_9_30.obj
 0001:000062d0       c2_d_emlrt_marshallIn      00000001800072d0 f   c2_VCU_CS75_9_30.obj
 0001:00006330       c2_e_emlrt_marshallIn      0000000180007330 f   c2_VCU_CS75_9_30.obj
 0001:00006430       mdlProcessParameters_c2_VCU_CS75_9_30 0000000180007430 f   c2_VCU_CS75_9_30.obj
 0001:00006510       initialize_params_c2_VCU_CS75_9_30 0000000180007510 f   c2_VCU_CS75_9_30.obj
 0001:00006520       mdlSetWorkWidths_c2_VCU_CS75_9_30 0000000180007520 f   c2_VCU_CS75_9_30.obj
 0001:00006a80       sf_get_instance_specialization 0000000180007a80 f   c2_VCU_CS75_9_30.obj
 0001:00006a90       mdlStart_c2_VCU_CS75_9_30  0000000180007a90 f   c2_VCU_CS75_9_30.obj
 0001:00006cc0       init_dsm_address_info      0000000180007cc0 f   c2_VCU_CS75_9_30.obj
 0001:00006cd0       chart_debug_initialization 0000000180007cd0 f   c2_VCU_CS75_9_30.obj
 0001:00007a60       init_script_number_translation 0000000180008a60 f   c2_VCU_CS75_9_30.obj
 0001:00007a80       c2_sf_marshallOut          0000000180008a80 f   c2_VCU_CS75_9_30.obj
 0001:00007b30       c2_sf_marshallIn           0000000180008b30 f   c2_VCU_CS75_9_30.obj
 0001:00007bd0       sf_opaque_initialize_c2_VCU_CS75_9_30 0000000180008bd0 f   c2_VCU_CS75_9_30.obj
 0001:00007c10       initialize_c2_VCU_CS75_9_30 0000000180008c10 f   c2_VCU_CS75_9_30.obj
 0001:00007c60       sf_opaque_enable_c2_VCU_CS75_9_30 0000000180008c60 f   c2_VCU_CS75_9_30.obj
 0001:00007c80       enable_c2_VCU_CS75_9_30    0000000180008c80 f   c2_VCU_CS75_9_30.obj
 0001:00007cb0       sf_opaque_disable_c2_VCU_CS75_9_30 0000000180008cb0 f   c2_VCU_CS75_9_30.obj
 0001:00007cd0       disable_c2_VCU_CS75_9_30   0000000180008cd0 f   c2_VCU_CS75_9_30.obj
 0001:00007d00       sf_opaque_gateway_c2_VCU_CS75_9_30 0000000180008d00 f   c2_VCU_CS75_9_30.obj
 0001:00007d20       sf_gateway_c2_VCU_CS75_9_30 0000000180008d20 f   c2_VCU_CS75_9_30.obj
 0001:00008910       sf_opaque_get_sim_state_c2_VCU_CS75_9_30 0000000180009910 f   c2_VCU_CS75_9_30.obj
 0001:00008930       sf_opaque_set_sim_state_c2_VCU_CS75_9_30 0000000180009930 f   c2_VCU_CS75_9_30.obj
 0001:00008960       sf_opaque_terminate_c2_VCU_CS75_9_30 0000000180009960 f   c2_VCU_CS75_9_30.obj
 0001:00008a00       finalize_c2_VCU_CS75_9_30  0000000180009a00 f   c2_VCU_CS75_9_30.obj
 0001:00008a10       sf_opaque_init_subchart_simstructs 0000000180009a10 f   c2_VCU_CS75_9_30.obj
 0001:00008a30       initSimStructsc2_VCU_CS75_9_30 0000000180009a30 f   c2_VCU_CS75_9_30.obj
 0001:00008a40       mdlRTW_c2_VCU_CS75_9_30    0000000180009a40 f   c2_VCU_CS75_9_30.obj
 0001:00009620       get_sim_state_c3_VCU_CS75_9_30 000000018000a620 f   c3_VCU_CS75_9_30.obj
 0001:00009890       sf_get_sim_state_info_c3_VCU_CS75_9_30 000000018000a890 f   c3_VCU_CS75_9_30.obj
 0001:00009a60       set_sim_state_c3_VCU_CS75_9_30 000000018000aa60 f   c3_VCU_CS75_9_30.obj
 0001:00009b80       c3_update_debugger_state_c3_VCU_CS75_9_30 000000018000ab80 f   c3_VCU_CS75_9_30.obj
 0001:00009b90       c3_emlrt_marshallIn        000000018000ab90 f   c3_VCU_CS75_9_30.obj
 0001:00009c00       c3_b_emlrt_marshallIn      000000018000ac00 f   c3_VCU_CS75_9_30.obj
 0001:00009c90       c3_d_emlrt_marshallIn      000000018000ac90 f   c3_VCU_CS75_9_30.obj
 0001:00009cf0       c3_e_emlrt_marshallIn      000000018000acf0 f   c3_VCU_CS75_9_30.obj
 0001:00009df0       mdlProcessParameters_c3_VCU_CS75_9_30 000000018000adf0 f   c3_VCU_CS75_9_30.obj
 0001:00009ed0       initialize_params_c3_VCU_CS75_9_30 000000018000aed0 f   c3_VCU_CS75_9_30.obj
 0001:00009ee0       mdlSetWorkWidths_c3_VCU_CS75_9_30 000000018000aee0 f   c3_VCU_CS75_9_30.obj
 0001:0000a440       sf_get_instance_specialization 000000018000b440 f   c3_VCU_CS75_9_30.obj
 0001:0000a450       mdlStart_c3_VCU_CS75_9_30  000000018000b450 f   c3_VCU_CS75_9_30.obj
 0001:0000a680       init_dsm_address_info      000000018000b680 f   c3_VCU_CS75_9_30.obj
 0001:0000a690       chart_debug_initialization 000000018000b690 f   c3_VCU_CS75_9_30.obj
 0001:0000b420       init_script_number_translation 000000018000c420 f   c3_VCU_CS75_9_30.obj
 0001:0000b440       c3_sf_marshallOut          000000018000c440 f   c3_VCU_CS75_9_30.obj
 0001:0000b4f0       c3_sf_marshallIn           000000018000c4f0 f   c3_VCU_CS75_9_30.obj
 0001:0000b590       sf_opaque_initialize_c3_VCU_CS75_9_30 000000018000c590 f   c3_VCU_CS75_9_30.obj
 0001:0000b5d0       initialize_c3_VCU_CS75_9_30 000000018000c5d0 f   c3_VCU_CS75_9_30.obj
 0001:0000b620       sf_opaque_enable_c3_VCU_CS75_9_30 000000018000c620 f   c3_VCU_CS75_9_30.obj
 0001:0000b640       enable_c3_VCU_CS75_9_30    000000018000c640 f   c3_VCU_CS75_9_30.obj
 0001:0000b670       sf_opaque_disable_c3_VCU_CS75_9_30 000000018000c670 f   c3_VCU_CS75_9_30.obj
 0001:0000b690       disable_c3_VCU_CS75_9_30   000000018000c690 f   c3_VCU_CS75_9_30.obj
 0001:0000b6c0       sf_opaque_gateway_c3_VCU_CS75_9_30 000000018000c6c0 f   c3_VCU_CS75_9_30.obj
 0001:0000b6e0       sf_gateway_c3_VCU_CS75_9_30 000000018000c6e0 f   c3_VCU_CS75_9_30.obj
 0001:0000c2d0       sf_opaque_get_sim_state_c3_VCU_CS75_9_30 000000018000d2d0 f   c3_VCU_CS75_9_30.obj
 0001:0000c2f0       sf_opaque_set_sim_state_c3_VCU_CS75_9_30 000000018000d2f0 f   c3_VCU_CS75_9_30.obj
 0001:0000c320       sf_opaque_terminate_c3_VCU_CS75_9_30 000000018000d320 f   c3_VCU_CS75_9_30.obj
 0001:0000c3c0       finalize_c3_VCU_CS75_9_30  000000018000d3c0 f   c3_VCU_CS75_9_30.obj
 0001:0000c3d0       sf_opaque_init_subchart_simstructs 000000018000d3d0 f   c3_VCU_CS75_9_30.obj
 0001:0000c3f0       initSimStructsc3_VCU_CS75_9_30 000000018000d3f0 f   c3_VCU_CS75_9_30.obj
 0001:0000c400       mdlRTW_c3_VCU_CS75_9_30    000000018000d400 f   c3_VCU_CS75_9_30.obj
 0001:0000d260       get_sim_state_c4_VCU_CS75_9_30 000000018000e260 f   c4_VCU_CS75_9_30.obj
 0001:0000d540       sf_get_sim_state_info_c4_VCU_CS75_9_30 000000018000e540 f   c4_VCU_CS75_9_30.obj
 0001:0000d710       set_sim_state_c4_VCU_CS75_9_30 000000018000e710 f   c4_VCU_CS75_9_30.obj
 0001:0000d890       c4_update_debugger_state_c4_VCU_CS75_9_30 000000018000e890 f   c4_VCU_CS75_9_30.obj
 0001:0000dfc0       c4_emlrt_marshallIn        000000018000efc0 f   c4_VCU_CS75_9_30.obj
 0001:0000e030       c4_b_emlrt_marshallIn      000000018000f030 f   c4_VCU_CS75_9_30.obj
 0001:0000e0c0       c4_e_emlrt_marshallIn      000000018000f0c0 f   c4_VCU_CS75_9_30.obj
 0001:0000e120       c4_f_emlrt_marshallIn      000000018000f120 f   c4_VCU_CS75_9_30.obj
 0001:0000e1b0       c4_g_emlrt_marshallIn      000000018000f1b0 f   c4_VCU_CS75_9_30.obj
 0001:0000e230       c4_h_emlrt_marshallIn      000000018000f230 f   c4_VCU_CS75_9_30.obj
 0001:0000e300       mdlProcessParameters_c4_VCU_CS75_9_30 000000018000f300 f   c4_VCU_CS75_9_30.obj
 0001:0000e3e0       initialize_params_c4_VCU_CS75_9_30 000000018000f3e0 f   c4_VCU_CS75_9_30.obj
 0001:0000e3f0       mdlSetWorkWidths_c4_VCU_CS75_9_30 000000018000f3f0 f   c4_VCU_CS75_9_30.obj
 0001:0000e9e0       sf_get_instance_specialization 000000018000f9e0 f   c4_VCU_CS75_9_30.obj
 0001:0000e9f0       mdlStart_c4_VCU_CS75_9_30  000000018000f9f0 f   c4_VCU_CS75_9_30.obj
 0001:0000ec20       init_dsm_address_info      000000018000fc20 f   c4_VCU_CS75_9_30.obj
 0001:0000ec30       chart_debug_initialization 000000018000fc30 f   c4_VCU_CS75_9_30.obj
 0001:00010d70       init_script_number_translation 0000000180011d70 f   c4_VCU_CS75_9_30.obj
 0001:00010d90       c4_sf_marshallOut          0000000180011d90 f   c4_VCU_CS75_9_30.obj
 0001:00010e40       c4_sf_marshallIn           0000000180011e40 f   c4_VCU_CS75_9_30.obj
 0001:00010ee0       sf_opaque_initialize_c4_VCU_CS75_9_30 0000000180011ee0 f   c4_VCU_CS75_9_30.obj
 0001:00010f20       initialize_c4_VCU_CS75_9_30 0000000180011f20 f   c4_VCU_CS75_9_30.obj
 0001:00010fe0       sf_opaque_enable_c4_VCU_CS75_9_30 0000000180011fe0 f   c4_VCU_CS75_9_30.obj
 0001:00011000       enable_c4_VCU_CS75_9_30    0000000180012000 f   c4_VCU_CS75_9_30.obj
 0001:00011030       sf_opaque_disable_c4_VCU_CS75_9_30 0000000180012030 f   c4_VCU_CS75_9_30.obj
 0001:00011050       disable_c4_VCU_CS75_9_30   0000000180012050 f   c4_VCU_CS75_9_30.obj
 0001:00011080       sf_opaque_gateway_c4_VCU_CS75_9_30 0000000180012080 f   c4_VCU_CS75_9_30.obj
 0001:000110a0       sf_gateway_c4_VCU_CS75_9_30 00000001800120a0 f   c4_VCU_CS75_9_30.obj
 0001:00011a40       c4_set_sim_state_side_effects_c4_VCU_CS75_9_30 0000000180012a40 f   c4_VCU_CS75_9_30.obj
 0001:00011b50       c4_System_State            0000000180012b50 f   c4_VCU_CS75_9_30.obj
 0001:00014c40       c4_TakeOver                0000000180015c40 f   c4_VCU_CS75_9_30.obj
 0001:00015f00       c4_b_sf_marshallOut        0000000180016f00 f   c4_VCU_CS75_9_30.obj
 0001:00015fb0       c4_b_sf_marshallIn         0000000180016fb0 f   c4_VCU_CS75_9_30.obj
 0001:00016050       c4_c_emlrt_marshallIn      0000000180017050 f   c4_VCU_CS75_9_30.obj
 0001:000160e0       c4_updateDataWrittenToVector 00000001800170e0 f   c4_VCU_CS75_9_30.obj
 0001:00016160       sf_opaque_get_sim_state_c4_VCU_CS75_9_30 0000000180017160 f   c4_VCU_CS75_9_30.obj
 0001:00016180       sf_opaque_set_sim_state_c4_VCU_CS75_9_30 0000000180017180 f   c4_VCU_CS75_9_30.obj
[...]
 0001:00035050       sf_get_sim_state_info_c19_VCU_CS75_9_30 0000000180036050 f   c19_VCU_CS75_9_30.obj
 0001:00035220       set_sim_state_c19_VCU_CS75_9_30 0000000180036220 f   c19_VCU_CS75_9_30.obj
 0001:00035300       c19_update_debugger_state_c19_VCU_CS75_9_30 0000000180036300 f   c19_VCU_CS75_9_30.obj
 0001:00035310       c19_emlrt_marshallIn       0000000180036310 f   c19_VCU_CS75_9_30.obj
 0001:00035380       c19_b_emlrt_marshallIn     0000000180036380 f   c19_VCU_CS75_9_30.obj
 0001:00035410       c19_d_emlrt_marshallIn     0000000180036410 f   c19_VCU_CS75_9_30.obj
 0001:00035470       c19_e_emlrt_marshallIn     0000000180036470 f   c19_VCU_CS75_9_30.obj
 0001:00035570       mdlProcessParameters_c19_VCU_CS75_9_30 0000000180036570 f   c19_VCU_CS75_9_30.obj
 0001:00035650       initialize_params_c19_VCU_CS75_9_30 0000000180036650 f   c19_VCU_CS75_9_30.obj
 0001:00035660       mdlSetWorkWidths_c19_VCU_CS75_9_30 0000000180036660 f   c19_VCU_CS75_9_30.obj
 0001:00035b30       sf_get_instance_specialization 0000000180036b30 f   c19_VCU_CS75_9_30.obj
 0001:00035b40       mdlStart_c19_VCU_CS75_9_30 0000000180036b40 f   c19_VCU_CS75_9_30.obj
 0001:00035d70       init_dsm_address_info      0000000180036d70 f   c19_VCU_CS75_9_30.obj
 0001:00035d80       chart_debug_initialization 0000000180036d80 f   c19_VCU_CS75_9_30.obj
 0001:00036530       init_script_number_translation 0000000180037530 f   c19_VCU_CS75_9_30.obj
 0001:00036550       c19_sf_marshallOut         0000000180037550 f   c19_VCU_CS75_9_30.obj
 0001:00036600       c19_sf_marshallIn          0000000180037600 f   c19_VCU_CS75_9_30.obj
 0001:000366a0       sf_opaque_initialize_c19_VCU_CS75_9_30 00000001800376a0 f   c19_VCU_CS75_9_30.obj
 0001:000366e0       initialize_c19_VCU_CS75_9_30 00000001800376e0 f   c19_VCU_CS75_9_30.obj
 0001:00036730       sf_opaque_enable_c19_VCU_CS75_9_30 0000000180037730 f   c19_VCU_CS75_9_30.obj
 0001:00036750       enable_c19_VCU_CS75_9_30   0000000180037750 f   c19_VCU_CS75_9_30.obj
 0001:00036780       sf_opaque_disable_c19_VCU_CS75_9_30 0000000180037780 f   c19_VCU_CS75_9_30.obj
 0001:000367a0       disable_c19_VCU_CS75_9_30  00000001800377a0 f   c19_VCU_CS75_9_30.obj
 0001:000367d0       sf_opaque_gateway_c19_VCU_CS75_9_30 00000001800377d0 f   c19_VCU_CS75_9_30.obj
 0001:000367f0       sf_gateway_c19_VCU_CS75_9_30 00000001800377f0 f   c19_VCU_CS75_9_30.obj
 0001:00036f10       sf_opaque_get_sim_state_c19_VCU_CS75_9_30 0000000180037f10 f   c19_VCU_CS75_9_30.obj
 0001:00036f30       sf_opaque_set_sim_state_c19_VCU_CS75_9_30 0000000180037f30 f   c19_VCU_CS75_9_30.obj
 0001:00036f60       sf_opaque_terminate_c19_VCU_CS75_9_30 0000000180037f60 f   c19_VCU_CS75_9_30.obj
 0001:00037000       finalize_c19_VCU_CS75_9_30 0000000180038000 f   c19_VCU_CS75_9_30.obj
 0001:00037010       sf_opaque_init_subchart_simstructs 0000000180038010 f   c19_VCU_CS75_9_30.obj
 0001:00037030       initSimStructsc19_VCU_CS75_9_30 0000000180038030 f   c19_VCU_CS75_9_30.obj
 0001:00037040       mdlRTW_c19_VCU_CS75_9_30   0000000180038040 f   c19_VCU_CS75_9_30.obj
 0001:00037850       get_sim_state_c26_VCU_CS75_9_30 0000000180038850 f   c26_VCU_CS75_9_30.obj
 0001:000379f0       sf_get_sim_state_info_c26_VCU_CS75_9_30 00000001800389f0 f   c26_VCU_CS75_9_30.obj
 0001:00037bc0       set_sim_state_c26_VCU_CS75_9_30 0000000180038bc0 f   c26_VCU_CS75_9_30.obj
 0001:00037ca0       c26_update_debugger_state_c26_VCU_CS75_9_30 0000000180038ca0 f   c26_VCU_CS75_9_30.obj
 0001:00037cb0       c26_emlrt_marshallIn       0000000180038cb0 f   c26_VCU_CS75_9_30.obj
 0001:00037d20       c26_b_emlrt_marshallIn     0000000180038d20 f   c26_VCU_CS75_9_30.obj
 0001:00037db0       c26_d_emlrt_marshallIn     0000000180038db0 f   c26_VCU_CS75_9_30.obj
 0001:00037e10       c26_e_emlrt_marshallIn     0000000180038e10 f   c26_VCU_CS75_9_30.obj
 0001:00037f10       mdlProcessParameters_c26_VCU_CS75_9_30 0000000180038f10 f   c26_VCU_CS75_9_30.obj
 0001:00037ff0       initialize_params_c26_VCU_CS75_9_30 0000000180038ff0 f   c26_VCU_CS75_9_30.obj
 0001:00038000       mdlSetWorkWidths_c26_VCU_CS75_9_30 0000000180039000 f   c26_VCU_CS75_9_30.obj
 0001:00038500       sf_get_instance_specialization 0000000180039500 f   c26_VCU_CS75_9_30.obj
 0001:00038510       mdlStart_c26_VCU_CS75_9_30 0000000180039510 f   c26_VCU_CS75_9_30.obj
 0001:00038740       init_dsm_address_info      0000000180039740 f   c26_VCU_CS75_9_30.obj
 0001:00038750       chart_debug_initialization 0000000180039750 f   c26_VCU_CS75_9_30.obj
 0001:000390f0       init_script_number_translation 000000018003a0f0 f   c26_VCU_CS75_9_30.obj
 0001:00039110       c26_sf_marshallOut         000000018003a110 f   c26_VCU_CS75_9_30.obj
 0001:000391c0       c26_sf_marshallIn          000000018003a1c0 f   c26_VCU_CS75_9_30.obj
 0001:00039260       sf_opaque_initialize_c26_VCU_CS75_9_30 000000018003a260 f   c26_VCU_CS75_9_30.obj
 0001:000392a0       initialize_c26_VCU_CS75_9_30 000000018003a2a0 f   c26_VCU_CS75_9_30.obj
 0001:000392f0       sf_opaque_enable_c26_VCU_CS75_9_30 000000018003a2f0 f   c26_VCU_CS75_9_30.obj
 0001:00039310       enable_c26_VCU_CS75_9_30   000000018003a310 f   c26_VCU_CS75_9_30.obj
 0001:00039340       sf_opaque_disable_c26_VCU_CS75_9_30 000000018003a340 f   c26_VCU_CS75_9_30.obj
 0001:00039360       disable_c26_VCU_CS75_9_30  000000018003a360 f   c26_VCU_CS75_9_30.obj
 0001:00039390       sf_opaque_gateway_c26_VCU_CS75_9_30 000000018003a390 f   c26_VCU_CS75_9_30.obj
 0001:000393b0       sf_gateway_c26_VCU_CS75_9_30 000000018003a3b0 f   c26_VCU_CS75_9_30.obj
 0001:00039dc0       sf_opaque_get_sim_state_c26_VCU_CS75_9_30 000000018003adc0 f   c26_VCU_CS75_9_30.obj
 0001:00039de0       sf_opaque_set_sim_state_c26_VCU_CS75_9_30 000000018003ade0 f   c26_VCU_CS75_9_30.obj
 0001:00039e10       sf_opaque_terminate_c26_VCU_CS75_9_30 000000018003ae10 f   c26_VCU_CS75_9_30.obj
 0001:00039eb0       finalize_c26_VCU_CS75_9_30 000000018003aeb0 f   c26_VCU_CS75_9_30.obj
 0001:00039ec0       sf_opaque_init_subchart_simstructs 000000018003aec0 f   c26_VCU_CS75_9_30.obj
 0001:00039ee0       initSimStructsc26_VCU_CS75_9_30 000000018003aee0 f   c26_VCU_CS75_9_30.obj
 0001:00039ef0       mdlRTW_c26_VCU_CS75_9_30   000000018003aef0 f   c26_VCU_CS75_9_30.obj
 0001:00039fa0       c27_info_helper            000000018003afa0 f   c27_VCU_CS75_9_30.obj
 0001:0003b070       c27_emlrt_marshallOut      000000018003c070 f   c27_VCU_CS75_9_30.obj
 0001:0003b100       c27_b_emlrt_marshallOut    000000018003c100 f   c27_VCU_CS75_9_30.obj
 0001:0003b770       get_sim_state_c27_VCU_CS75_9_30 000000018003c770 f   c27_VCU_CS75_9_30.obj
 0001:0003b920       sf_get_sim_state_info_c27_VCU_CS75_9_30 000000018003c920 f   c27_VCU_CS75_9_30.obj
 0001:0003baf0       set_sim_state_c27_VCU_CS75_9_30 000000018003caf0 f   c27_VCU_CS75_9_30.obj
 0001:0003bbd0       c27_update_debugger_state_c27_VCU_CS75_9_30 000000018003cbd0 f   c27_VCU_CS75_9_30.obj
 0001:0003bbe0       c27_emlrt_marshallIn       000000018003cbe0 f   c27_VCU_CS75_9_30.obj
 0001:0003bc50       c27_b_emlrt_marshallIn     000000018003cc50 f   c27_VCU_CS75_9_30.obj
 0001:0003bce0       c27_d_emlrt_marshallIn     000000018003cce0 f   c27_VCU_CS75_9_30.obj
 0001:0003bd40       c27_e_emlrt_marshallIn     000000018003cd40 f   c27_VCU_CS75_9_30.obj
 0001:0003be40       mdlProcessParameters_c27_VCU_CS75_9_30 000000018003ce40 f   c27_VCU_CS75_9_30.obj
 0001:0003bf20       initialize_params_c27_VCU_CS75_9_30 000000018003cf20 f   c27_VCU_CS75_9_30.obj
 0001:0003bf30       mdlSetWorkWidths_c27_VCU_CS75_9_30 000000018003cf30 f   c27_VCU_CS75_9_30.obj
 0001:0003c400       sf_get_instance_specialization 000000018003d400 f   c27_VCU_CS75_9_30.obj
 0001:0003c410       mdlStart_c27_VCU_CS75_9_30 000000018003d410 f   c27_VCU_CS75_9_30.obj
 0001:0003c640       init_dsm_address_info      000000018003d640 f   c27_VCU_CS75_9_30.obj
 0001:0003c650       chart_debug_initialization 000000018003d650 f   c27_VCU_CS75_9_30.obj
 0001:0003ce00       init_script_number_translation 000000018003de00 f   c27_VCU_CS75_9_30.obj
 0001:0003ce20       c27_sf_marshallOut         000000018003de20 f   c27_VCU_CS75_9_30.obj
 0001:0003ced0       c27_sf_marshallIn          000000018003ded0 f   c27_VCU_CS75_9_30.obj
 0001:0003cf70       sf_opaque_initialize_c27_VCU_CS75_9_30 000000018003df70 f   c27_VCU_CS75_9_30.obj
 0001:0003cfb0       initialize_c27_VCU_CS75_9_30 000000018003dfb0 f   c27_VCU_CS75_9_30.obj
 0001:0003d000       sf_opaque_enable_c27_VCU_CS75_9_30 000000018003e000 f   c27_VCU_CS75_9_30.obj
 0001:0003d020       enable_c27_VCU_CS75_9_30   000000018003e020 f   c27_VCU_CS75_9_30.obj
 0001:0003d050       sf_opaque_disable_c27_VCU_CS75_9_30 000000018003e050 f   c27_VCU_CS75_9_30.obj
 0001:0003d070       disable_c27_VCU_CS75_9_30  000000018003e070 f   c27_VCU_CS75_9_30.obj
 0001:0003d0a0       sf_opaque_gateway_c27_VCU_CS75_9_30 000000018003e0a0 f   c27_VCU_CS75_9_30.obj
 0001:0003d0c0       sf_gateway_c27_VCU_CS75_9_30 000000018003e0c0 f   c27_VCU_CS75_9_30.obj
 0001:0003d830       sf_opaque_get_sim_state_c27_VCU_CS75_9_30 000000018003e830 f   c27_VCU_CS75_9_30.obj
 0001:0003d850       sf_opaque_set_sim_state_c27_VCU_CS75_9_30 000000018003e850 f   c27_VCU_CS75_9_30.obj
 0001:0003d880       sf_opaque_terminate_c27_VCU_CS75_9_30 000000018003e880 f   c27_VCU_CS75_9_30.obj
 0001:0003d920       finalize_c27_VCU_CS75_9_30 000000018003e920 f   c27_VCU_CS75_9_30.obj
 0001:0003d930       sf_opaque_init_subchart_simstructs 000000018003e930 f   c27_VCU_CS75_9_30.obj
 0001:0003d950       initSimStructsc27_VCU_CS75_9_30 000000018003e950 f   c27_VCU_CS75_9_30.obj
 0001:0003d960       mdlRTW_c27_VCU_CS75_9_30   000000018003e960 f   c27_VCU_CS75_9_30.obj
 0001:0003e170       get_sim_state_c28_VCU_CS75_9_30 000000018003f170 f   c28_VCU_CS75_9_30.obj
 0001:0003e320       sf_get_sim_state_info_c28_VCU_CS75_9_30 000000018003f320 f   c28_VCU_CS75_9_30.obj
 0001:0003e4f0       set_sim_state_c28_VCU_CS75_9_30 000000018003f4f0 f   c28_VCU_CS75_9_30.obj
 0001:0003e5d0       c28_update_debugger_state_c28_VCU_CS75_9_30 000000018003f5d0 f   c28_VCU_CS75_9_30.obj
 0001:0003e5e0       c28_emlrt_marshallIn       000000018003f5e0 f   c28_VCU_CS75_9_30.obj
 0001:0003e650       c28_b_emlrt_marshallIn     000000018003f650 f   c28_VCU_CS75_9_30.obj
 0001:0003e6e0       c28_d_emlrt_marshallIn     000000018003f6e0 f   c28_VCU_CS75_9_30.obj
 0001:0003e740       c28_e_emlrt_marshallIn     000000018003f740 f   c28_VCU_CS75_9_30.obj
 0001:0003e840       mdlProcessParameters_c28_VCU_CS75_9_30 000000018003f840 f   c28_VCU_CS75_9_30.obj
 0001:0003e920       initialize_params_c28_VCU_CS75_9_30 000000018003f920 f   c28_VCU_CS75_9_30.obj
 0001:0003e930       mdlSetWorkWidths_c28_VCU_CS75_9_30 000000018003f930 f   c28_VCU_CS75_9_30.obj
 0001:0003ee30       sf_get_instance_specialization 000000018003fe30 f   c28_VCU_CS75_9_30.obj
 0001:0003ee40       mdlStart_c28_VCU_CS75_9_30 000000018003fe40 f   c28_VCU_CS75_9_30.obj
 0001:0003f070       init_dsm_address_info      0000000180040070 f   c28_VCU_CS75_9_30.obj
 0001:0003f080       chart_debug_initialization 0000000180040080 f   c28_VCU_CS75_9_30.obj
 0001:0003f9f0       init_script_number_translation 00000001800409f0 f   c28_VCU_CS75_9_30.obj
 0001:0003fa10       c28_sf_marshallOut         0000000180040a10 f   c28_VCU_CS75_9_30.obj
 0001:0003fac0       c28_sf_marshallIn          0000000180040ac0 f   c28_VCU_CS75_9_30.obj
 0001:0003fb60       sf_opaque_initialize_c28_VCU_CS75_9_30 0000000180040b60 f   c28_VCU_CS75_9_30.obj
 0001:0003fba0       initialize_c28_VCU_CS75_9_30 0000000180040ba0 f   c28_VCU_CS75_9_30.obj
 0001:0003fbf0       sf_opaque_enable_c28_VCU_CS75_9_30 0000000180040bf0 f   c28_VCU_CS75_9_30.obj
 0001:0003fc10       enable_c28_VCU_CS75_9_30   0000000180040c10 f   c28_VCU_CS75_9_30.obj
 0001:0003fc40       sf_opaque_disable_c28_VCU_CS75_9_30 0000000180040c40 f   c28_VCU_CS75_9_30.obj
 0001:0003fc60       disable_c28_VCU_CS75_9_30  0000000180040c60 f   c28_VCU_CS75_9_30.obj
 0001:0003fc90       sf_opaque_gateway_c28_VCU_CS75_9_30 0000000180040c90 f   c28_VCU_CS75_9_30.obj
 0001:0003fcb0       sf_gateway_c28_VCU_CS75_9_30 0000000180040cb0 f   c28_VCU_CS75_9_30.obj
 0001:00040620       sf_opaque_get_sim_state_c28_VCU_CS75_9_30 0000000180041620 f   c28_VCU_CS75_9_30.obj
 0001:00040640       sf_opaque_set_sim_state_c28_VCU_CS75_9_30 0000000180041640 f   c28_VCU_CS75_9_30.obj
 0001:00040670       sf_opaque_terminate_c28_VCU_CS75_9_30 0000000180041670 f   c28_VCU_CS75_9_30.obj
 0001:00040710       finalize_c28_VCU_CS75_9_30 0000000180041710 f   c28_VCU_CS75_9_30.obj
 0001:00040720       sf_opaque_init_subchart_simstructs 0000000180041720 f   c28_VCU_CS75_9_30.obj
 0001:00040740       initSimStructsc28_VCU_CS75_9_30 0000000180041740 f   c28_VCU_CS75_9_30.obj
 0001:00040750       mdlRTW_c28_VCU_CS75_9_30   0000000180041750 f   c28_VCU_CS75_9_30.obj
 0001:00040e10       get_sim_state_c29_VCU_CS75_9_30 0000000180041e10 f   c29_VCU_CS75_9_30.obj
 0001:00040fb0       sf_get_sim_state_info_c29_VCU_CS75_9_30 0000000180041fb0 f   c29_VCU_CS75_9_30.obj
 0001:00041180       set_sim_state_c29_VCU_CS75_9_30 0000000180042180 f   c29_VCU_CS75_9_30.obj
 0001:00041260       c29_update_debugger_state_c29_VCU_CS75_9_30 0000000180042260 f   c29_VCU_CS75_9_30.obj
 0001:00041270       c29_emlrt_marshallIn       0000000180042270 f   c29_VCU_CS75_9_30.obj
 0001:000412e0       c29_b_emlrt_marshallIn     00000001800422e0 f   c29_VCU_CS75_9_30.obj
 0001:00041370       c29_d_emlrt_marshallIn     0000000180042370 f   c29_VCU_CS75_9_30.obj
 0001:000413d0       c29_e_emlrt_marshallIn     00000001800423d0 f   c29_VCU_CS75_9_30.obj
 0001:000414d0       mdlProcessParameters_c29_VCU_CS75_9_30 00000001800424d0 f   c29_VCU_CS75_9_30.obj
 0001:000415b0       initialize_params_c29_VCU_CS75_9_30 00000001800425b0 f   c29_VCU_CS75_9_30.obj
 0001:000415c0       mdlSetWorkWidths_c29_VCU_CS75_9_30 00000001800425c0 f   c29_VCU_CS75_9_30.obj
 0001:00041a90       sf_get_instance_specialization 0000000180042a90 f   c29_VCU_CS75_9_30.obj
 0001:00041aa0       mdlStart_c29_VCU_CS75_9_30 0000000180042aa0 f   c29_VCU_CS75_9_30.obj
 0001:00041cd0       init_dsm_address_info      0000000180042cd0 f   c29_VCU_CS75_9_30.obj
 0001:00041ce0       chart_debug_initialization 0000000180042ce0 f   c29_VCU_CS75_9_30.obj
 0001:00042490       init_script_number_translation 0000000180043490 f   c29_VCU_CS75_9_30.obj
 0001:000424b0       c29_sf_marshallOut         00000001800434b0 f   c29_VCU_CS75_9_30.obj
 0001:00042560       c29_sf_marshallIn          0000000180043560 f   c29_VCU_CS75_9_30.obj
 0001:00042600       sf_opaque_initialize_c29_VCU_CS75_9_30 0000000180043600 f   c29_VCU_CS75_9_30.obj
 0001:00042640       initialize_c29_VCU_CS75_9_30 0000000180043640 f   c29_VCU_CS75_9_30.obj
 0001:00042690       sf_opaque_enable_c29_VCU_CS75_9_30 0000000180043690 f   c29_VCU_CS75_9_30.obj
 0001:000426b0       enable_c29_VCU_CS75_9_30   00000001800436b0 f   c29_VCU_CS75_9_30.obj
 0001:000426e0       sf_opaque_disable_c29_VCU_CS75_9_30 00000001800436e0 f   c29_VCU_CS75_9_30.obj
 0001:00042700       disable_c29_VCU_CS75_9_30  0000000180043700 f   c29_VCU_CS75_9_30.obj
 0001:00042730       sf_opaque_gateway_c29_VCU_CS75_9_30 0000000180043730 f   c29_VCU_CS75_9_30.obj
 0001:00042750       sf_gateway_c29_VCU_CS75_9_30 0000000180043750 f   c29_VCU_CS75_9_30.obj
 0001:00042e70       sf_opaque_get_sim_state_c29_VCU_CS75_9_30 0000000180043e70 f   c29_VCU_CS75_9_30.obj
 0001:00042e90       sf_opaque_set_sim_state_c29_VCU_CS75_9_30 0000000180043e90 f   c29_VCU_CS75_9_30.obj
 0001:00042ec0       sf_opaque_terminate_c29_VCU_CS75_9_30 0000000180043ec0 f   c29_VCU_CS75_9_30.obj
 0001:00042f60       finalize_c29_VCU_CS75_9_30 0000000180043f60 f   c29_VCU_CS75_9_30.obj
 0001:00042f70       sf_opaque_init_subchart_simstructs 0000000180043f70 f   c29_VCU_CS75_9_30.obj
 0001:00042f90       initSimStructsc29_VCU_CS75_9_30 0000000180043f90 f   c29_VCU_CS75_9_30.obj
 0001:00042fa0       mdlRTW_c29_VCU_CS75_9_30   0000000180043fa0 f   c29_VCU_CS75_9_30.obj
 0001:00043910       getChartInfoFromSimStruct  0000000180044910 f   VCU_CS75_9_30_sfun_registry.obj
 0001:00044fb0       _ssFatalError              0000000180045fb0 f   VCU_CS75_9_30_sfun_registry.obj
 0001:00048060       ProcessMexSfunctionCmdLineCall 0000000180049060 f   VCU_CS75_9_30_sfun_registry.obj
 0001:00048190       sf_debug_api_wrapper       0000000180049190 f   VCU_CS75_9_30_sfun_registry.obj
 0001:000481e0       mdlStart                   00000001800491e0 f   VCU_CS75_9_30_sfun_registry.obj
 0001:00048210       mdl_start_processing       0000000180049210 f   VCU_CS75_9_30_sfun_registry.obj
 0001:000482a0       mdlTerminate               00000001800492a0 f   VCU_CS75_9_30_sfun_registry.obj
 0001:000482d0       mdl_terminate_processing   00000001800492d0 f   VCU_CS75_9_30_sfun_registry.obj
 0001:00048350       mdlInitializeSampleTimes   0000000180049350 f   VCU_CS75_9_30_sfun_registry.obj
 0001:00048380       mdlZeroCrossings           0000000180049380 f   VCU_CS75_9_30_sfun_registry.obj
 0001:000483b0       mdl_zeroCrossings_processing 00000001800493b0 f   VCU_CS75_9_30_sfun_registry.obj
 0001:000483f0       mdlDerivatives             00000001800493f0 f   VCU_CS75_9_30_sfun_registry.obj
 0001:00048420       mdl_derivatives_processing 0000000180049420 f   VCU_CS75_9_30_sfun_registry.obj
 0001:00048470       mdlInitializeConditions    0000000180049470 f   VCU_CS75_9_30_sfun_registry.obj
 0001:000484a0       mdl_initialize_conditions_processing 00000001800494a0 f   VCU_CS75_9_30_sfun_registry.obj
 0001:000484f0       mdlEnable                  00000001800494f0 f   VCU_CS75_9_30_sfun_registry.obj
 0001:00048520       mdl_enable_processing      0000000180049520 f   VCU_CS75_9_30_sfun_registry.obj
 0001:00048560       mdlDisable                 0000000180049560 f   VCU_CS75_9_30_sfun_registry.obj
 0001:00048590       mdl_disable_processing     0000000180049590 f   VCU_CS75_9_30_sfun_registry.obj
 0001:000485d0       mdlOutputs                 00000001800495d0 f   VCU_CS75_9_30_sfun_registry.obj
 0001:00048600       mdl_outputs_processing     0000000180049600 f   VCU_CS75_9_30_sfun_registry.obj
 0001:000486e0       mdl_outputs_continuous_legacy 00000001800496e0 f   VCU_CS75_9_30_sfun_registry.obj
 0001:000487d0       mdlGetTimeOfNextVarHit     00000001800497d0 f   VCU_CS75_9_30_sfun_registry.obj
 0001:00048820       _ProcessMexSfunctionCmdLineCall 0000000180049820 f   VCU_CS75_9_30_sfun_registry.obj
 0001:00048f70       mdlSetWorkWidths           0000000180049f70 f   VCU_CS75_9_30_sfun_registry.obj
 0001:00048fa0       mdlProcessParameters       0000000180049fa0 f   VCU_CS75_9_30_sfun_registry.obj
 0001:00048fd0       mdlInitializeSizes         0000000180049fd0 f   VCU_CS75_9_30_sfun_registry.obj
 0001:00049000       mdlExtModeExec             000000018004a000 f   VCU_CS75_9_30_sfun_registry.obj
 0001:00049030       mdl_ext_mode_exec_processing 000000018004a030 f   VCU_CS75_9_30_sfun_registry.obj
 0001:00049070       mdlRTW                     000000018004a070 f   VCU_CS75_9_30_sfun_registry.obj
 0001:000490b0       _CreateSimStruct           000000018004a0b0 f   VCU_CS75_9_30_sfun_registry.obj
 0001:00049240       _RegNumInputPortsCB        000000018004a240 f   VCU_CS75_9_30_sfun_registry.obj
 0001:000492c0       _RegNumOutputPortsCB       000000018004a2c0 f   VCU_CS75_9_30_sfun_registry.obj
 0001:00049818       pre_c_init                 000000018004a818 f   MSVCRT:crtdll.obj
 0001:00049ad4       __DllMainCRTStartup        000000018004aad4 f   MSVCRT:crtdll.obj
 0001:0004a140       __DllMainCRTStartup$filt$0 000000018004b140 f   MSVCRT:crtdll.obj
 0001:0004a170       __DllMainCRTStartup$fin$1  000000018004b170 f   MSVCRT:crtdll.obj
 0001:0004a18a       _onexit$fin$0              000000018004b18a f   MSVCRT:atonexit.obj
 0001:0004a1b0       _IsNonwritableInCurrentImage$filt$0 000000018004b1b0 f   MSVCRT:pesect.obj
